07-02 17:05:27.090   658  1615 W ContextImpl: Calling a method in the system process without a qualified user: android.app.ContextImpl.sendBroadcastMultiplePermissions:1354 com.android.server.TelephonyRegistry.broadcastServiceStateChanged:4180 com.android.server.TelephonyRegistry.notifyServiceStateForPhoneId:1848 com.android.internal.telephony.ITelephonyRegistry$Stub.onTransact:613 android.os.Binder.execTransactInternal:1409 
07-02 17:05:27.091  1042  1042 D ServiceStateProvider: subId=1
07-02 17:05:27.096   880   880 I wpa_supplicant: wlan0: CTRL-EVENT-DSCP-POLICY clear_all
07-02 17:05:27.096   880   880 I wpa_supplicant: nl80211: deinit ifname=wlan0 disabled_11b_rates=0
07-02 17:05:27.096   880   880 I BpBinder: onLastStrongRef automatically unlinking death recipients: android.hardware.wifi.supplicant.ISupplicantStaIfaceCallback
07-02 17:05:27.097   658  1148 W IPCThreadState: Sending oneway calls to frozen process.
07-02 17:05:27.097  1006  1119 D IpClient/wlan0: interfaceLinkStateChanged: ifindex 16 down
07-02 17:05:27.098   576   576 I wificond: Unsubscribe scan result for interface with index: 16
07-02 17:05:27.100  5550  5550 D CarrierDefaultBroadcastReceiver: apply carrier action idx: 6
07-02 17:05:27.100  5550  5550 D CarrierActionUtils: onCancelAllNotifications
07-02 17:05:27.103  5550  5550 D CarrierDefaultBroadcastReceiver: apply carrier action idx: 8
07-02 17:05:27.103  5550  5550 D CarrierActionUtils: onDisableDefaultURLHandler
07-02 17:05:27.105  1015  1231 I bluetooth_core::gatt:..: clearing advertisers associated with ServerId(47)
07-02 17:05:27.107  3537  3537 D CellBroadcastReceiver: onServiceStateChanged, ss: 0
07-02 17:05:27.111  1015  1015 W LeAudioService: getLeAudioService(): service is NULL
07-02 17:05:27.111  1015  1015 I BluetoothMcpService: Cleanup Mcp Service
07-02 17:05:27.111  1015  1015 W BluetoothMcpService: cleanup() called before initialization
07-02 17:05:27.112  3537  3537 D CellBroadcastReceiver: networkOperator: 
07-02 17:05:27.113  1042  1042 I Telephony: TelecomAccountRegistry$TelecomAccountTelephonyCallback: TelecomAccountRegistry: onServiceStateChanged: newState=0, mServiceState=0
07-02 17:05:27.113  1015  1015 I BtOppService: Cleanup BluetoothOpp Service
07-02 17:05:27.113  1042  1042 W Telephony: registerMmTelCapabilityCallback: registration failed, no ImsService available. Exception: code: 1
07-02 17:05:27.115  1015  1229 I bt_btif_sock_rfcomm: system/btif/src/btif_sock_rfc.cc:542 cleanup_rfc_slot: disconnected from RFCOMM socket connections for device: 00:00:00:00:00:00, scn: 6, app_uid: 1002, slot_id: 3, socket_id: 0
07-02 17:05:27.115  1015  1229 I bluetooth: system/btif/src/btif_sock_l2cap.cc:254 btsock_l2cap_free_l: Disconnected L2CAP connection for device: 00:00:00:00:00:00, channel: 4101, app_uid: 1002, id: 3, is_le: false, socket_id: 0
07-02 17:05:27.115  1015  1179 I bt_port_api: system/stack/rfcomm/port_api.cc:353 RFCOMM_RemoveServer: handle=16
07-02 17:05:27.115  1015  1229 I bluetooth: system/btif/src/btif_sock_l2cap.cc:284 btsock_l2cap_free_l: Application has already closed l2cap socket socket_id:3
07-02 17:05:27.116  1015  1179 I bluetooth: system/btif/src/btif_sock_l2cap.cc:693 on_l2cap_close: Unable to find probably already closed l2cap socket with socket_id:3
07-02 17:05:27.116  1015  1231 E bluetooth_core::gatt:..: failed to remove GATT service AttHandle(40) for server ServerId(47) with error: server ServerId(47) not opened
07-02 17:05:27.117  1015  1179 I gatt_api: system/stack/gatt/gatt_api.cc:1337 GATT_Deregister: gatt_if=47
07-02 17:05:27.121   576   576 I wificond: tearDownClientInterface: erasing wiphy_index for iface_name wlan0
07-02 17:05:27.121   576   576 I wificond: remove channel type 0 support at wiphy index 1
07-02 17:05:27.121   576   576 I wificond: remove channel type 1 support at wiphy index 1
07-02 17:05:27.122  1006  1119 D IpClient/wlan0: interfaceLinkStateChanged: ifindex 16 down
07-02 17:05:27.124  1006  1119 D IpClient/wlan0: routeRemoved: fe80::/64 -> :: wlan0 mtu 0
07-02 17:05:27.130  1006  1119 D IpClient/wlan0: routeRemoved: fec0::/64 -> :: wlan0 mtu 0
07-02 17:05:27.130   658   728 D ActivityManager: sync unfroze 3540 com.google.android.gms.ui for 6
07-02 17:05:27.130  1006  1119 D IpClient/wlan0: routeRemoved: ::/0 -> fe80::2 wlan0 mtu 0
07-02 17:05:27.133  1015  1015 I PanService: Cleanup Pan Service
07-02 17:05:27.133  1015  1015 I TetheringManager: unregisterTetheringEventCallback caller:com.google.android.bluetooth
07-02 17:05:27.134  1015  1015 W BluetoothPanServiceJni: android/app/jni/com_android_bluetooth_pan.cpp:147 cleanupNative: Cleaning up Bluetooth PAN Interface...
07-02 17:05:27.134  1015  1015 W BluetoothPanServiceJni: android/app/jni/com_android_bluetooth_pan.cpp:153 cleanupNative: Cleaning up Bluetooth PAN callback object
07-02 17:05:27.135  1015  1179 I bt_bta_dm: system/bta/dm/bta_dm_act.cc:1546 bta_dm_eir_update_uuid: EIR Removing UUID=0x1116 from extended inquiry response
07-02 17:05:27.135  1015  1179 I bt_bta_dm: system/bta/dm/bta_dm_act.cc:1273 bta_dm_set_eir: Generating extended inquiry response packet EIR
07-02 17:05:27.135  1015  1179 I bt_bta_dm: system/bta/dm/bta_dm_act.cc:1546 bta_dm_eir_update_uuid: EIR Removing UUID=0x1117 from extended inquiry response
07-02 17:05:27.135  1015  1179 I bt_bta_dm: system/bta/dm/bta_dm_act.cc:1273 bta_dm_set_eir: Generating extended inquiry response packet EIR
07-02 17:05:27.135  1015  1179 I bt_bta_dm: system/bta/dm/bta_dm_act.cc:1546 bta_dm_eir_update_uuid: EIR Removing UUID=0x1115 from extended inquiry response
07-02 17:05:27.135  1015  1179 I bt_bta_dm: system/bta/dm/bta_dm_act.cc:1273 bta_dm_set_eir: Generating extended inquiry response packet EIR
07-02 17:05:27.135  1015  1015 I BluetoothPbapService: Cleanup BluetoothPbap Service
07-02 17:05:27.136  1015  1264 I bt_btif_storage: system/btif/src/btif_storage.cc:643 btif_storage_get_adapter_property: Service_mask=0x20000000
07-02 17:05:27.137  1015  1229 I bt_btif_sock_rfcomm: system/btif/src/btif_sock_rfc.cc:542 cleanup_rfc_slot: disconnected from RFCOMM socket connections for device: 00:00:00:00:00:00, scn: 5, app_uid: 1002, slot_id: 2, socket_id: 0
07-02 17:05:27.137  1015  1229 I bluetooth: system/btif/src/btif_sock_l2cap.cc:254 btsock_l2cap_free_l: Disconnected L2CAP connection for device: 00:00:00:00:00:00, channel: 4099, app_uid: 1002, id: 2, is_le: false, socket_id: 0
07-02 17:05:27.137  1015  1179 I bt_port_api: system/stack/rfcomm/port_api.cc:353 RFCOMM_RemoveServer: handle=15
07-02 17:05:27.137  1015  1229 I bluetooth: system/btif/src/btif_sock_l2cap.cc:284 btsock_l2cap_free_l: Application has already closed l2cap socket socket_id:2
07-02 17:05:27.137  1015  1179 I bluetooth: system/btif/src/btif_sock_l2cap.cc:693 on_l2cap_close: Unable to find probably already closed l2cap socket with socket_id:2
07-02 17:05:27.140  1006  1119 D IpClient/wlan0: addressRemoved: fec0::5120:91d:54b2:f2cd/64 on ifindex 16 flags 0x00000001 scope 200
07-02 17:05:27.141  1006  1119 D IpClient/wlan0: addressRemoved: fec0::a1fc:f310:aee7:b445/64 on ifindex 16 flags 0x00000900 scope 200
07-02 17:05:27.142  1006  1119 D IpClient/wlan0: addressRemoved: fe80::4748:8a96:8bb3:e6bc/64 on ifindex 16 flags 0x00000880 scope 253
07-02 17:05:27.143  3537  3537 D CellBroadcastReceiver: onReceive Intent { act=android.intent.action.SERVICE_STATE flg=0x1000010 xflg=0x4 cmp=com.google.android.cellbroadcastreceiver/com.android.cellbroadcastreceiver.CellBroadcastReceiver (has extras) }
07-02 17:05:27.145  3537  3537 D CellBroadcastReceiver: onServiceStateChanged, ss: 3
07-02 17:05:27.148  1042  1234 D AccessControllerMetricsStats: setTriggeringEvent: triggering event = 1
07-02 17:05:27.149  1042  1234 D AccessControllerMetricsStats: setTriggeringEvent: triggering event = 2
07-02 17:05:27.149   658   795 I SupplicantStaIfaceHalAidlImpl: Terminate supplicant service
07-02 17:05:27.150   880   880 I wpa_supplicant: Terminating...
07-02 17:05:27.151  1015  1015 I AdapterProperties: adapterPropertyChangedCallback with type:3 len:64
07-02 17:05:27.153  1015  1015 I AdapterProperties: adapterPropertyChangedCallback with type:3 len:32
07-02 17:05:27.153  1015  1015 I AdapterProperties: adapterPropertyChangedCallback with type:3 len:32
07-02 17:05:27.153  1015  1015 I AdapterProperties: adapterPropertyChangedCallback with type:3 len:32
07-02 17:05:27.153  1015  1015 I AdapterProperties: adapterPropertyChangedCallback with type:3 len:16
07-02 17:05:27.153  1015  1015 I AdapterProperties: adapterPropertyChangedCallback with type:3 len:0
07-02 17:05:27.154  1015  1015 I AdapterState: BLE_ON : entered 
07-02 17:05:27.154   658  1148 D BluetoothSystemServer: BluetoothManagerService: IBluetoothCallback.onBluetoothStateChange: prevState=TURNING_OFF newState=BLE_ON
07-02 17:05:27.154   658   763 D BluetoothSystemServer: BluetoothManagerService: MESSAGE_BLUETOOTH_STATE_CHANGE: prevState=TURNING_OFF newState=BLE_ON
07-02 17:05:27.154   658   763 D BluetoothSystemServer: BluetoothManagerService: broadcastIntentStateChange: action=BLE_STATE_CHANGED prevState=TURNING_OFF newState=BLE_ON
07-02 17:05:27.154  1042  1042 I Telephony: isRttCurrentlySupported -- regular acct, hasVoiceAvailability: false
07-02 17:05:27.154  1042  1042 I Telephony:  isRttSupported: false
07-02 17:05:27.154  1042  1042 I Telephony:  alwaysAllowWhileRoaming: false
07-02 17:05:27.154  1042  1042 I Telephony:  isRoaming: false
07-02 17:05:27.154  1042  1042 I Telephony:  isOnWfc: false
07-02 17:05:27.154  1042  1234 D ControllerMetricsStats: reportFailedSatelliteAccessCheckCount:ControllerParams(, countOfSatelliteServiceEnablementsSuccess=0, countOfSatelliteServiceEnablementsFail=0, countOfOutgoingDatagramSuccess=0, countOfOutgoingDatagramFail=0, countOfIncomingDatagramSuccess=0, countOfIncomingDatagramFail=0, countOfDatagramTypeSosSms=0, countOfDatagramTypeSosSms=0, countOfDatagramTypeLocationSharing=0, countOfDatagramTypeLocationSharing=0, serviceUptimeSec=0, batteryConsumptionPercent=0, batteryChargedTimeSec=0, countOfDemoModeSatelliteServiceEnablementsSuccess=0, countOfDemoModeSatelliteServiceEnablementsFail=0, countOfDemoModeOutgoingDatagramSuccess=0, countOfDemoModeOutgoingDatagramFail=0, countOfDemoModeIncomingDatagramSuccess=0, countOfDemoModeIncomingDatagramFail=0, countOfDatagramTypeKeepAliveSuccess=0, countOfDatagramTypeKeepAliveFail=0, countOfAllowedSatelliteAccess=0, countOfDisallowedSatelliteAccess=0, countOfSatelliteAccessCheckFail=1, isProvisioned=false, carrierId=-1, countOfSatelliteAllowedStateChangedEvents=0, countOfSuccessfulLocationQueries=0, countOfFailedLocationQueries=0, countOfP2PSmsAvailableNotificationShown=0, countOfP2PSmsAvailableNotificationRemoved=0, versionOfSatelliteAccessConfig=0)
07-02 17:05:27.154  1042  1234 D ControllerMetricsStats: reportCurrentVersionOfSatelliteAccessConfig:0
07-02 17:05:27.155  1042  1234 D AccessControllerMetricsStats: setLocationQueryTimeMillis: location query time = 0
07-02 17:05:27.155  1042  1234 D AccessControllerMetricsStats: setTotalCheckingTime: location query time = 6
07-02 17:05:27.155  1042  1234 D AccessControllerMetricsStats: setIsAllowed: allowed=false
07-02 17:05:27.155   658   763 D BluetoothSystemServer: BluetoothManagerService: Broadcasting sendBluetoothOffCallback() to 9 receivers.
07-02 17:05:27.155   658   763 D BluetoothAdapter: onBluetoothOff
07-02 17:05:27.155   658   763 D BluetoothAdapter: HEADSET disconnected
07-02 17:05:27.155   658  1615 I Telecom : TelecomServiceImpl$1: isInEmergencyCall: false: TSI.iIEC@AJw
07-02 17:05:27.155   658   763 D BluetoothAdapter: HEARING_AID disconnected
07-02 17:05:27.155   658   763 D BluetoothAdapter: HEARING_AID disconnected
07-02 17:05:27.155   658   763 D BluetoothAdapter: A2DP disconnected
07-02 17:05:27.156   658   763 D BluetoothAdapter: HEARING_AID disconnected
07-02 17:05:27.156  1042  1234 D AccessControllerMetricsStats: setIsEmergency: emergency =false
07-02 17:05:27.156  1042  1234 D AccessControllerMetricsStats: setResult: result = 10
07-02 17:05:27.156   658   763 D BluetoothAdapter: HEADSET disconnected
07-02 17:05:27.156  1042  1234 D AccessControllerMetricsStats: setCarrierId: Carrier ID = -1
07-02 17:05:27.156  1042  1234 D AccessControllerMetricsStats: setIsNtnOnlyCarrier: isNtnOnlyCarrier = false
07-02 17:05:27.156   658   763 D BluetoothAdapter: A2DP disconnected
07-02 17:05:27.156  1042  1234 D AccessControllerMetricsStats: reportAccessControllerMetrics: AccessControllerParams(, AccessControlType=0, LocationQueryTime=0, OnDeviceLookupTime=0, TotalCheckingTime=6, IsAllowed=false, IsEmergency=false, ResultCode=10, CountryCodes=[], ConfigDataSource=0, CarrierId=-1, TriggeringEvent=2, IsNtnOnlyCarrier=false)
07-02 17:05:27.156  3263  3301 D BluetoothAdapter: onBluetoothOff
07-02 17:05:27.157  3263  3301 D BluetoothAdapter: PBAP disconnected
07-02 17:05:27.157  3263  3301 D BluetoothAdapter: A2DP disconnected
07-02 17:05:27.158  3263  3301 D BluetoothAdapter: HID_HOST disconnected
07-02 17:05:27.158  3263  3301 D BluetoothAdapter: HID_DEVICE disconnected
07-02 17:05:27.158  3263  3301 D BluetoothAdapter: HEARING_AID disconnected
07-02 17:05:27.158  3263  3301 D BluetoothAdapter: MAP disconnected
07-02 17:05:27.158   658   763 W IPCThreadState: Sending oneway calls to frozen process.
07-02 17:05:27.158   658   763 I BluetoothSystemServer: BluetoothManagerService: sendBrEdrDownCallback: Stopping ble
07-02 17:05:27.158   658   763 D BluetoothSystemServer: BluetoothManagerService: bleOnToOff: Sending request
07-02 17:05:27.159   658   763 D BluetoothSystemServer: BluetoothManagerService: broadcastIntentStateChange: action=BLE_STATE_CHANGED prevState=BLE_ON newState=BLE_TURNING_OFF
07-02 17:05:27.159  1208  2209 D BluetoothAdapter: onBluetoothOff
07-02 17:05:27.160   895  1296 D BluetoothAdapter: onBluetoothOff
07-02 17:05:27.160   895  1296 D BluetoothAdapter: HID_DEVICE disconnected
07-02 17:05:27.160   895  1296 D BluetoothAdapter: PAN disconnected
07-02 17:05:27.160   658   763 D BluetoothSystemServer: BluetoothManagerService: broadcastIntentStateChange: action=STATE_CHANGED prevState=TURNING_OFF newState=OFF
07-02 17:05:27.160  1649  3152 D BluetoothAdapter: onBluetoothOff
07-02 17:05:27.162  3263  3301 D BluetoothAdapter: HEADSET disconnected
07-02 17:05:27.164  3263  3301 D BluetoothAdapter: PAN disconnected
07-02 17:05:27.165  1361  1375 D BluetoothAdapter: onBluetoothOff
07-02 17:05:27.165  1361  1375 D BluetoothAdapter: HEADSET disconnected
07-02 17:05:27.166  1015  1015 I AdapterState: BLE_TURNING_OFF : entered 
07-02 17:05:27.166   658  1148 D BluetoothSystemServer: BluetoothManagerService: IBluetoothCallback.onBluetoothStateChange: prevState=BLE_ON newState=BLE_TURNING_OFF
07-02 17:05:27.166  1042  1143 D BluetoothAdapter: onBluetoothOff
07-02 17:05:27.167   658   763 D BluetoothSystemServer: BluetoothManagerService: MESSAGE_BLUETOOTH_STATE_CHANGE: prevState=BLE_ON newState=BLE_TURNING_OFF
07-02 17:05:27.167   658   763 D BluetoothSystemServer: BluetoothManagerService: bluetoothStateChangeHandler: Already in state BLE_TURNING_OFF
07-02 17:05:27.167   895  1296 D BluetoothAdapter: HID_HOST disconnected
07-02 17:05:27.167  1042  1143 D BluetoothAdapter: HEADSET disconnected
07-02 17:05:27.167   895  1296 D BluetoothAdapter: MAP disconnected
07-02 17:05:27.167   895  1296 D BluetoothAdapter: PBAP disconnected
07-02 17:05:27.167   895  1296 D BluetoothAdapter: HEARING_AID disconnected
07-02 17:05:27.167   895  1296 D BluetoothAdapter: A2DP disconnected
07-02 17:05:27.167  1015  1015 I BluetoothAdapterService: stopGattProfileService() called
07-02 17:05:27.167   895  1296 D BluetoothAdapter: HEADSET disconnected
07-02 17:05:27.170  1015  1179 I bt_btif_core: system/btif/src/btif_core.cc:562 btif_set_scan_mode: set scan mode : 0
07-02 17:05:27.177   658   658 I Telecom : BluetoothDeviceManager: Lost BluetoothHeadset service. Removing all tracked devices: BPSL.oSD@AJ0
07-02 17:05:27.181  1015  1015 I BtGatt.GattService: Cleanup Gatt Service
07-02 17:05:27.182   658   658 I Telecom : CallAudioCommunicationDeviceTracker: clearCommunicationDevice: type = 23, isBtDevice = true: BPSL.oSD@AJ4
07-02 17:05:27.182   658   658 I Telecom : CallAudioCommunicationDeviceTracker: Unable to clear communication device of type(s) 23. Device does not correspond to the locally requested device type -1.: BPSL.oSD@AJ4
07-02 17:05:27.182   658   658 I Telecom : BluetoothDeviceManager: Lost BluetoothHearingAid service. Removing all tracked devices.: BPSL.oSD@AJ4
07-02 17:05:27.184   658  1615 W SupplicantStaIfaceHalAidlImpl: ISupplicant binder died. who=android.os.BinderProxy@738a1e8, service=android.os.BinderProxy@738a1e8
07-02 17:05:27.184   658  1615 W SupplicantStaIfaceHalAidlImpl: Handle supplicant death
07-02 17:05:27.185   658   795 D SupplicantStaIfaceHalAidlImpl: Got service death confirmation
07-02 17:05:27.185   658   795 D WifiNl80211Manager: tearing down interfaces in wificond
07-02 17:05:27.185   658  1615 I SupplicantStaIfaceHalAidlImpl: Clearing internal state
07-02 17:05:27.186   658   658 I AS.BtHelper: BT profile service: disconnecting HEARING_AID profile
07-02 17:05:27.188   658   658 I AS.BtHelper: BT profile service: disconnecting HEADSET profile
07-02 17:05:27.188   658   658 I AS.BtHelper: BT profile service: disconnecting A2DP profile
07-02 17:05:27.190  1015  1179 I gatt_api: system/stack/gatt/gatt_api.cc:1337 GATT_Deregister: gatt_if=44
07-02 17:05:27.192   658   658 D BluetoothAdapter: isLeEnabled(): BLE_TURNING_OFF
07-02 17:05:27.192   658   658 I CDM_BleDeviceProcessor: stopBleScan()
07-02 17:05:27.193   658   658 D BluetoothAdapter: isLeEnabled(): BLE_TURNING_OFF
07-02 17:05:27.193   658   658 D BluetoothAdapter: isLeEnabled(): BLE_TURNING_OFF
07-02 17:05:27.194   658   816 I AS.BtHelper: BT profile HEARING_AID disconnected
07-02 17:05:27.196  1015  1177 I bt_stack_manager: system/btif/src/stack_manager.cc:348 event_shut_down_stack: is bringing down the stack
07-02 17:05:27.196  1015  1177 I bt_stack_manager: system/btif/src/stack_manager.cc:354 event_shut_down_stack: Stopping rust module
07-02 17:05:27.196  1015  1177 I bt_core_module: system/btcore/src/module.cc:106 module_shut_down: Shutting down module "rust_module"
07-02 17:05:27.197  1015  1231 I bluetooth_core: RustModuleRunner has stopped, shutting down executor thread
07-02 17:05:27.199   658   816 I AS.BtHelper: BT profile HEADSET disconnected
07-02 17:05:27.200   658   816 I AS.BtHelper: BT profile A2DP disconnected
07-02 17:05:27.200  1015  1177 I bt_core_module: system/btcore/src/module.cc:110 module_shut_down: Shutdown of module "rust_module" completed
07-02 17:05:27.201  1015  1229 I bt_btif_sock: system/btif/src/btif_sock_thread.cc:463 sock_poll_thread: h:7, process_cmd_sock return false, exit...
07-02 17:05:27.201  1015  1229 I bt_btif_sock: system/btif/src/btif_sock_thread.cc:479 sock_poll_thread: socket poll thread exiting, h:7
07-02 17:05:27.201  1006  1119 E ConnectivityPacketTracker.wlan0: readPacket error: 
07-02 17:05:27.201  1006  1119 E ConnectivityPacketTracker.wlan0: android.system.ErrnoException: read failed: ENETDOWN (Network is down)
07-02 17:05:27.201  1006  1119 E ConnectivityPacketTracker.wlan0: 	at libcore.io.Linux.readBytes(Native Method)
07-02 17:05:27.201  1006  1119 E ConnectivityPacketTracker.wlan0: 	at libcore.io.Linux.read(Linux.java:229)
07-02 17:05:27.201  1006  1119 E ConnectivityPacketTracker.wlan0: 	at libcore.io.ForwardingOs.read(ForwardingOs.java:618)
07-02 17:05:27.201  1006  1119 E ConnectivityPacketTracker.wlan0: 	at libcore.io.BlockGuardOs.read(BlockGuardOs.java:325)
07-02 17:05:27.201  1006  1119 E ConnectivityPacketTracker.wlan0: 	at libcore.io.ForwardingOs.read(ForwardingOs.java:618)
07-02 17:05:27.201  1006  1119 E ConnectivityPacketTracker.wlan0: 	at android.system.Os.read(Os.java:577)
07-02 17:05:27.201  1006  1119 E ConnectivityPacketTracker.wlan0: 	at com.android.networkstack.com.android.net.module.util.PacketReader.readPacket(PacketReader.java:57)
07-02 17:05:27.201  1006  1119 E ConnectivityPacketTracker.wlan0: 	at com.android.networkstack.com.android.net.module.util.PacketReader.readPacket(PacketReader.java:32)
07-02 17:05:27.201  1006  1119 E ConnectivityPacketTracker.wlan0: 	at com.android.networkstack.com.android.net.module.util.FdEventsReader.handleInput(FdEventsReader.java:248)
07-02 17:05:27.201  1006  1119 E ConnectivityPacketTracker.wlan0: 	at com.android.networkstack.com.android.net.module.util.FdEventsReader.lambda$createAndRegisterFd$0(FdEventsReader.java:228)
07-02 17:05:27.201  1006  1119 E ConnectivityPacketTracker.wlan0: 	at com.android.networkstack.com.android.net.module.util.FdEventsReader.$r8$lambda$jjSC4hVD2AlVH3T-DbWnF2T3fK8(FdEventsReader.java:0)
07-02 17:05:27.201  1006  1119 E ConnectivityPacketTracker.wlan0: 	at com.android.networkstack.com.android.net.module.util.FdEventsReader$$ExternalSyntheticLambda0.onFileDescriptorEvents(R8$$SyntheticClass:0)
07-02 17:05:27.201  1006  1119 E ConnectivityPacketTracker.wlan0: 	at android.os.MessageQueue.dispatchEvents(MessageQueue.java:593)
07-02 17:05:27.201  1006  1119 E ConnectivityPacketTracker.wlan0: 	at android.os.MessageQueue.nativePollOnce(Native Method)
07-02 17:05:27.201  1006  1119 E ConnectivityPacketTracker.wlan0: 	at android.os.MessageQueue.nextConcurrent(MessageQueue.java:830)
07-02 17:05:27.201  1006  1119 E ConnectivityPacketTracker.wlan0: 	at android.os.MessageQueue.next(MessageQueue.java:1013)
07-02 17:05:27.201  1006  1119 E ConnectivityPacketTracker.wlan0: 	at android.os.Looper.loopOnce(Looper.java:196)
07-02 17:05:27.201  1006  1119 E ConnectivityPacketTracker.wlan0: 	at android.os.Looper.loop(Looper.java:338)
07-02 17:05:27.201  1006  1119 E ConnectivityPacketTracker.wlan0: 	at android.os.HandlerThread.run(HandlerThread.java:85)
07-02 17:05:27.202   895   895 D PowerNotificationWarningsGoogleImpl: onReceive: android.bluetooth.adapter.action.STATE_CHANGED
07-02 17:05:27.202   895   895 D IncompatibleChargerNotification: dispatchIntent: android.bluetooth.adapter.action.STATE_CHANGED
07-02 17:05:27.203  1015  1179 I bluetooth: system/bta/jv/bta_jv_act.cc:656 bta_jv_disable: 
07-02 17:05:27.203  1015  1230 W bt_osi_thread: system/osi/src/thread.cc:253 run_thread: thread id 1230, thread name btif_sock
07-02 17:05:27.205  1042  1042 I Telephony: TelecomAccountRegistry: Locale change; re-registering phone accounts.
07-02 17:05:27.205  1042  1042 I Telephony: PstnIncomingCallNotifier: Unregistering: [0]
07-02 17:05:27.205  1015  1184 I bluetooth: system/gd/hci/le_address_manager.cc:274 register_client: Client registered
07-02 17:05:27.208   463   873 D android.hardware.wifi-service: Stopping legacy HAL
07-02 17:05:27.210   463   873 I android.hardware.wifi-service: Legacy HAL stop complete callback received
07-02 17:05:27.210  1042  1042 D Telephony: Unregistering: Handler (com.android.internal.telephony.GsmCdmaPhone) {34622b}
07-02 17:05:27.210  1042  1042 I PhoneInterfaceManager: unregisterMmTelCapabilityCallback: 1 is inactive, ignoring unregister.
07-02 17:05:27.210  1042  1042 I PhoneInterfaceManager: unregisterImsRegistrationCallback: 1is inactive, ignoring unregister.
07-02 17:05:27.212   463   872 D android.hardware.wifi-service: Legacy HAL event loop terminated
07-02 17:05:27.212   463   873 D android.hardware.wifi-service: Legacy HAL stop complete
07-02 17:05:27.214   463   873 I android.hardware.wifi-service: Wifi HAL stopped
07-02 17:05:27.216  1042  1042 I Telephony: TelecomAccountRegistry: setupAccounts: Found 1 phones.  Attempting to register.
07-02 17:05:27.219  1042  1042 I Telephony: TelecomAccountRegistry: setupAccounts: Phone with subscription id 1
07-02 17:05:27.219  1015  1184 I bluetooth: system/gd/hci/le_scanning_manager.cc:1380 on_advertising_filter_complete: Got a Command complete LE_ADV_FILTER(0xfd57), status UNKNOWN_CONNECTION(0x02)
07-02 17:05:27.220   658   795 I WifiVendorHal: Vendor Hal stopped
07-02 17:05:27.221   658   795 I WifiNative: Successfully torn down Iface:{Name=wlan0,Id=0,Type=STA_CONNECTIVITY}
07-02 17:05:27.221  1006  1119 E DhcpClient: readPacket error: 
07-02 17:05:27.221  1006  1119 E DhcpClient: android.system.ErrnoException: read failed: ENETDOWN (Network is down)
07-02 17:05:27.221  1006  1119 E DhcpClient: 	at libcore.io.Linux.readBytes(Native Method)
07-02 17:05:27.221  1006  1119 E DhcpClient: 	at libcore.io.Linux.read(Linux.java:229)
07-02 17:05:27.221  1006  1119 E DhcpClient: 	at libcore.io.ForwardingOs.read(ForwardingOs.java:618)
07-02 17:05:27.221  1006  1119 E DhcpClient: 	at libcore.io.BlockGuardOs.read(BlockGuardOs.java:325)
07-02 17:05:27.221  1006  1119 E DhcpClient: 	at libcore.io.ForwardingOs.read(ForwardingOs.java:618)
07-02 17:05:27.221  1006  1119 E DhcpClient: 	at android.system.Os.read(Os.java:577)
07-02 17:05:27.221  1006  1119 E DhcpClient: 	at com.android.networkstack.android.net.dhcp.DhcpClient$DhcpPacketHandler.readPacket(DhcpClient.java:747)
07-02 17:05:27.221  1006  1119 E DhcpClient: 	at com.android.networkstack.android.net.dhcp.DhcpClient$DhcpPacketHandler.readPacket(DhcpClient.java:693)
07-02 17:05:27.221  1006  1119 E DhcpClient: 	at com.android.networkstack.com.android.net.module.util.FdEventsReader.handleInput(FdEventsReader.java:248)
07-02 17:05:27.221  1006  1119 E DhcpClient: 	at com.android.networkstack.com.android.net.module.util.FdEventsReader.lambda$createAndRegisterFd$0(FdEventsReader.java:228)
07-02 17:05:27.221  1006  1119 E DhcpClient: 	at com.android.networkstack.com.android.net.module.util.FdEventsReader.$r8$lambda$jjSC4hVD2AlVH3T-DbWnF2T3fK8(FdEventsReader.java:0)
07-02 17:05:27.221  1006  1119 E DhcpClient: 	at com.android.networkstack.com.android.net.module.util.FdEventsReader$$ExternalSyntheticLambda0.onFileDescriptorEvents(R8$$SyntheticClass:0)
07-02 17:05:27.221  1006  1119 E DhcpClient: 	at android.os.MessageQueue.dispatchEvents(MessageQueue.java:593)
07-02 17:05:27.221  1006  1119 E DhcpClient: 	at android.os.MessageQueue.nativePollOnce(Native Method)
07-02 17:05:27.221  1006  1119 E DhcpClient: 	at android.os.MessageQueue.nextConcurrent(MessageQueue.java:830)
07-02 17:05:27.221  1006  1119 E DhcpClient: 	at android.os.MessageQueue.next(MessageQueue.java:1013)
07-02 17:05:27.221  1006  1119 E DhcpClient: 	at android.os.Looper.loopOnce(Looper.java:196)
07-02 17:05:27.221  1006  1119 E DhcpClient: 	at android.os.Looper.loop(Looper.java:338)
07-02 17:05:27.221  1006  1119 E DhcpClient: 	at android.os.HandlerThread.run(HandlerThread.java:85)
07-02 17:05:27.221   658   795 D HalDevMgr: updateRttController: no one is interested in RTT controllers
07-02 17:05:27.221   658   795 I WifiNative: Successfully initiated teardown for iface=wlan0
07-02 17:05:27.221   658   795 I WifiClientModeManager[20711:unknown]: StartedState.exit(), setting mRole = null
07-02 17:05:27.222   658   795 D WifiClientModeManager[20711:unknown]: IdleState.exit()
07-02 17:05:27.225  1015  1184 I bluetooth: system/gd/hci/le_address_manager.cc:792 OnCommandComplete: Received command complete with op_code LE_CLEAR_FILTER_ACCEPT_LIST(0x2010)
07-02 17:05:27.225  1015  1184 I bluetooth: system/gd/hci/le_address_manager.cc:403 resume_registered_clients: Resuming registered clients
07-02 17:05:27.227   658   795 D WifiClientModeImpl[20925:wlan0]: ClientModeImpl: Leaving Connected state
07-02 17:05:27.228  1042  1042 V SimultaneousCallingTracker: Device is not simultaneous calling capable
07-02 17:05:27.229   658   795 D WifiCountryCode: evaluateAllCmmStateAndApplyIfAllReady: {ConcreteClientModeManager{id=20711 iface=null role=ROLE_CLIENT_PRIMARY}=true}
07-02 17:05:27.229   658   795 E SupplicantStaIfaceHalAidlImpl: Can't call disableCurrentNetwork, SupplicantStaNetwork for iface=wlan0 is null.
07-02 17:05:27.231  1042  1042 D Telephony: isEmergencyPreferredAccount: subId=1, activeData=1
07-02 17:05:27.231  1042  1042 D Telephony: isEmergencyPreferredAccount: Device does not require preference.
07-02 17:05:27.232  1042  1042 I Telephony: isRttCurrentlySupported -- regular acct, hasVoiceAvailability: false
07-02 17:05:27.232  1042  1042 I Telephony:  isRttSupported: false
07-02 17:05:27.232  1042  1042 I Telephony:  alwaysAllowWhileRoaming: false
07-02 17:05:27.232  1042  1042 I Telephony:  isRoaming: false
07-02 17:05:27.232  1042  1042 I Telephony:  isOnWfc: false
07-02 17:05:27.233   658   795 E SupplicantStaIfaceHalAidlImpl: Can't call listNetworks, ISupplicantStaIface is null for iface=wlan0
07-02 17:05:27.233   658   795 E SupplicantStaIfaceHalAidlImpl: removeAllNetworks failed, got null networks
07-02 17:05:27.233   658   795 E WifiClientModeImpl[20925:wlan0]: Failed to remove networks on exiting connect mode
07-02 17:05:27.238   438   501 E IptablesRestoreController: iptables error:
07-02 17:05:27.238   438   501 E IptablesRestoreController: ------- COMMAND -------
07-02 17:05:27.238   438   501 E IptablesRestoreController: *mangle
07-02 17:05:27.238   438   501 E IptablesRestoreController: -D wakeupctrl_mangle_INPUT -i eth0 -m mark --mark 0x80000000/0x80000000 -m limit --limit 10/s -j NFLOG --nflog-prefix 437197393933:eth0 --nflog-group 3 --nflog-threshold 8
07-02 17:05:27.238   438   501 E IptablesRestoreController: COMMIT
07-02 17:05:27.238   438   501 E IptablesRestoreController: -------  ERROR -------
07-02 17:05:27.238   438   501 E IptablesRestoreController: ip6tables-restore: line 756 failed
07-02 17:05:27.238   438   501 E IptablesRestoreController: ----------------------
07-02 17:05:27.238   438   501 E WakeupController: Status[code: -1, msg: "Failed to execute iptables cmd: *mangle
07-02 17:05:27.238   438   501 E WakeupController: -D wakeupctrl_mangle_INPUT -i eth0 -m mark --mark 0x80000000/0x80000000 -m limit --limit 10/s -j NFLOG --nflog-prefix 437197393933:eth0 --nflog-group 3 --nflog-threshold 8
07-02 17:05:27.238   438   501 E WakeupController: COMMIT
07-02 17:05:27.238   438   501 E WakeupController: , out: "]
07-02 17:05:27.238   658   795 E SupplicantStaIfaceHalAidlImpl: Can't call setPowerSave, ISupplicantStaIface is null for iface=wlan0
07-02 17:05:27.239   658   795 E SupplicantStaIfaceHalAidlImpl: Can't call setBtCoexistenceMode, ISupplicantStaIface is null for iface=wlan0
07-02 17:05:27.241   658   803 E ConnectivityService: Exception modifying wakeup packet monitoring: android.os.ServiceSpecificException: Failed to execute iptables cmd: *mangle
07-02 17:05:27.241   658   803 E ConnectivityService: -D wakeupctrl_mangle_INPUT -i eth0 -m mark --mark 0x80000000/0x80000000 -m limit --limit 10/s -j NFLOG --nflog-prefix 437197393933:eth0 --nflog-group 3 --nflog-threshold 8
07-02 17:05:27.241   658   803 E ConnectivityService: COMMIT
07-02 17:05:27.241   658   803 E ConnectivityService: , out:  (code -1)
07-02 17:05:27.241  1006  1119 D IpClient.wlan0: set max DTIM multiplier to 9
07-02 17:05:27.243   658   795 W ContextImpl: Calling a method in the system process without a qualified user: android.app.ContextImpl.sendStickyBroadcast:1700 com.android.server.wifi.ClientModeImpl.sendNetworkChangeBroadcast:3138 com.android.server.wifi.ClientModeImpl.lambda$sendNetworkChangeBroadcastWithCurrentState$14:3115 com.android.server.wifi.ClientModeImpl.$r8$lambda$mtuS9ulugUkTxNA_sDDnAioo66w:0 com.android.server.wifi.ClientModeImpl$$ExternalSyntheticLambda13.send:0 
07-02 17:05:27.245  1361  1792 I edpg    : #audio# BT-headset-profile disconnected
07-02 17:05:27.249   658   803 D ConnectivityService: NetReassign [no changes] [c 0] [a 0] [i 0]
07-02 17:05:27.254   658   795 D WifiDiags: stopLogging() iface list is {} after removing wlan0
07-02 17:05:27.254   658   795 W WifiDiags: Fail to reset log handler
07-02 17:05:27.261  1006  1119 D DhcpClient: doQuit
07-02 17:05:27.266   438   501 W resolv  : resolv_stats_set_addrs: Network 101 not found for PROTO_DOT
07-02 17:05:27.273  1006  1119 D DhcpClient: DHCP Packet Handler stopped
07-02 17:05:27.273  1006  1119 D DhcpClient: onQuitting
07-02 17:05:27.278  1208  1915 V NativeCrypto: Read error: ssl=0x7a1a1a4dfa18: I/O error during system call, Software caused connection abort
07-02 17:05:27.279   658  1148 D OomAdjuster: Not killing cached processes
07-02 17:05:27.282   658   851 D BackgroundInstallControlService: Package event received: 0
07-02 17:05:27.283   658   851 D BackgroundInstallControlService: Package event received: 0
07-02 17:05:27.284   438   501 W resolv  : resolv_stats_set_addrs: Network 101 not found for PROTO_DOH
07-02 17:05:27.286  1649  1649 D BoundBrokerSvc: onBind: Intent { act=com.google.android.gms.auth.service.START pkg=com.google.android.gms }
07-02 17:05:27.288  1649  1649 D BoundBrokerSvc: Loading bound service for intent: Intent { act=com.google.android.gms.auth.service.START pkg=com.google.android.gms }
07-02 17:05:27.291  1208  4860 V NativeCrypto: SSL shutdown failed: ssl=0x7a1a1a4dfa18: I/O error during system call, Broken pipe
07-02 17:05:27.291  1042  1042 W HWUI    : Image decoding logging dropped!
07-02 17:05:27.292   658   803 D ConnectivityService: [100 WIFI] EVENT_NETWORK_INFO_CHANGED, going from CONNECTED to DISCONNECTED
07-02 17:05:27.293   658   803 D ConnectivityService: [100 WIFI] disconnected, was satisfying 80
07-02 17:05:27.294  1042  1042 I Telephony: TelecomAccountRegistry$AccountEntry: registerPstnPhoneAccount: Registering account=[[ ] PhoneAccount: ComponentInfo{com.android.phone/com.android.services.telephony.TelephonyConnectionService}, 1, UserHandle{0} Capabilities: CallProvider MultiUser PlaceEmerg SimSub  Audio Routes: BESW Schemes: tel voicemail  Extras: Bundle[{android.telecom.extra.SUPPORTS_VIDEO_CALLING_FALLBACK=true}] GroupId: *** SC Restrictions: [ ]] with Telecom. subId=1
07-02 17:05:27.295   658  1615 I Telecom : TelecomServiceImpl$1: registerPhoneAccount: account=[[ ] PhoneAccount: ComponentInfo{com.android.phone/com.android.services.telephony.TelephonyConnectionService}, 1, UserHandle{0} Capabilities: CallProvider MultiUser PlaceEmerg SimSub  Audio Routes: BESW Schemes: tel voicemail  Extras: Bundle[{android.telecom.extra.SUPPORTS_VIDEO_CALLING_FALLBACK=true}] GroupId: *** SC Restrictions: [ ]]: TSI.rPA(cap)@AJ8
07-02 17:05:27.296  1304  5586 I DeviceStatusMonitor: DeviceStatusMonitor.handleBroadcast():135 onReceive() : Action = android.intent.action.AIRPLANE_MODE
07-02 17:05:27.296  1208  4860 W WakeLock: GCM_HB_ALARM release without a matched acquire! [CONTEXT service_id=259 ]
07-02 17:05:27.297   658  1615 I Telecom : PhoneAccountRegistrar: Modify account: [ComponentInfo{com.android.phone/com.android.services.telephony.TelephonyConnectionService}, 1, UserHandle{0}]: TSI.rPA(cap)@AJ8
07-02 17:05:27.298  1208  4860 W WakeLock: GCM_HB_ALARM counter does not exist
07-02 17:05:27.300   658  1615 I Telecom : CallsManager: handlePhoneAccountChanged: phoneAccount=[[X] PhoneAccount: ComponentInfo{com.android.phone/com.android.services.telephony.TelephonyConnectionService}, 1, UserHandle{0} Capabilities: CallProvider MultiUser PlaceEmerg SimSub  Audio Routes: BESW Schemes: tel voicemail  Extras: Bundle[{android.telecom.extra.SUPPORTS_VIDEO_CALLING_FALLBACK=true}] GroupId: *** SC Restrictions: [ ]]: TSI.rPA(cap)@AJ8
07-02 17:05:27.300   658   795 D WifiScanRequestProxy: Sending scan available broadcast: false
07-02 17:05:27.300   658   801 I WifiScanningService: Received a request to disable scanning, UID = 1000
07-02 17:05:27.302   658   801 E WifiNl80211Manager: No valid wificond scanner interface handler for iface=wlan0
07-02 17:05:27.302   658   801 I WifiScanningService: Removed an impl for wlan0
07-02 17:05:27.303   658  1615 I Telecom : PhoneAccountRegistrar: getSimCallManager: SimCallManager for subId 1 queried, returning: null: TSI.rPA(cap)@AJ8
07-02 17:05:27.303   658  1615 I Telecom : PhoneAccountRegistrar: Notifying telephony of voice service override change for 1 SIMs, hasService = false: TSI.rPA(cap)@AJ8
07-02 17:05:27.304  1042  1042 I PhoneInterfaceManager: setVoiceServiceStateOverride: subId=1, phone=Handler (com.android.internal.telephony.GsmCdmaPhone) {34622b}, hasService=false, callingPackage=com.android.server.telecom
07-02 17:05:27.304   658   801 I WifiScanningService: wifi driver unloaded
07-02 17:05:27.304  1042  1042 I Telephony: TelecomAccountRegistry$AccountEntry: Registered phoneAccount: [[ ] PhoneAccount: ComponentInfo{com.android.phone/com.android.services.telephony.TelephonyConnectionService}, 1, UserHandle{0} Capabilities: CallProvider MultiUser PlaceEmerg SimSub  Audio Routes: BESW Schemes: tel voicemail  Extras: Bundle[{android.telecom.extra.SUPPORTS_VIDEO_CALLING_FALLBACK=true}] GroupId: *** SC Restrictions: [ ]] with handle: ComponentInfo{com.android.phone/com.android.services.telephony.TelephonyConnectionService}, 1, UserHandle{0}
07-02 17:05:27.305  1042  1042 I Telephony: PstnIncomingCallNotifier: Registering: [0]
07-02 17:05:27.305  1042  1042 D Telephony: Registering: Handler (com.android.internal.telephony.GsmCdmaPhone) {34622b}
07-02 17:05:27.305  1208  4860 I AlarmManager: setExactAndAllowWhileIdle [name: GCM_CONN_ALARM type: 2 triggerAtMillis: 505221]
07-02 17:05:27.305  1042  1042 W Telephony: registerMmTelCapabilityCallback: registration failed, no ImsService available. Exception: code: 1
07-02 17:05:27.305  1042  1042 W Telephony: registerImsRegistrationCallback: registration failed, no ImsService available. Exception: code: 1
07-02 17:05:27.305  1042  1042 D Telephony: Finished registering mSimultaneousCallingTrackerListener for phoneId = 0; subId = 1
07-02 17:05:27.306   658   688 D ActivityManager: sync unfroze 3987 com.google.android.gms.unstable for 10
07-02 17:05:27.310  3987  5208 D BluetoothAdapter: onBluetoothOff
07-02 17:05:27.311  1304  5586 I DeviceStatusMonitor: DeviceStatusMonitor.notifyIfNetworkChanged():197 notifyIfNetworkChanged: newState = NON_METERED, airplaneModeOn = true, notifyAnyway = false
07-02 17:05:27.312   658   795 I WifiScanRequestProxy: Scanning is disabled
07-02 17:05:27.313  1304  1304 I NetworkInfoNotification: NetworkInfoNotification$Listener.onReceive():107 onNetworkAvailable: networkState = NON_METERED, isAirplaneModeOn = true
07-02 17:05:27.314   658   795 I WifiCountryCode: No active mode, call onDriverCountryCodeChanged with Null
07-02 17:05:27.314   658   795 W AlarmManager: Unrecognized alarm listener com.android.server.wifi.hotspot2.ANQPRequestManager$1@aec4eb6
07-02 17:05:27.316  1304  1304 I NetworkInfoNotification: NetworkInfoNotification$Listener.onReceive():107 onNetworkAvailable: networkState = NON_METERED, isAirplaneModeOn = true
07-02 17:05:27.317  1304  5588 I NetworkInfoNotification: NetworkInfoNotification$Listener.onReceive():107 onNetworkAvailable: networkState = NON_METERED, isAirplaneModeOn = true
07-02 17:05:27.318  1304  1304 I HandwritingOnlineSuperpacks: HandwritingOnlineSuperpacks$1.onNetworkAvailable():70 onNetworkAvailable
07-02 17:05:27.319  1304  1304 I HandwritingSuperpacks: HandwritingSuperpacks.register():265 register(): version '94', url 'https://dl.google.com/handwriting/models/handwriting_release.superpack_manifest.20260206.json' [ONLINE]
07-02 17:05:27.320  1304  1500 I SP      : Registering handwriting_recognition.94, url: https://dl.google.com/handwriting/models/handwriting_release.superpack_manifest.20260206.json, constraints: m:*:*:*, flags: *, requested: 94, current: 94
07-02 17:05:27.322   658   795 D WifiP2pService: Wifi enabled=false, P2P disallowed by admin=false, D2D allowed when infra sta is disabled=false
07-02 17:05:27.324  1304  5588 E NotificationCenter: NotificationCenter.registerListenerInternal():378 Listener ntw@1efab23 is already registered for notification class ntl
07-02 17:05:27.324  1304  1500 I SuperpacksManagerImpl: SuperpacksManagerImpl$3$1.onSuccess():552 handwriting_recognition.registerManifest() succeeded
07-02 17:05:27.324  1304  5589 I HandwritingOnlineSuperpacks: HandwritingOnlineSuperpacks.syncInternal():168 syncPackMapping()
07-02 17:05:27.324  1208  2229 W Settings: Setting airplane_mode_on has moved from android.provider.Settings.System to android.provider.Settings.Global, returning read-only value.
07-02 17:05:27.332  1042  1042 D MultiSimSettingController: notifySubscriptionInfoChanged
07-02 17:05:27.332  1304  1500 I HandwritingSlicingStrategy: HandwritingSlicingStrategy.getSlices():44 getSlices(): handwriting_recognition.94 useForeground=true
07-02 17:05:27.334   658  1697 D WifiMemoryStoreImpl: Set cluster G9df5edf1a109c403 for Wb48f6b3e60b047ac: SUCCESS
07-02 17:05:27.334  1304  1500 I HandwritingSlicingStrategy: HandwritingSlicingStrategy.getSlices():103 getSlices(): result {slices=[{handwriting_recognition:pack_mapping_v1_lstm_20260206, m:*:*:*}, {handwriting_recognition:en_us_20251103_compact_fst_zip, m:*:*:*}, {handwriting_recognition:transformer_latin_seg_tflite_20251103_zip, m:*:*:*}, {handwriting_recognition:qrnn_en-US_reco_20251103_fst_20251103_recospec_zip, m:*:*:*}, {handwriting_recognition:transformer_latin_tflite_20251103_zip, m:*:*:*}, {handwriting_recognition:transformer_latin_conf_tflite_20251103_zip, m:*:*:*}, {handwriting_recognition:scribe_latin_20250829tfreco_tflite_zip, m:*:*:*}, {handwriting_recognition:scribe_latin_20250829tfreco_recospec_zip, m:*:*:*}], last batch=true, sync metadata=false}
07-02 17:05:27.335  1304  1500 I SP      : Syncing handwriting_recognition (94) with slices: [{pack_mapping_v1_lstm_20260206, m:*:*:*}, {en_us_20251103_compact_fst_zip, m:*:*:*}, {transformer_latin_seg_tflite_20251103_zip, m:*:*:*}, {qrnn_en-US_reco_20251103_fst_20251103_recospec_zip, m:*:*:*}, {transformer_latin_tflite_20251103_zip, m:*:*:*}, {transformer_latin_conf_tflite_20251103_zip, m:*:*:*}, {scribe_latin_20250829tfreco_tflite_zip, m:*:*:*}, {scribe_latin_20250829tfreco_recospec_zip, m:*:*:*}], metadata: false
07-02 17:05:27.341   658  1148 W IPCThreadState: Sending oneway calls to frozen process.
07-02 17:05:27.341   658  1148 W IPCThreadState: Sending oneway calls to frozen process.
07-02 17:05:27.342   658  1148 W IPCThreadState: Sending oneway calls to frozen process.
07-02 17:05:27.342   658  1148 W IPCThreadState: Sending oneway calls to frozen process.
07-02 17:05:27.343  1042  1042 I Telephony: TelecomAccountRegistry$TelecomAccountTelephonyCallback: TelecomAccountRegistry: onServiceStateChanged: newState=3, mServiceState=0
07-02 17:05:27.343  1042  1042 W Telephony: registerMmTelCapabilityCallback: registration failed, no ImsService available. Exception: code: 1
07-02 17:05:27.345   658   658 I AS.AudioService: onSubscriptionsChanged()
07-02 17:05:27.345  1042  1042 I Telephony: isRttCurrentlySupported -- regular acct, hasVoiceAvailability: false
07-02 17:05:27.345  1042  1042 I Telephony:  isRttSupported: false
07-02 17:05:27.345  1042  1042 I Telephony:  alwaysAllowWhileRoaming: false
07-02 17:05:27.345  1042  1042 I Telephony:  isRoaming: false
07-02 17:05:27.345  1042  1042 I Telephony:  isOnWfc: false
07-02 17:05:27.346  1208  2523 I NearbyDiscovery: (REDACTED) FastPairHandler: Received action %s
07-02 17:05:27.347   658   810 E AppOps  : attributionTag VCN not declared in manifest of android
07-02 17:05:27.352  1208  4860 W WakeLock: GCM_CONN_ALARM release without a matched acquire! [CONTEXT service_id=259 ]
07-02 17:05:27.352  1208  4860 W WakeLock: GCM_CONN_ALARM counter does not exist
07-02 17:05:27.354  1208  1208 I PersonalSafety: Settings changed. [CONTEXT service_id=310 ]
07-02 17:05:27.354  1208  1208 W Settings: Setting airplane_mode_on has moved from android.provider.Settings.System to android.provider.Settings.Global, returning read-only value.
07-02 17:05:27.354  1208  2523 I NearbyDiscovery: (REDACTED) OffloadFastPairScanner: eventType=%s, isInternalReq=%s, isOffloadScanning=%s, isOffloadScanningAllowed=%s
07-02 17:05:27.355   658   795 E WifiDataStall: onDataConnectionStateChanged unexpected State: 4
07-02 17:05:27.356   658   795 D WifiActiveModeWarden: Shutting down all client mode managers
07-02 17:05:27.356   658   795 W AlarmManager: Unrecognized alarm listener com.android.server.wifi.hotspot2.ANQPRequestManager$1@aec4eb6
07-02 17:05:27.357   658   795 D WifiService: Country code changed to :
07-02 17:05:27.358   658   795 D WifiCountryCode: Set telephony country code to: 
07-02 17:05:27.358   658   795 D WifiCountryCode: updateCountryCode to US
07-02 17:05:27.358  1208  2523 I NearbyDiscovery: (REDACTED) FastPairScanner: isScreenOn=%s, isLocationEnabled=%s, disableLocationRequirement=%s, isDiscoveryScanningEnabled=%s, during24GhzWifiWarmingUpPeriod=%s
07-02 17:05:27.358   658   795 D WifiCountryCode: skip update supplicant not ready yet
07-02 17:05:27.360  1208  2523 D BluetoothAdapter: isLeEnabled(): BLE_TURNING_OFF
07-02 17:05:27.360  1208  2523 I NearbyDiscovery: (REDACTED) FastPairScanner: eventType=%s, intReq=%s, scanning=%s, scanAllowed=%s, bleEnabled=%s, lockScanRate=%s, startScanningByLowPowerMode=%s
07-02 17:05:27.363   658   688 D ActivityManager: sync unfroze 4067 com.google.android.googlequicksearchbox:googleapp for 10
07-02 17:05:27.363  1208  2523 I NearbyDiscovery: (REDACTED) FastPairScanner: Stopping scan, %s
07-02 17:05:27.363  1208  2523 D BluetoothAdapter: isLeEnabled(): BLE_TURNING_OFF
07-02 17:05:27.366   658   795 D WifiCountryCode: setCountryCodeNative: US, isClientModeOnly: false mDriverCountryCode: null
07-02 17:05:27.372   658   866 I ThreadNetwork: [ControllerService] Upstream network lost: 100
07-02 17:05:27.374  1006  1079 D UpstreamNetworkMonitor: Lost default Internet network: 100
07-02 17:05:27.376   658   803 W IPCThreadState: Sending oneway calls to frozen process.
07-02 17:05:27.384   658   810 E AppOps  : attributionTag VCN not declared in manifest of android
07-02 17:05:27.389  4067  4071 W chbox:googleapp: Suspending all threads took: 12.353ms
07-02 17:05:27.390  1361  1796 I acds    : (REDACTED) isGrpcDeviceIntent: %s
07-02 17:05:27.402  5550  5550 D CarrierDefaultBroadcastReceiver: onReceive intent: android.telephony.action.CARRIER_SIGNAL_RESET
07-02 17:05:27.404   658   795 D WifiCarrierInfoManager: Mobile data change by reason 0 to disabled for subId: 1
07-02 17:05:27.406  1015  1179 I bt_bta_dm: system/bta/dm/bta_dm_act.cc:1052 bta_dm_disable_conn_down_timer_cback: Stack device manager shutdown completed
07-02 17:05:27.408   658   851 D BackgroundInstallControlService: Package event received: 0
07-02 17:05:27.408  1015  1177 I bluetooth: system/btif/src/btif_bqr.cc:478 DisableBtQualityReport: 
07-02 17:05:27.408  1015  1177 W bluetooth: system/btif/src/btif_bqr.cc:433 EnableDisableBtQualityReport: Bluetooth Quality Report is disabled. bqr_prop_evtmask: 
07-02 17:05:27.408  1015  1177 I bt_btif_dm: system/btif/src/btif_dm.cc:2044 BTIF_dm_disable: Stack device manager shutdown finished
07-02 17:05:27.409  1015  1177 I bt_core_module: system/btcore/src/module.cc:106 module_shut_down: Shutting down module "btif_config_module"
07-02 17:05:27.409  1015  1177 I bt_core_module: system/btcore/src/module.cc:110 module_shut_down: Shutdown of module "btif_config_module" completed
07-02 17:05:27.409  1015  1177 E bt_l2cap: system/stack/l2cap/l2c_api.cc:270 L2CA_FreeLePSM: Invalid PSM=39 value!
07-02 17:05:27.416   658   678 I GnssNetworkConnectivityHandler: Network connection lost. Available networks count: 0
07-02 17:05:27.417   658   678 I GnssNetworkConnectivityHandler: updateNetworkState, state=CLOSED, connected=false, network=100, capabilityFlags=3, availableNetworkCount: 0
07-02 17:05:27.419   658   795 D WifiNetworkAgent: NetworkAgent: NetworkAgent channel lost
07-02 17:05:27.420   658   795 I WifiService: Receive onDriverCountryCodeChanged to null, update available channel list
07-02 17:05:27.421   658   795 E AppOps  : attributionTag UwbCountryCode not declared in manifest of android
07-02 17:05:27.426   658   795 I WifiManager: OnDriverCountryCodeChangedProxy: receive onDriverCountryCodeChanged: null
07-02 17:05:27.428  1042  1049 W m.android.phone: Suspending all threads took: 13.448ms
07-02 17:05:27.428   658   795 I WifiManager: OnDriverCountryCodeChangedProxy: receive onDriverCountryCodeChanged: null
07-02 17:05:27.430   658   795 V ThreadNetwork: [CountryCode] VERBOSE Wifi country code is inactived
07-02 17:05:27.430   658   795 I ThreadNetwork: [CountryCode] Set country code: CountryCodeInfo{ mCountryCode: us, mSource: TelephonyLast, mUpdatedTimestamp: 2026-07-02T11:35:27.070680Z}
07-02 17:05:27.430   658  1761 W ScanResultUtil: Empty or null ScanResult list
07-02 17:05:27.431   658  1761 W WifiService: Attempt to retrieve WifiConfiguration with invalid scanResult List
07-02 17:05:27.441   658   851 D BackgroundInstallControlService: Package event received: 0
07-02 17:05:27.442   658   884 D UwbCountryCode: Set wifi country code to: 
07-02 17:05:27.442   658   884 D UwbCountryCode: Received empty wifi country code
07-02 17:05:27.443   658   884 I UwbCountryCode: Ignoring already set country code: US
07-02 17:05:27.449  1042  1049 I m.android.phone: Background concurrent mark compact GC freed 3914KB AllocSpace bytes, 1(20KB) LOS objects, 49% free, 4072KB/8144KB, paused 18.171ms,1.049ms total 79.870ms
07-02 17:05:27.449   658   795 D WifiController: STA disabled, return to DisabledState.
07-02 17:05:27.450   658   803 D ConnectivityService: Sending DISCONNECTED broadcast for type 1 [100 WIFI] isDefaultNetwork=true
07-02 17:05:27.453  1042  1191 D com.android.ons.ONSProfileActivator: Internet connection lost
07-02 17:05:27.453  1208  1922 I NearbyPresence: (REDACTED) NetworkMonitorImpl onLost %s
07-02 17:05:27.457   658   795 D WifiController: EnabledState.exit()
07-02 17:05:27.457   658   795 D WifiController: DisabledState.enter()
07-02 17:05:27.465  5550  5550 D CarrierDefaultBroadcastReceiver: apply carrier action idx: 6
07-02 17:05:27.466  1042  1042 W AlarmManager: Unrecognized alarm listener com.android.internal.telephony.data.AutoDataSwitchController$$ExternalSyntheticLambda1@b0fa65e
07-02 17:05:27.467   658   883 D WifiMemoryStoreImpl: Set cluster G9df5edf1a109c403 for W9df5edf1a109c403: SUCCESS
