07-02 17:05:33.634   895   948 V WindowManagerShell:         {m=TO_BACK f=SHOW_WALLPAPER leash=Surface(name=Task=1)/@0x2058357 sb=Rect(0, 0 - 1080, 2400) eb=Rect(0, 0 - 1080, 2400) epz=Point(1080, 2400) d=0 taskParent=-1},
07-02 17:05:33.634   895   948 V WindowManagerShell:         {m=TO_BACK f=IS_WALLPAPER leash=Surface(name=WallpaperWindowToken{4da3f2 showWhenLocked=false})/@0x6a79e44 sb=Rect(0, 0 - 1080, 2400) eb=Rect(0, 0 - 1080, 2400) epz=Point(1080, 2400) d=0}
07-02 17:05:33.634   895   948 V WindowManagerShell:     ]}
07-02 17:05:33.636   895   948 V WindowManagerShell: Playing animation for (#19) android.os.BinderProxy@dc67450@0
07-02 17:05:33.636   895   948 V ShellRecents: RecentsTransitionHandler.startAnimation: no controller found
07-02 17:05:33.636   895   948 V WindowManagerShell: Transition doesn't have explicit remote, search filters for match for {id=19 t=OPEN f=0x0 trk=0 r=[0@Point(0, 0)] c=[{m=OPEN f=NONE leash=Surface(name=Task=34)/@0x41454d6 sb=Rect(0, 0 - 1080, 2400) eb=Rect(0, 0 - 1080, 2400) epz=Point(1080, 2400) d=0 taskParent=-1},{m=TO_BACK f=SHOW_WALLPAPER leash=Surface(name=Task=1)/@0x2058357 sb=Rect(0, 0 - 1080, 2400) eb=Rect(0, 0 - 1080, 2400) epz=Point(1080, 2400) d=0 taskParent=-1},{m=TO_BACK f=IS_WALLPAPER leash=Surface(name=WallpaperWindowToken{4da3f2 showWhenLocked=false})/@0x6a79e44 sb=Rect(0, 0 - 1080, 2400) eb=Rect(0, 0 - 1080, 2400) epz=Point(1080, 2400) d=0}]}
07-02 17:05:33.636   895   948 V WindowManagerShell:  Checking filter Pair{{types=[] flags=0x0] notFlags=0x0 checks=[{atype=undefined independent=true modes=[CLOSE,TO_BACK] flags=IN_TASK_WITH_EMBEDDED_ACTIVITY mustBeTask=false order=ANY topActivity=null launchCookie=null taskFragmentToken=android.os.BinderProxy@982b812 windowingMode=undefined}]} RemoteTransition { remoteTransition = android.window.IRemoteTransition$Stub$Proxy@aa0be3, appThread = android.app.IApplicationThread$Stub$Proxy@c9869e0, debugName = overlayBackTransition }}
07-02 17:05:33.637   895   948 V WindowManagerShell:  Checking filter Pair{{types=[] flags=0x0] notFlags=0x0 checks=[{atype=dream independent=true modes=[OPEN,TO_FRONT] flags=NONE mustBeTask=false order=ANY topActivity=null launchCookie=null windowingMode=undefined},{atype=home independent=true modes=[CLOSE,TO_BACK] flags=NONE mustBeTask=false order=ANY topActivity=null launchCookie=null windowingMode=undefined}]} RemoteTransition { remoteTransition = android.window.IRemoteTransition$Stub$Proxy@678499, appThread = android.app.IApplicationThread$Stub$Proxy@dd0435e, debugName = LauncherToDream }}
07-02 17:05:33.637   895   948 V WindowManagerShell:  Checking filter Pair{{types=[] flags=0x0] notFlags=0x100 checks=[{atype=home independent=true modes=[OPEN,TO_FRONT] flags=NONE mustBeTask=false order=TOP topActivity=ComponentInfo{com.google.android.apps.nexuslauncher/com.google.android.apps.nexuslauncher.NexusLauncherActivity} launchCookie=null windowingMode=undefined},{atype=standard independent=true modes=[CLOSE,TO_BACK] flags=NONE mustBeTask=false order=ANY topActivity=null launchCookie=null windowingMode=undefined},{NOT atype=undefined independent=true modes=[] flags=NONE mustBeTask=true order=ANY topActivity=null launchCookie=null customAnim=true windowingMode=undefined}]} RemoteTransition { remoteTransition = android.window.IRemoteTransition$Stub$Proxy@ee7833f, appThread = android.app.IApplicationThread$Stub$Proxy@44a440c, debugName = QuickstepLaunchHome }}
07-02 17:05:33.637   895   948 V WindowManagerShell:  Delegate animation for (#19) to null
07-02 17:05:33.637   895   948 V WindowManagerShell: start default transition animation, info = {id=19 t=OPEN f=0x0 trk=0 r=[0@Point(0, 0)] c=[{m=OPEN f=NONE leash=Surface(name=Task=34)/@0x41454d6 sb=Rect(0, 0 - 1080, 2400) eb=Rect(0, 0 - 1080, 2400) epz=Point(1080, 2400) d=0 taskParent=-1},{m=TO_BACK f=SHOW_WALLPAPER leash=Surface(name=Task=1)/@0x2058357 sb=Rect(0, 0 - 1080, 2400) eb=Rect(0, 0 - 1080, 2400) epz=Point(1080, 2400) d=0 taskParent=-1},{m=TO_BACK f=IS_WALLPAPER leash=Surface(name=WallpaperWindowToken{4da3f2 showWhenLocked=false})/@0x6a79e44 sb=Rect(0, 0 - 1080, 2400) eb=Rect(0, 0 - 1080, 2400) epz=Point(1080, 2400) d=0}]}
07-02 17:05:33.644   895   948 V WindowManagerShell: loadAnimation: anim=android.view.animation.AnimationSet@af4fdf3 animAttr=0x13 type=OPEN isEntrance=false
07-02 17:05:33.647   895   948 V WindowManagerShell: loadAnimation: anim=android.view.animation.AnimationSet@857864f animAttr=0x12 type=OPEN isEntrance=true
07-02 17:05:33.647   658   678 V WindowManager: Sent Transition (#19) createdAt=07-02 17:05:33.476 via request=TransitionRequestInfo { type = OPEN, triggerTask = TaskInfo{userId=0 taskId=34 effectiveUid=10213 displayId=0 isRunning=true baseIntent=Intent { act=android.intent.action.MAIN cat=[android.intent.category.LAUNCHER] flg=0x10200000 cmp=com.healthyyou.app/.MainActivity } baseActivity=ComponentInfo{com.healthyyou.app/com.healthyyou.app.MainActivity} topActivity=ComponentInfo{com.healthyyou.app/com.healthyyou.app.MainActivity} origActivity=null realActivity=ComponentInfo{com.healthyyou.app/com.healthyyou.app.MainActivity} numActivities=1 lastActiveTime=498401 supportsMultiWindow=true resizeMode=1 isResizeable=true minWidth=-1 minHeight=-1 defaultMinSize=220 token=WCT{RemoteToken{d856fda Task{11d30a5 #34 type=standard A=10213:com.healthyyou.app}}} topActivityType=1 pictureInPictureParams=null shouldDockBigOverlays=false launchIntoPipHostTaskId=-1 lastParentTaskIdBeforePip=-1 displayCutoutSafeInsets=Rect(0, 0 - 0, 0) topActivityInfo=ActivityInfo{6813c0b com.healthyyou.app.MainActivity} launchCookies=[] positionInParent=Point(0, 0) parentTaskId=-1 isFocused=false isVisible=false isVisibleRequested=false isTopActivityNoDisplay=false isSleeping=false locusId=null displayAreaFeatureId=1 isTopActivityTransparent=false isActivityStackTransparent=false lastNonFullscreenBounds=Rect(284, 660 - 796, 1740) capturedLink=null capturedLinkTimestamp=0 requestedVisibleTypes=-9 topActivityRequestOpenInBrowserEducationTimestamp=0 appCompatTaskInfo=AppCompatTaskInfo { topActivityInSizeCompat=false eligibleForLetterboxEducation= false isLetterboxEducationEnabled= true isLetterboxDoubleTapEnabled= false eligibleForUserAspectRatioButton= false topActivityBoundsLetterboxed= false isFromLetterboxDoubleTap= false topActivityLetterboxVerticalPosition= -1 topActivityLetterboxHorizontalPosition= -1 topActivityLetterboxWidth=-1 topActivityLetterboxHeight=-1 topActivityAppBounds=Rect(0, 0 - 1080, 2400) isUserFullscreenOverrideEnabled=false isSystemFullscreenOverrideEnabled=false hasMinAspectRatioOverride=false topActivityLetterboxBounds=null cameraCompatTaskInfo=CameraCompatTaskInfo { freeformCameraCompatMode=inactive}} topActivityMainWindowFrame=null}, pipChange = null, remoteTransition = null, displayChange = null, flags = 0, debugId = 19 }
07-02 17:05:33.648   658   678 V WindowManager:     startWCT=WindowContainerTransaction { changes= {} hops= [] errorCallbackToken=null taskFragmentOrganizer=null }
07-02 17:05:33.649   658   678 V WindowManager:     info={id=19 t=OPEN f=0x0 trk=0 r=[0@Point(0, 0)] c=[
07-02 17:05:33.649   658   678 V WindowManager:         {WCT{RemoteToken{d856fda Task{11d30a5 #34 type=standard A=10213:com.healthyyou.app}}} m=OPEN f=NONE leash=Surface(name=Task=34)/@0xcb5e1d0 sb=Rect(0, 0 - 1080, 2400) eb=Rect(0, 0 - 1080, 2400) epz=Point(1080, 2400) d=0 taskParent=-1},
07-02 17:05:33.649   658   678 V WindowManager:         {WCT{RemoteToken{b1f5977 Task{410389d #1 type=home}}} m=TO_BACK f=SHOW_WALLPAPER leash=Surface(name=Task=1)/@0xdc192b2 sb=Rect(0, 0 - 1080, 2400) eb=Rect(0, 0 - 1080, 2400) epz=Point(1080, 2400) d=0 taskParent=-1},
07-02 17:05:33.649   658   678 V WindowManager:         {m=TO_BACK f=IS_WALLPAPER leash=Surface(name=WallpaperWindowToken{4da3f2 showWhenLocked=false})/@0x6cadd4c sb=Rect(0, 0 - 1080, 2400) eb=Rect(0, 0 - 1080, 2400) epz=Point(1080, 2400) d=0}
07-02 17:05:33.649   658   678 V WindowManager:     ]}
07-02 17:05:33.649   895   948 V WindowManagerShell:  animated by com.android.wm.shell.transition.DefaultTransitionHandler@be7d5e8
07-02 17:05:33.654  5706  5706 D nativeloader: Configuring clns-7 for other apk /data/app/~~s_Pm7tFHR5jP0b_qAHhIxQ==/com.healthyyou.app-cHTIcvm3-JHozAcRJQHxOw==/base.apk. target_sdk_version=35, uses_libraries=, library_path=/data/app/~~s_Pm7tFHR5jP0b_qAHhIxQ==/com.healthyyou.app-cHTIcvm3-JHozAcRJQHxOw==/lib/x86_64:/data/app/~~s_Pm7tFHR5jP0b_qAHhIxQ==/com.healthyyou.app-cHTIcvm3-JHozAcRJQHxOw==/base.apk!/lib/x86_64, permitted_path=/data:/mnt/expand:/data/user/0/com.healthyyou.app
07-02 17:05:33.656  5706  5706 D CompatChangeReporter: Compat change id reported: 202956589; UID 10213; state: ENABLED
07-02 17:05:33.656   658  1148 W ActivityTaskManager: takeTaskSnapshot: taskId=11 not found or not visible
07-02 17:05:33.658  1057  1057 D InputMonitorCompat: Input monitor (swipe-up-disp0) created
07-02 17:05:33.659  1057  1057 D InputMonitorCompat: Input event receiver for monitor (swipe-up-disp0) created
07-02 17:05:33.660   895   948 V WindowManagerShell: Transition animation finished (aborted=false), notifying core (#19) android.os.BinderProxy@dc67450@0
07-02 17:05:33.661  1057  1057 I NotificationListener: received notification removed event - android#UserHandle{-1},category=-1
07-02 17:05:33.661  5706  5706 I .healthyyou.app: AssetManager2(0x7a1b9a4d5bf8) locale list changing from [] to [en-US]
07-02 17:05:33.662   658   678 V WindowManager: Finish Transition (#19): created at 07-02 17:05:33.476 collect-started=0.141ms request-sent=7.645ms started=12.897ms ready=139.988ms sent=142.589ms commit=40.954ms finished=185.18ms
07-02 17:05:33.666   895   948 V WindowManagerShell: Track 0 became idle
07-02 17:05:33.666   895   948 V WindowManagerShell: All active transition animations finished
07-02 17:05:33.666  1057  1057 D VRI[NexusLauncherActivity]: visibilityChanged oldVisibility=true newVisibility=false
07-02 17:05:33.670  5706  5706 V GraphicsEnvironment: Currently set values for:
07-02 17:05:33.670  5706  5706 V GraphicsEnvironment:   angle_gl_driver_selection_pkgs=[]
07-02 17:05:33.670  5706  5706 V GraphicsEnvironment:   angle_gl_driver_selection_values=[]
07-02 17:05:33.670  5706  5706 V GraphicsEnvironment: com.healthyyou.app is not listed in per-application setting
07-02 17:05:33.670  5706  5706 V GraphicsEnvironment: ANGLE allowlist from config: 
07-02 17:05:33.670  5706  5706 V GraphicsEnvironment: com.healthyyou.app is not listed in ANGLE allowlist or settings, returning default
07-02 17:05:33.670  5706  5706 V GraphicsEnvironment: Neither updatable production driver nor prerelease driver is supported.
07-02 17:05:33.676  1057  1057 D NexusLauncherModelDelegate: notifySmartspaceEvent: SmartspaceTargetEvent{mSmartspaceTarget=null, mSmartspaceActionId='null', mEventType=7}
07-02 17:05:33.677   658  1148 W ActivityManager: Unable to start service Intent { act=android.service.smartspace.SmartspaceService cmp=com.google.android.as/com.google.android.apps.miphone.aiai.app.AiAiSmartspaceService } U=0: not found
07-02 17:05:33.678   658  1148 W RemoteSmartspaceService: could not bind to Intent { act=android.service.smartspace.SmartspaceService cmp=com.google.android.as/com.google.android.apps.miphone.aiai.app.AiAiSmartspaceService } using flags 67112961
07-02 17:05:33.678   658   658 W ActivityManager: Unbind failed: could not find connection for android.app.LoadedApk$ServiceDispatcher$InnerConnection@4058de7
07-02 17:05:33.683  5706  5706 D CompatChangeReporter: Compat change id reported: 279646685; UID 10213; state: ENABLED
07-02 17:05:33.686  5706  5706 W SoLoader: Initializing SoLoader: 0
07-02 17:05:33.686  5706  5706 W SoLoader: Recording new base apk path: /data/app/~~s_Pm7tFHR5jP0b_qAHhIxQ==/com.healthyyou.app-cHTIcvm3-JHozAcRJQHxOw==/base.apk
07-02 17:05:33.686  5706  5706 W SoLoader: Previously recorded 0 base apk paths.
07-02 17:05:33.687  5706  5706 D CompatChangeReporter: Compat change id reported: 312399441; UID 10213; state: ENABLED
07-02 17:05:33.688  5706  5706 I SoLoader: Preparing SO source: DirectorySoSource[root = /vendor/lib64 flags = 2]
07-02 17:05:33.688  5706  5706 I SoLoader: Preparing SO source: DirectorySoSource[root = /system/lib64 flags = 2]
07-02 17:05:33.688  5706  5706 I SoLoader: Preparing SO source: DirectApkSoSource[root = [/data/app/~~s_Pm7tFHR5jP0b_qAHhIxQ==/com.healthyyou.app-cHTIcvm3-JHozAcRJQHxOw==/base.apk!/lib/x86_64]]
07-02 17:05:33.690  5706  5706 I SoLoader: Preparing SO source: ApplicationSoSource[DirectorySoSource[root = /data/app/~~s_Pm7tFHR5jP0b_qAHhIxQ==/com.healthyyou.app-cHTIcvm3-JHozAcRJQHxOw==/lib/x86_64 flags = 0]]
07-02 17:05:33.690  5706  5706 I SoLoader: init finish: 4 SO sources prepared
07-02 17:05:33.690  5706  5706 W SoLoader: SoLoader initialized: 8
07-02 17:05:33.694   895  1194 W HWUI    : Image decoding logging dropped!
07-02 17:05:33.701  5706  5706 D nativeloader: Load /data/app/~~s_Pm7tFHR5jP0b_qAHhIxQ==/com.healthyyou.app-cHTIcvm3-JHozAcRJQHxOw==/base.apk!/lib/x86_64/libc++_shared.so using class loader ns clns-7 (caller=/data/app/~~s_Pm7tFHR5jP0b_qAHhIxQ==/com.healthyyou.app-cHTIcvm3-JHozAcRJQHxOw==/base.apk!classes2.dex): ok
07-02 17:05:33.705  5706  5706 D nativeloader: Load /data/app/~~s_Pm7tFHR5jP0b_qAHhIxQ==/com.healthyyou.app-cHTIcvm3-JHozAcRJQHxOw==/base.apk!/lib/x86_64/libjsi.so using class loader ns clns-7 (caller=/data/app/~~s_Pm7tFHR5jP0b_qAHhIxQ==/com.healthyyou.app-cHTIcvm3-JHozAcRJQHxOw==/base.apk!classes2.dex): ok
07-02 17:05:33.716   895  1194 W HWUI    : Image decoding logging dropped!
07-02 17:05:33.721  5706  5706 D nativeloader: Load /data/app/~~s_Pm7tFHR5jP0b_qAHhIxQ==/com.healthyyou.app-cHTIcvm3-JHozAcRJQHxOw==/base.apk!/lib/x86_64/libfbjni.so using class loader ns clns-7 (caller=/data/app/~~s_Pm7tFHR5jP0b_qAHhIxQ==/com.healthyyou.app-cHTIcvm3-JHozAcRJQHxOw==/base.apk!classes2.dex): ok
07-02 17:05:33.725  5706  5706 D nativeloader: Load /data/app/~~s_Pm7tFHR5jP0b_qAHhIxQ==/com.healthyyou.app-cHTIcvm3-JHozAcRJQHxOw==/base.apk!/lib/x86_64/libreactnative.so using class loader ns clns-7 (caller=/data/app/~~s_Pm7tFHR5jP0b_qAHhIxQ==/com.healthyyou.app-cHTIcvm3-JHozAcRJQHxOw==/base.apk!classes2.dex): ok
07-02 17:05:33.725  5706  5706 D jni_lib_merge: Entering merged library JNI_OnLoad.
07-02 17:05:33.725  5706  5706 D jni_lib_merge: Preparing 12 pre-merged libs (including stub)
07-02 17:05:33.725  5706  5706 D jni_lib_merge: Preparing to register libfabricjni_so.  onload_func: 0x7a19277aba20
07-02 17:05:33.725  5706  5706 D jni_lib_merge: Preparing to register libreact_devsupportjni_so.  onload_func: 0x7a1927890550
07-02 17:05:33.725  5706  5706 D jni_lib_merge: Preparing to register libreact_featureflagsjni_so.  onload_func: 0x7a19278a2a90
07-02 17:05:33.725  5706  5706 D jni_lib_merge: Preparing to register libreact_newarchdefaults_so.  onload_func: 0x7a19278dd5a0
07-02 17:05:33.725  5706  5706 D jni_lib_merge: Preparing to register libreactnativeblob_so.  onload_func: 0x7a19279d3870
07-02 17:05:33.725  5706  5706 D jni_lib_merge: Preparing to register libreactnativejni_so.  onload_func: 0x7a19279dfdb0
07-02 17:05:33.725  5706  5706 D jni_lib_merge: Preparing to register libreactnativejni_common_so.  onload_func: 0x7a19279e2c20
07-02 17:05:33.725  5706  5706 D jni_lib_merge: Preparing to register librninstance_so.  onload_func: 0x7a1927a0aaf0
07-02 17:05:33.725  5706  5706 D jni_lib_merge: Preparing to register libturbomodulejsijni_so.  onload_func: 0x7a1927ab1d70
07-02 17:05:33.725  5706  5706 D jni_lib_merge: Preparing to register libuimanagerjni_so.  onload_func: 0x7a1927ab8cd0
07-02 17:05:33.725  5706  5706 D jni_lib_merge: Preparing to register libyoga_so.  onload_func: 0x7a1927ac0350
07-02 17:05:33.725  5706  5706 D jni_lib_merge: About to register 11 actual methods.
07-02 17:05:33.735  5706  5706 D nativeloader: Load /data/app/~~s_Pm7tFHR5jP0b_qAHhIxQ==/com.healthyyou.app-cHTIcvm3-JHozAcRJQHxOw==/base.apk!/lib/x86_64/libreact_codegen_rnscreens.so using class loader ns clns-7 (caller=/data/app/~~s_Pm7tFHR5jP0b_qAHhIxQ==/com.healthyyou.app-cHTIcvm3-JHozAcRJQHxOw==/base.apk!classes2.dex): ok
07-02 17:05:33.735  5706  5706 D jni_lib_merge: Entering merged library JNI_OnLoad.
07-02 17:05:33.735  5706  5706 D jni_lib_merge: Preparing 12 pre-merged libs (including stub)
07-02 17:05:33.735  5706  5706 D jni_lib_merge: Preparing to register libfabricjni_so.  onload_func: 0x7a19277aba20
07-02 17:05:33.735  5706  5706 D jni_lib_merge: Preparing to register libreact_devsupportjni_so.  onload_func: 0x7a1927890550
07-02 17:05:33.735  5706  5706 D jni_lib_merge: Preparing to register libreact_featureflagsjni_so.  onload_func: 0x7a19278a2a90
07-02 17:05:33.735  5706  5706 D jni_lib_merge: Preparing to register libreact_newarchdefaults_so.  onload_func: 0x7a19278dd5a0
07-02 17:05:33.735  5706  5706 D jni_lib_merge: Preparing to register libreactnativeblob_so.  onload_func: 0x7a19279d3870
07-02 17:05:33.736  5706  5706 D jni_lib_merge: Preparing to register libreactnativejni_so.  onload_func: 0x7a19279dfdb0
07-02 17:05:33.736  5706  5706 D jni_lib_merge: Preparing to register libreactnativejni_common_so.  onload_func: 0x7a19279e2c20
07-02 17:05:33.736  5706  5706 D jni_lib_merge: Preparing to register librninstance_so.  onload_func: 0x7a1927a0aaf0
07-02 17:05:33.736  5706  5706 D jni_lib_merge: Preparing to register libturbomodulejsijni_so.  onload_func: 0x7a1927ab1d70
07-02 17:05:33.736  5706  5706 D jni_lib_merge: Preparing to register libuimanagerjni_so.  onload_func: 0x7a1927ab8cd0
07-02 17:05:33.736  5706  5706 D jni_lib_merge: Preparing to register libyoga_so.  onload_func: 0x7a1927ac0350
07-02 17:05:33.736  5706  5706 D jni_lib_merge: About to register 11 actual methods.
07-02 17:05:33.739  5706  5706 D nativeloader: Load /data/app/~~s_Pm7tFHR5jP0b_qAHhIxQ==/com.healthyyou.app-cHTIcvm3-JHozAcRJQHxOw==/base.apk!/lib/x86_64/libreact_codegen_safeareacontext.so using class loader ns clns-7 (caller=/data/app/~~s_Pm7tFHR5jP0b_qAHhIxQ==/com.healthyyou.app-cHTIcvm3-JHozAcRJQHxOw==/base.apk!classes2.dex): ok
07-02 17:05:33.741  5706  5706 D nativeloader: Load /data/app/~~s_Pm7tFHR5jP0b_qAHhIxQ==/com.healthyyou.app-cHTIcvm3-JHozAcRJQHxOw==/base.apk!/lib/x86_64/libappmodules.so using class loader ns clns-7 (caller=/data/app/~~s_Pm7tFHR5jP0b_qAHhIxQ==/com.healthyyou.app-cHTIcvm3-JHozAcRJQHxOw==/base.apk!classes2.dex): ok
07-02 17:05:33.746   658   674 W OptProp : Cannot read opt property android.window.PROPERTY_COMPAT_ENABLE_FAKE_FOCUS
07-02 17:05:33.747   658   674 D CompatChangeReporter: Compat change id reported: 324203798; UID 10213; state: ENABLED
07-02 17:05:33.749   658   851 D BackgroundInstallControlService: Package event received: 0
07-02 17:05:33.749   658   851 D BackgroundInstallControlService: Package event received: 0
07-02 17:05:33.755  5706  5706 I .healthyyou.app: AssetManager2(0x7a1b9a4e20d8) locale list changing from [] to [en-US]
07-02 17:05:33.758  5706  5706 D AppCompatDelegate: Checking for metadata for AppLocalesMetadataHolderService : Service not found
07-02 17:05:33.759  5706  5706 I .healthyyou.app: AssetManager2(0x7a1b9a4dc318) locale list changing from [] to [en-US]
07-02 17:05:33.790  5706  5706 W unknown:BridgelessReact: ReactHost{0}.startSurface(surfaceId = 0): Schedule
07-02 17:05:33.790  5706  5706 W unknown:BridgelessReact: ReactHost{0}.attachSurface(surfaceId = 0)
07-02 17:05:33.791  5706  5724 W unknown:BridgelessReact: ReactHost{0}.getOrCreateReactInstanceTask()
07-02 17:05:33.791  5706  5724 W unknown:BridgelessReact: ReactHost{0}.getOrCreateReactInstanceTask(): Start
07-02 17:05:33.791  5706  5724 W unknown:BridgelessReact: ReactHost{0}.getJSBundleLoader()
07-02 17:05:33.792  5706  5724 W unknown:BridgelessReact: ReactHost{0}.getOrCreateReactInstanceTask(): Creating BridgelessReactContext
07-02 17:05:33.792  5706  5724 W unknown:BridgelessReact: ReactHost{0}.getOrCreateReactInstanceTask(): Creating ReactInstance
07-02 17:05:33.794  5706  5706 D CompatChangeReporter: Compat change id reported: 309578419; UID 10213; state: ENABLED
07-02 17:05:33.796  5706  5706 D DesktopModeFlags: Toggle override initialized to: OVERRIDE_UNSET
07-02 17:05:33.808  5706  5724 D nativeloader: Load /data/app/~~s_Pm7tFHR5jP0b_qAHhIxQ==/com.healthyyou.app-cHTIcvm3-JHozAcRJQHxOw==/base.apk!/lib/x86_64/libhermesvm.so using class loader ns clns-7 (caller=/data/app/~~s_Pm7tFHR5jP0b_qAHhIxQ==/com.healthyyou.app-cHTIcvm3-JHozAcRJQHxOw==/base.apk!classes2.dex): ok
07-02 17:05:33.811  5706  5724 D nativeloader: Load /data/app/~~s_Pm7tFHR5jP0b_qAHhIxQ==/com.healthyyou.app-cHTIcvm3-JHozAcRJQHxOw==/base.apk!/lib/x86_64/libhermestooling.so using class loader ns clns-7 (caller=/data/app/~~s_Pm7tFHR5jP0b_qAHhIxQ==/com.healthyyou.app-cHTIcvm3-JHozAcRJQHxOw==/base.apk!classes2.dex): ok
07-02 17:05:33.811  5706  5724 D jni_lib_merge: Entering merged library JNI_OnLoad.
07-02 17:05:33.811  5706  5724 D jni_lib_merge: Preparing 4 pre-merged libs (including stub)
07-02 17:05:33.811  5706  5724 D jni_lib_merge: Preparing to register libhermes_executor_so.  onload_func: 0x7a19b0f1d990
07-02 17:05:33.811  5706  5724 D jni_lib_merge: Preparing to register libhermesinstancejni_so.  onload_func: 0x7a19b0f250f0
07-02 17:05:33.811  5706  5724 D jni_lib_merge: Preparing to register libjsijniprofiler_so.  onload_func: 0x7a19b0f25880
07-02 17:05:33.811  5706  5724 D jni_lib_merge: About to register 3 actual methods.
07-02 17:05:33.814  5706  5706 W unknown:BridgelessReact: ReactHost{0}.onHostResume(activity)
07-02 17:05:33.814  5706  5706 W unknown:BridgelessReact: ReactHost{0}.ReactContext.onHostResume()
07-02 17:05:33.815  5706  5706 D CompatChangeReporter: Compat change id reported: 352594277; UID 10213; state: ENABLED
07-02 17:05:33.819  5706  5706 D CompatChangeReporter: Compat change id reported: 349153669; UID 10213; state: ENABLED
07-02 17:05:33.822  5706  5706 W HWUI    : Unknown dataspace 0
07-02 17:05:33.828  5706  5724 I ExpoModulesCore: ? AppContext was initialized
07-02 17:05:33.841  5706  5724 W unknown:BridgelessReact: ReactHost{0}.getOrCreateReactInstanceTask(): Loading JS Bundle
07-02 17:05:33.842  5706  5724 W unknown:BridgelessReact: ReactHost{0}.getOrCreateReactInstanceTask(): DevSupportManager.onNewReactContextCreated()
07-02 17:05:33.843  5706  5724 W unknown:BridgelessReact: ReactHost{0}.startSurface(surfaceId = 0): Execute
07-02 17:05:33.848   658   674 D CoreBackPreview: Window{4044e56 u0 com.healthyyou.app/com.healthyyou.app.MainActivity}: Setting back callback OnBackInvokedCallbackInfo{mCallback=android.window.IOnBackInvokedCallback$Stub$Proxy@f2bf3c4, mPriority=0, mIsAnimationCallback=false, mOverrideBehavior=0}
07-02 17:05:33.863  5706  5725 D nativeloader: Load /data/app/~~s_Pm7tFHR5jP0b_qAHhIxQ==/com.healthyyou.app-cHTIcvm3-JHozAcRJQHxOw==/base.apk!/lib/x86_64/libexpo-modules-core.so using class loader ns clns-7 (caller=/data/app/~~s_Pm7tFHR5jP0b_qAHhIxQ==/com.healthyyou.app-cHTIcvm3-JHozAcRJQHxOw==/base.apk!classes2.dex): ok
07-02 17:05:33.864  5706  5719 I EGL_emulation: Opening libGLESv1_CM_emulation.so
07-02 17:05:33.866  5706  5725 W BridgelessReactContext: [WARNING] Bridgeless doesn't support CatalystInstance. Accessing an API that's not part of the new architecture is not encouraged usage.
07-02 17:05:33.866  5706  5719 I EGL_emulation: Opening libGLESv2_emulation.so
07-02 17:05:33.870  5706  5725 I ExpoModulesCore: ? JSI interop was installed
07-02 17:05:33.871  5706  5719 W HWUI    : Failed to choose config with EGL_SWAP_BEHAVIOR_PRESERVED, retrying without...
07-02 17:05:33.871  5706  5719 W HWUI    : Failed to initialize 101010-2 format, error = EGL_SUCCESS
07-02 17:05:33.871  5706  5725 I ExpoModulesCore: ? Constants were exported
07-02 17:05:33.880  5706  5725 D CompatChangeReporter: Compat change id reported: 63938206; UID 10213; state: ENABLED
07-02 17:05:33.883  5706  5725 W unknown:ViewManagerPropertyUpdater: Could not find generated setter for class com.th3rdwave.safeareacontext.SafeAreaProviderManager
07-02 17:05:33.884  5706  5725 W unknown:ViewManagerPropertyUpdater: Could not find generated setter for class com.facebook.react.uimanager.LayoutShadowNode
07-02 17:05:33.885  5706  5725 W unknown:ViewManagerPropertyUpdater: Could not find generated setter for class com.swmansion.rnscreens.SearchBarManager
07-02 17:05:33.886  5706  5725 W unknown:ViewManagerPropertyUpdater: Could not find generated setter for class com.swmansion.rnscreens.ScreenFooterManager
07-02 17:05:33.886  5706  5725 W unknown:ViewManagerPropertyUpdater: Could not find generated setter for class expo.modules.kotlin.views.GroupViewManagerWrapper
07-02 17:05:33.887  5706  5725 W unknown:ViewManagerPropertyUpdater: Could not find generated setter for class com.swmansion.rnscreens.gamma.tabs.host.TabsHostViewManager
07-02 17:05:33.887  5706  5725 W unknown:ViewManagerPropertyUpdater: Could not find generated setter for class com.swmansion.rnscreens.ScreenContainerViewManager
07-02 17:05:33.887  5706  5725 W unknown:ViewManagerPropertyUpdater: Could not find generated setter for class com.swmansion.rnscreens.gamma.stack.header.subview.StackHeaderSubviewViewManager
07-02 17:05:33.889  5706  5725 W unknown:ViewManagerPropertyUpdater: Could not find generated setter for class com.swmansion.rnscreens.ModalScreenViewManager
07-02 17:05:33.889  5706  5725 W unknown:ViewManagerPropertyUpdater: Could not find generated setter for class com.swmansion.rnscreens.gamma.scrollviewmarker.ScrollViewMarkerViewManager
07-02 17:05:33.890  5706  5725 W unknown:ViewManagerPropertyUpdater: Could not find generated setter for class com.swmansion.rnscreens.ScreenStackHeaderConfigViewManager
07-02 17:05:33.890  5706  5725 W unknown:ViewManagerPropertyUpdater: Could not find generated setter for class com.swmansion.rnscreens.ScreenContentWrapperManager
07-02 17:05:33.891  5706  5725 W unknown:ViewManagerPropertyUpdater: Could not find generated setter for class com.th3rdwave.safeareacontext.SafeAreaViewManager
07-02 17:05:33.891  5706  5725 W unknown:ViewManagerPropertyUpdater: Could not find generated setter for class com.th3rdwave.safeareacontext.SafeAreaViewShadowNode
07-02 17:05:33.891  5706  5725 W unknown:ViewManagerPropertyUpdater: Could not find generated setter for class com.swmansion.rnscreens.safearea.SafeAreaViewManager
07-02 17:05:33.892  5706  5725 W unknown:ViewManagerPropertyUpdater: Could not find generated setter for class com.swmansion.rnscreens.ScreenViewManager
07-02 17:05:33.892  5706  5725 W unknown:ViewManagerPropertyUpdater: Could not find generated setter for class com.swmansion.rnscreens.gamma.stack.host.StackHostViewManager
07-02 17:05:33.893  5706  5725 W unknown:ViewManagerPropertyUpdater: Could not find generated setter for class com.swmansion.rnscreens.ScreenStackHeaderSubviewManager
07-02 17:05:33.893  5706  5725 W unknown:ViewManagerPropertyUpdater: Could not find generated setter for class com.swmansion.rnscreens.gamma.stack.screen.StackScreenViewManager
07-02 17:05:33.893  5706  5725 W unknown:ViewManagerPropertyUpdater: Could not find generated setter for class com.swmansion.rnscreens.ScreenStackViewManager
07-02 17:05:33.893  5706  5725 W unknown:ViewManagerPropertyUpdater: Could not find generated setter for class com.swmansion.rnscreens.gamma.stack.header.config.StackHeaderConfigViewManager
07-02 17:05:33.894  5706  5725 W unknown:ViewManagerPropertyUpdater: Could not find generated setter for class com.swmansion.rnscreens.gamma.tabs.screen.TabsScreenViewManager
07-02 17:05:33.906  5706  5725 W unknown:ViewManagerPropertyUpdater: Could not find generated setter for class com.facebook.react.views.safeareaview.ReactSafeAreaViewManager
07-02 17:05:33.907  5706  5725 W unknown:ViewManagerPropertyUpdater: Could not find generated setter for class com.facebook.react.views.modal.ReactModalHostManager
07-02 17:05:33.909  5706  5725 W unknown:ViewManagerPropertyUpdater: Could not find generated setter for class com.facebook.react.views.progressbar.ReactProgressBarViewManager
07-02 17:05:33.909  5706  5725 W unknown:ViewManagerPropertyUpdater: Could not find generated setter for class com.facebook.react.views.scroll.ReactHorizontalScrollViewManager
07-02 17:05:33.911  5706  5725 W unknown:ViewManagerPropertyUpdater: Could not find generated setter for class com.facebook.react.views.image.ReactImageManager
07-02 17:05:33.913  5706  5725 W unknown:ViewManagerPropertyUpdater: Could not find generated setter for class com.facebook.react.views.text.ReactTextViewManager
07-02 17:05:33.914  5706  5725 W unknown:ViewManagerPropertyUpdater: Could not find generated setter for class com.facebook.react.views.scroll.ReactHorizontalScrollContainerViewManager
07-02 17:05:33.915  5706  5725 W unknown:ViewManagerPropertyUpdater: Could not find generated setter for class com.facebook.react.views.unimplementedview.ReactUnimplementedViewManager
07-02 17:05:33.916  5706  5725 W unknown:ViewManagerPropertyUpdater: Could not find generated setter for class com.facebook.react.views.scroll.ReactScrollViewManager
07-02 17:05:33.917  5706  5725 W unknown:ViewManagerPropertyUpdater: Could not find generated setter for class com.facebook.react.views.view.ReactViewManager
07-02 17:05:33.917  5706  5725 W unknown:ViewManagerPropertyUpdater: Could not find generated setter for class com.facebook.react.views.drawer.ReactDrawerLayoutManager
07-02 17:05:33.918  5706  5725 W unknown:ViewManagerPropertyUpdater: Could not find generated setter for class com.facebook.react.views.switchview.ReactSwitchManager
07-02 17:05:33.919  5706  5725 W unknown:ViewManagerPropertyUpdater: Could not find generated setter for class com.facebook.react.views.swiperefresh.SwipeRefreshLayoutManager
07-02 17:05:33.920  5706  5725 W unknown:ViewManagerPropertyUpdater: Could not find generated setter for class com.facebook.react.views.textinput.ReactTextInputManager
07-02 17:05:33.921  5706  5725 W unknown:ViewManagerPropertyUpdater: Could not find generated setter for class com.facebook.react.views.text.SelectableTextViewManager
07-02 17:05:33.937   658   674 D ConnectivityService: requestNetwork for uid/pid:10213/5706 activeRequest: null callbackRequest: 202 [NetworkRequest [ REQUEST id=203, [ Capabilities: INTERNET&NOT_RESTRICTED&TRUSTED&NOT_VCN_MANAGED&NOT_BANDWIDTH_CONSTRAINED Uid: 10213 RequestorUid: 10213 RequestorPkg: com.healthyyou.app UnderlyingNetworks: Null] ]] callback flags: 0 order: 2147483647 isUidTracked: false declaredMethods: AVAIL|LOSING|LOST|UNAVAIL|NC|LP
07-02 17:05:33.939   658   795 D WifiNetworkFactory: got request NetworkRequest [ REQUEST id=203, [ Capabilities: INTERNET&NOT_RESTRICTED&TRUSTED&NOT_VCN_MANAGED&NOT_BANDWIDTH_CONSTRAINED Uid: 10213 RequestorUid: 10213 RequestorPkg: com.healthyyou.app UnderlyingNetworks: Null] ]
07-02 17:05:33.939   658   803 D ConnectivityService: NetReassign [no changes] [c 0] [a 0] [i 0]
07-02 17:05:33.939   658   795 D UntrustedWifiNetworkFactory: got request NetworkRequest [ REQUEST id=203, [ Capabilities: INTERNET&NOT_RESTRICTED&TRUSTED&NOT_VCN_MANAGED&NOT_BANDWIDTH_CONSTRAINED Uid: 10213 RequestorUid: 10213 RequestorPkg: com.healthyyou.app UnderlyingNetworks: Null] ]
07-02 17:05:33.939   658   795 D OemPaidWifiNetworkFactory: got request NetworkRequest [ REQUEST id=203, [ Capabilities: INTERNET&NOT_RESTRICTED&TRUSTED&NOT_VCN_MANAGED&NOT_BANDWIDTH_CONSTRAINED Uid: 10213 RequestorUid: 10213 RequestorPkg: com.healthyyou.app UnderlyingNetworks: Null] ]
07-02 17:05:33.939   658   795 D MultiInternetWifiNetworkFactory: got request NetworkRequest [ REQUEST id=203, [ Capabilities: INTERNET&NOT_RESTRICTED&TRUSTED&NOT_VCN_MANAGED&NOT_BANDWIDTH_CONSTRAINED Uid: 10213 RequestorUid: 10213 RequestorPkg: com.healthyyou.app UnderlyingNetworks: Null] ]
07-02 17:05:33.961  5706  5725 D nativeloader: Load /data/app/~~s_Pm7tFHR5jP0b_qAHhIxQ==/com.healthyyou.app-cHTIcvm3-JHozAcRJQHxOw==/base.apk!/lib/x86_64/librnscreens.so using class loader ns clns-7 (caller=/data/app/~~s_Pm7tFHR5jP0b_qAHhIxQ==/com.healthyyou.app-cHTIcvm3-JHozAcRJQHxOw==/base.apk!classes2.dex): ok
07-02 17:05:33.966  5706  5725 I ReactNativeJS: Running "main"
07-02 17:05:33.972  5706  5725 W ReactNativeJS: SafeAreaView has been deprecated and will be removed in a future release. Please use 'react-native-safe-area-context' instead. See https://github.com/AppAndFlow/react-native-safe-area-context
07-02 17:05:33.975  2345  2345 I BugleDataModel: ActionExecutorImpl: ACTION_EXECUTE_QUEUED_CountryCodeDetectorAction
07-02 17:05:33.976  2345  5625 I BugleDataModel: running action CountryCodeDetectorAction
07-02 17:05:33.977  2345  5625 I BugleDataModel: ActionExecutorImpl: ACTION_BACKGROUND_QUEUED_CountryCodeDetectorAction
07-02 17:05:33.977  2345  5625 I BugleDataModel: finished running action CountryCodeDetectorAction in 1 ms
07-02 17:05:33.986  2345  5611 I BugleDataModel: ActionExecutorImpl: ACTION_RESPONSE_QUEUED_CountryCodeDetectorAction
07-02 17:05:33.989  5706  5726 W unknown:ReactNative: StatusBarModule: Ignored status bar change, current activity is edge-to-edge.
07-02 17:05:33.989  5706  5726 W unknown:ReactNative: StatusBarModule: Ignored status bar change, current activity is edge-to-edge.
07-02 17:05:34.007  2345  5604 I BugleDataModel: running action SelfParticipantsRefreshAction
07-02 17:05:34.007  2345  5604 I BugleDataModel: ActionExecutorImpl: ACTION_BACKGROUND_QUEUED_SelfParticipantsRefreshAction
07-02 17:05:34.008  2345  2345 I BugleDataModel: ActionExecutorImpl: ACTION_EXECUTE_QUEUED_SelfParticipantsRefreshAction
07-02 17:05:34.008  2345  5604 I BugleDataModel: finished running action SelfParticipantsRefreshAction in 0 ms
07-02 17:05:34.011  2345  5625 I BugleDataModel: ParticipantFullRefresh: Start participant refresh. refreshMode: SELF_ONLY
07-02 17:05:34.017  2345  5625 I SubscriptionsTracker: SubscriptionsTracker#refreshSelfParticipantList([1]), with subIdToSimIdMap([])
07-02 17:05:34.037  5706  5706 W unknown:BridgelessReact: ReactHost{0}.ReactContext.onHostResume()
07-02 17:05:34.039  5706  5706 W unknown:BridgelessReact: ReactHost{0}.getOrCreateReactInstanceTask(): Executing ReactInstanceEventListeners
07-02 17:05:34.040  5706  5706 W unknown:ViewManagerPropertyUpdater: Could not find generated setter for class com.facebook.react.uimanager.RootViewManager
07-02 17:05:34.043  2345  5625 I Bugle   : getRawTelephonyPhoneNumber redacted-pii[12-chars] [CONTEXT sub_id=1 ]
07-02 17:05:34.047   658   678 I ActivityTaskManager: Displayed com.healthyyou.app/.MainActivity for user 0: +568ms
07-02 17:05:34.050  2345  5625 I Bugle   : SubscriptionUtils.getCanonicalForSelf: self=redacted-pii[12-chars], country=US [CONTEXT sub_id=1 ]
07-02 17:05:34.068   895   963 W WindowOnBackDispatcher: sendCancelIfRunning: isInProgress=false callback=android.view.ViewRootImpl$$ExternalSyntheticLambda13@978075f
07-02 17:05:34.070   658  1614 D CoreBackPreview: Window{fd78007 u0 Splash Screen com.healthyyou.app EXITING}: Setting back callback null
07-02 17:05:34.077  1057  1057 D BaseDepthController: setSurface:
07-02 17:05:34.077  1057  1057 D BaseDepthController: 	mWaitingOnSurfaceValidity: false
07-02 17:05:34.077  1057  1057 D BaseDepthController: 	mSurface: null
07-02 17:05:34.078  1057  1057 D BaseDepthController: mSurface is null and mCurrentBlur is: 0
07-02 17:05:34.078  1057  1057 D StateManager: goToState - fromState: Normal, toState: Normal, partial trace:
07-02 17:05:34.078  1057  1057 D StateManager: 	at com.android.launcher3.statemanager.StateManager.moveToRestState(go/retraceme 3b224f24b7011ff2b8f3ec383b256aa6cde54792fadda945a2f0c96bb78b055c:5)
07-02 17:05:34.078  1057  1057 D StateManager: 	at com.android.launcher3.statemanager.StateManager.moveToRestState(go/retraceme 3b224f24b7011ff2b8f3ec383b256aa6cde54792fadda945a2f0c96bb78b055c:2)
07-02 17:05:34.078  1057  1057 D StateManager: 	at com.android.launcher3.statemanager.StatefulActivity.onStop(go/retraceme 3b224f24b7011ff2b8f3ec383b256aa6cde54792fadda945a2f0c96bb78b055c:34)
07-02 17:05:34.079  1057  1057 D StatsLog: LAUNCHER_ONSTOP
07-02 17:05:34.080  1057  1057 D StatsLog: LAUNCHER_GOOGLE_SEARCH_RESTORE_LIST_SIZE_AFTER_ACTIVITY_RESTART
07-02 17:05:34.089  5706  5740 I .healthyyou.app: AssetManager2(0x7a1b9a4eaa58) locale list changing from [] to [en-US]
07-02 17:05:34.089  5706  5740 I WebViewFactory: Loading com.google.android.webview version 149.0.7827.159 (code 782715908)
07-02 17:05:34.090  2345  5625 I Bugle   : getRawTelephonyPhoneNumber redacted-pii[12-chars] [CONTEXT sub_id=1 ]
07-02 17:05:34.090  5706  5740 I .healthyyou.app: AssetManager2(0x7a1b9a4eef18) locale list changing from [] to [en-US]
07-02 17:05:34.090  5706  5740 I .healthyyou.app: AssetManager2(0x7a1b9a4ebd18) locale list changing from [] to [en-US]
07-02 17:05:34.094  5706  5740 I .healthyyou.app: AssetManager2(0x7a1b9a4ead78) locale list changing from [] to [en-US]
07-02 17:05:34.094  5706  5740 I .healthyyou.app: AssetManager2(0x7a1b9a4f01d8) locale list changing from [] to [en-US]
07-02 17:05:34.095  5706  5740 V ResourcesManager: The following library key has been added: ResourcesKey{ mHash=c664cb37 mResDir=null mSplitDirs=[] mOverlayDirs=[/product/overlay/NavigationBarModeGestural/NavigationBarModeGesturalOverlay.apk,/data/resource-cache/com.android.systemui-neutral-6Z2i.frro,/data/resource-cache/com.android.systemui-accent-dzcI.frro,/data/resource-cache/com.android.systemui-dynamic-TDhG.frro] mLibDirs=[/data/app/~~wERr8e_fy8njpHYogOqq-A==/com.google.android.webview-9j3AUq6cRIdQX3r8n2R5LQ==/base.apk,/system/framework/android.test.base.jar,/system_ext/framework/androidx.window.extensions.jar] mDisplayId=0 mOverrideConfig=v36 mCompatInfo={420dpi always-compat} mLoaders=[]}
07-02 17:05:34.097  5706  5740 D ApplicationLoaders: Returning zygote-cached class loader: /system/framework/android.test.base.jar
07-02 17:05:34.097  5706  5740 D ApplicationLoaders: Returning zygote-cached class loader: /system_ext/framework/androidx.window.extensions.jar
07-02 17:05:34.104   658   767 I ImeTracker: com.healthyyou.app:9cceff01: onRequestHide at ORIGIN_SERVER reason HIDE_UNSPECIFIED_WINDOW fromUser false
07-02 17:05:34.105  5706  5740 D nativeloader: Configuring clns-8 for other apk /data/app/~~wERr8e_fy8njpHYogOqq-A==/com.google.android.webview-9j3AUq6cRIdQX3r8n2R5LQ==/base.apk. target_sdk_version=36, uses_libraries=, library_path=/data/app/~~wERr8e_fy8njpHYogOqq-A==/com.google.android.webview-9j3AUq6cRIdQX3r8n2R5LQ==/lib/x86_64:/data/app/~~wERr8e_fy8njpHYogOqq-A==/com.google.android.webview-9j3AUq6cRIdQX3r8n2R5LQ==/base.apk!/lib/x86_64, permitted_path=/data:/mnt/expand
07-02 17:05:34.105  2345  5625 I Bugle   : getRawTelephonyPhoneNumber redacted-pii[12-chars] [CONTEXT sub_id=1 ]
07-02 17:05:34.106  5706  5706 D InsetsController: hide(ime(), fromIme=false)
07-02 17:05:34.106  2345  5625 I Bugle   : SubscriptionUtils.getCanonicalForSelf: self=redacted-pii[12-chars], country=US [CONTEXT sub_id=1 ]
07-02 17:05:34.106  5706  5706 I ImeTracker: com.healthyyou.app:9cceff01: onCancelled at PHASE_CLIENT_ALREADY_HIDDEN
07-02 17:05:34.115  1304  1304 I GoogleInputMethodService: GoogleInputMethodService.onFinishInput():2274 
07-02 17:05:34.117   658   851 D BackgroundInstallControlService: Package event received: 0
07-02 17:05:34.117  1304  1304 I Module  : DeviceLockedStatusModuleProvider$Module.updateDeviceLockedStatusInternal():128 repeatCheckTimes = 0, locked = false
07-02 17:05:34.117  2345  5625 I Bugle   : getRawTelephonyPhoneNumber redacted-pii[12-chars] [CONTEXT sub_id=1 ]
07-02 17:05:34.119  1304  1304 I GoogleInputMethodService: GoogleInputMethodService.onStartInput():1459 onStartInput(EditorInfo{EditorInfo{packageName=com.healthyyou.app, inputType=0, inputTypeString=NULL, enableLearning=false, autoCorrection=false, autoComplete=false, imeOptions=0, privateImeOptions=null, actionName=UNSPECIFIED, actionLabel=null, initialSelStart=-1, initialSelEnd=-1, initialCapsMode=0, label=null, fieldId=0, fieldName=null, extras=null, hintText=null, hintLocales=[]}}, false)
07-02 17:05:34.119  1304  1304 I LatinIMEBase: LatinIMEBase.updateInputViewCoverNavigation():317 Update input view padding, isNavbarOverInputWindow=true, bottom inset=126
07-02 17:05:34.120  1304  1304 I Module  : DeviceLockedStatusModuleProvider$Module.updateDeviceLockedStatusInternal():128 repeatCheckTimes = 1, locked = false
07-02 17:05:34.121   658  1694 W PackageConfigPersister: App-specific configuration not found for packageName: com.healthyyou.app and userId: 0
07-02 17:05:34.125  2345  5625 I SubscriptionsTracker: SubscriptionsTracker bindToTrackingMap bound participants: [ParticipantId=1 subId=-1, ParticipantId=2 subId=1]
07-02 17:05:34.126  2345  5625 I SubscriptionsTracker: set orderedRowIdAndTokenPairs: [rowId=2 subId= 1 token=933299cd-1885-4a52-a157-a6d62f2979d1, rowId=1 subId= -1 token=cc32b1b8-e4be-40d4-a65f-6f8619c5f7bf]
07-02 17:05:34.144  2345  5625 I Bugle   : getRawTelephonyPhoneNumber redacted-pii[12-chars] [CONTEXT sub_id=1 ]
07-02 17:05:34.146  2345  5625 I Bugle   : SubscriptionUtils.getCanonicalForSelf: self=redacted-pii[12-chars], country=US [CONTEXT sub_id=1 ]
07-02 17:05:34.192  2345  5628 I BugleSelfIdentity: Active SelfIdentities [SelfIdentity{id:2, subIds: [1]}]
07-02 17:05:34.199  2345  5625 I Bugle   : getRawTelephonyPhoneNumber redacted-pii[12-chars] [CONTEXT sub_id=1 ]
07-02 17:05:34.200  2345  5625 I Bugle   : SubscriptionUtils.getCanonicalForSelf: self=redacted-pii[12-chars], country=US [CONTEXT sub_id=1 ]
07-02 17:05:34.208  5706  5740 I cr_WVCFactoryProvider: version=149.0.7827.159 (782715908) minSdkVersion=29 multiprocess=true packageId=2 splits=<none>
07-02 17:05:34.211  5706  5740 D nativeloader: Load /data/app/~~wERr8e_fy8njpHYogOqq-A==/com.google.android.webview-9j3AUq6cRIdQX3r8n2R5LQ==/base.apk!/lib/x86_64/libwebviewchromium.so using class loader ns clns-8 (caller=/data/app/~~wERr8e_fy8njpHYogOqq-A==/com.google.android.webview-9j3AUq6cRIdQX3r8n2R5LQ==/base.apk): ok
07-02 17:05:34.212  5706  5740 D nativeloader: Load /system/lib64/libwebviewchromium_plat_support.so using class loader ns clns-8 (caller=/data/app/~~wERr8e_fy8njpHYogOqq-A==/com.google.android.webview-9j3AUq6cRIdQX3r8n2R5LQ==/base.apk): ok
07-02 17:05:34.215  5706  5746 I chromium: [0702/170534.215311:INFO:android_webview/browser/variations/variations_seed_loader.cc:67] Failed to open file for reading.: No such file or directory (2)
07-02 17:05:34.215  5706  5746 I chromium: [0702/170534.215616:INFO:android_webview/browser/variations/variations_seed_loader.cc:67] Failed to open file for reading.: No such file or directory (2)
07-02 17:05:34.220  5706  5740 I cr_LibraryLoader: Successfully loaded native library
07-02 17:05:34.220  5706  5740 I cr_CachingUmaRecorder: Flushed 41 samples from 19 histograms, 0 samples were dropped.
07-02 17:05:34.221  2345  5625 I BugleDataModel: ParticipantFullRefresh: Number of participants refreshed: 0
07-02 17:05:34.223  2345  5625 I BugleDataModel: ActionExecutorImpl: ACTION_RESPONSE_QUEUED_SelfParticipantsRefreshAction
07-02 17:05:34.232  2345  2438 I Bugle   : getRawTelephonyPhoneNumber redacted-pii[12-chars] [CONTEXT sub_id=1 ]
07-02 17:05:34.233  2345  2438 I Bugle   : SubscriptionUtils.getCanonicalForSelf: self=redacted-pii[12-chars], country=US [CONTEXT sub_id=1 ]
07-02 17:05:34.236  2345  2438 I BugleSelfIdentity: Phone number for MyIdentity 933299cd-1885-4a52-a157-a6d62f2979d1 does not change [CONTEXT sub_id=1 icc_id="redacted-pii[20-chars]" messaging_identity="redacted-pii[12-chars]" rcs_provisioning_id="redacted-pii[0-chars]" ]
07-02 17:05:34.248  2345  2438 I Bugle   : getRawTelephonyPhoneNumber redacted-pii[12-chars] [CONTEXT sub_id=1 ]
07-02 17:05:34.248  2345  2435 I Bugle   : getRawTelephonyPhoneNumber redacted-pii[12-chars] [CONTEXT sub_id=1 ]
07-02 17:05:34.249  2345  2438 I Bugle   : SubscriptionUtils.getCanonicalForSelf: self=redacted-pii[12-chars], country=US [CONTEXT sub_id=1 ]
07-02 17:05:34.250  2345  2435 I Bugle   : SubscriptionUtils.getCanonicalForSelf: self=redacted-pii[12-chars], country=US [CONTEXT sub_id=1 ]
07-02 17:05:34.252  5706  5725 W HWUI    : Image decoding logging dropped!
07-02 17:05:34.252  2345  2435 I BugleSelfIdentity: Phone number for MyIdentity 933299cd-1885-4a52-a157-a6d62f2979d1 does not change [CONTEXT sub_id=1 icc_id="redacted-pii[20-chars]" messaging_identity="redacted-pii[12-chars]" rcs_provisioning_id="redacted-pii[0-chars]" ]
07-02 17:05:34.252  5706  5725 W HWUI    : Image decoding logging dropped!
07-02 17:05:34.254  2345  2438 I BugleSelfIdentity: Phone number for MyIdentity 933299cd-1885-4a52-a157-a6d62f2979d1 does not change [CONTEXT sub_id=1 icc_id="redacted-pii[20-chars]" messaging_identity="redacted-pii[12-chars]" rcs_provisioning_id="redacted-pii[0-chars]" ]
07-02 17:05:34.254  5706  5725 D CompatChangeReporter: Compat change id reported: 303326708; UID 10213; state: ENABLED
07-02 17:05:34.333  5706  5706 D AutofillManager: view not autofillable - not passing ime action check
07-02 17:05:34.333  5706  5706 D AutofillManager: view not autofillable - not passing ime action check
07-02 17:05:34.354  5706  5764 D nativeloader: Load /data/app/~~s_Pm7tFHR5jP0b_qAHhIxQ==/com.healthyyou.app-cHTIcvm3-JHozAcRJQHxOw==/base.apk!/lib/x86_64/libimagepipeline.so using class loader ns clns-7 (caller=/data/app/~~s_Pm7tFHR5jP0b_qAHhIxQ==/com.healthyyou.app-cHTIcvm3-JHozAcRJQHxOw==/base.apk!classes2.dex): ok
07-02 17:05:34.371  5706  5765 W HWUI    : Image decoding logging dropped!
07-02 17:05:34.380  1208  2254 I FontLog : (REDACTED) Received query %s, URI %s
07-02 17:05:34.380  1208  2254 I FontLog : (REDACTED) Query [%s] resolved to %s
07-02 17:05:34.384  1208  2254 I FontLog : (REDACTED) Fetch %s end status %s
07-02 17:05:34.387  1208  2254 I FontLog : (REDACTED) Pulling font file for id = %d, cache size = %d
07-02 17:05:34.390  1208  2254 I FontLog : (REDACTED) Pulling font file for id = %d, cache size = %d
07-02 17:05:34.584   658  1416 E TaskPersister: File error accessing recents directory (directory doesn't exist?).
07-02 17:05:35.804  5594  5674 I DialerPrimesLoggerHolder: com.google.android.libraries.performance.primes.flightrecorder.FlightRecordReaderImpl.getFlightRecord:100 Failed to find any valid flight records for process id 2114
07-02 17:05:35.845  5594  5623 V ClearcutMetricXmitter: Transmission is done.
07-02 17:05:35.846  5594  5623 V ClearcutMetricXmitter: Transmission is done.
07-02 17:05:35.846  5594  5623 V ClearcutMetricXmitter: Transmission is done.
07-02 17:05:35.847  5594  5623 V ClearcutMetricXmitter: Transmission is done.
07-02 17:05:37.576   658   750 D ActivityManager: freezing 5550 com.android.carrierdefaultapp
07-02 17:05:37.577   658   803 D InetDiagMessage: Destroyed 0 sockets, proto=IPPROTO_TCP, family=AF_INET, states=14
07-02 17:05:37.578   658   803 D InetDiagMessage: Destroyed 0 sockets, proto=IPPROTO_TCP, family=AF_INET6, states=14
07-02 17:05:37.578   658   803 D InetDiagMessage: Destroyed live tcp sockets for uids={10116} in 1ms
07-02 17:05:37.661   658   728 D OomAdjuster: Not killing cached processes
07-02 17:05:38.436   658   750 D ActivityManager: freezing 3537 com.google.android.cellbroadcastreceiver
07-02 17:05:38.437  3409  3425 W System  : A resource failed to call close. 
07-02 17:05:38.438   658   803 D InetDiagMessage: Destroyed 0 sockets, proto=IPPROTO_TCP, family=AF_INET, states=14
07-02 17:05:38.438   658   803 D InetDiagMessage: Destroyed 0 sockets, proto=IPPROTO_TCP, family=AF_INET6, states=14
07-02 17:05:38.438   658   803 D InetDiagMessage: Destroyed live tcp sockets for uids={10196} in 1ms
07-02 17:05:38.976   658   803 D InetDiagMessage: Destroyed 0 sockets, proto=IPPROTO_TCP, family=AF_INET, states=14
07-02 17:05:38.976   658   803 D InetDiagMessage: Destroyed 0 sockets, proto=IPPROTO_TCP, family=AF_INET6, states=14
07-02 17:05:38.976   658   803 D InetDiagMessage: Destroyed live tcp sockets for uids={10138} in 0ms
07-02 17:05:38.977   658   803 D InetDiagMessage: Destroyed 0 sockets, proto=IPPROTO_TCP, family=AF_INET, states=14
07-02 17:05:38.977   658   803 D InetDiagMessage: Destroyed 0 sockets, proto=IPPROTO_TCP, family=AF_INET6, states=14
07-02 17:05:38.977   658   803 D InetDiagMessage: Destroyed live tcp sockets for uids={20138} in 1ms
07-02 17:05:39.191  5706  5767 D ProfileInstaller: Installing profile for com.healthyyou.app
07-02 17:05:40.270  1529  1534 W d.process.acore: Cleared Reference was only reachable from finalizer (only reported once)
07-02 17:05:40.683  1649  5768 I GmscoreIpa: Starting mediastore instant index [CONTEXT service_id=255 ]
07-02 17:05:41.661  5770  5770 D AndroidRuntime: >>>>>> START com.android.internal.os.RuntimeInit uid 2000 <<<<<<
07-02 17:05:41.666  5770  5770 I AndroidRuntime: Using default boot image
07-02 17:05:41.666  5770  5770 I AndroidRuntime: Leaving lock profiling enabled
07-02 17:05:41.668  5770  5770 I app_process: Using CollectorTypeCMC GC.
07-02 17:05:41.752  5770  5770 D nativeloader: InitDefaultPublicLibraries for_preload=1: libandroid.so:libaaudio.so:libamidi.so:libbinder_ndk.so:libc.so:libcamera2ndk.so:libdl.so:libEGL.so:libGLESv1_CM.so:libGLESv2.so:libGLESv3.so:libicu.so:libicui18n.so:libicuuc.so:libjnigraphics.so:liblog.so:libmediandk.so:libm.so:libnativehelper.so:libnativewindow.so:libOpenMAXAL.so:libOpenSLES.so:libRS.so:libstdc++.so:libsync.so:libvulkan.so:libwebviewchromium_plat_support.so:libz.so
07-02 17:05:41.762  5770  5770 D nativeloader: Load libicu_jni.so using APEX ns com_android_art for caller /apex/com.android.art/javalib/core-oj.jar: ok
07-02 17:05:41.763  5770  5770 D app_process: u_setTimeZoneFilesDirectory("/apex/com.android.tzdata/etc/tz/versioned/9/icu") succeeded. 
07-02 17:05:41.763  5770  5770 D app_process: I18n APEX ICU file found: /apex/com.android.i18n/etc/icu/icudt76l.dat
07-02 17:05:41.763  5770  5770 D nativeloader: Load libjavacore.so using APEX ns com_android_art for caller /apex/com.android.art/javalib/core-oj.jar: ok
