07-02 17:05:27.477   658   679 W Looper  : Slow dispatch took 109ms android.ui app=system_server main=false group=TOP_APP h=com.android.server.am.ActivityManagerService$UiHandler c=null m=68
07-02 17:05:27.480  1042  1042 I ImsExternalCallTracker: handleVideoCapabilitiesChanged : isVideoCapable = false
07-02 17:05:27.480  1042  1042 D ImsExternalCallTracker: refreshCallPullState
07-02 17:05:27.480  1042  1042 I Telephony: handleVideoCapabilitesChanged. Video capability - false
07-02 17:05:27.481  1042  1042 D Telephony: isEmergencyPreferredAccount: subId=1, activeData=1
07-02 17:05:27.482  1042  1042 D Telephony: isEmergencyPreferredAccount: Device does not require preference.
07-02 17:05:27.482  1042  1042 W Telephony: registerMmTelCapabilityCallback: registration failed, no ImsService available. Exception: code: 1
07-02 17:05:27.483  1208  1637 I NearbyPresence: (REDACTED) %s: removing devices: %s
07-02 17:05:27.483  1042  1042 I Telephony: isRttCurrentlySupported -- regular acct, hasVoiceAvailability: false
07-02 17:05:27.483  1042  1042 I Telephony:  isRttSupported: false
07-02 17:05:27.483  1042  1042 I Telephony:  alwaysAllowWhileRoaming: false
07-02 17:05:27.483  1042  1042 I Telephony:  isRoaming: false
07-02 17:05:27.483  1042  1042 I Telephony:  isOnWfc: false
07-02 17:05:27.484  1208  5295 I NearbyMediums: [WifiNetworkV2] networkCallback doLost netId:100 wifiStatusChangedCallbacks.size:0
07-02 17:05:27.486  1015  1177 I bt_stack_manager: system/btif/src/stack_manager.cc:389 event_shut_down_stack: finished
07-02 17:05:27.486  1015  1015 I AdapterState: OFF : entered 
07-02 17:05:27.486   658  1150 D BluetoothSystemServer: BluetoothManagerService: IBluetoothCallback.onBluetoothStateChange: prevState=BLE_TURNING_OFF newState=OFF
07-02 17:05:27.488  1208  1637 I NearbyPresence: (REDACTED) %s verified [==] new request %s equals to the old request
07-02 17:05:27.489  1208  1637 I NearbyPresence: (REDACTED) %s verified [==] new request %s equals to the old request
07-02 17:05:27.490  1208  1637 I NearbyPresence: (REDACTED) %s verified [==] new request %s equals to the old request
07-02 17:05:27.490  1208  1637 I NearbyPresence: (REDACTED) %s verified [==] new request %s equals to the old request
07-02 17:05:27.490  5550  5550 D CarrierActionUtils: onCancelAllNotifications
07-02 17:05:27.494   658   803 W ContextImpl: Calling a method in the system process without a qualified user: android.app.ContextImpl.sendStickyBroadcast:1700 android.net.connectivity.com.android.server.ConnectivityService.sendStickyBroadcast:4051 android.net.connectivity.com.android.server.ConnectivityService.sendLegacyNetworkBroadcast:12345 android.net.connectivity.com.android.server.ConnectivityService$LegacyTypeTracker.remove:1325 android.net.connectivity.com.android.server.ConnectivityService$LegacyTypeTracker.remove:1342 
07-02 17:05:27.496   658  1761 W ScanResultUtil: Empty or null ScanResult list
07-02 17:05:27.496   658  1761 W WifiService: Attempt to retrieve WifiConfiguration with invalid scanResult List
07-02 17:05:27.497  5550  5550 D CarrierDefaultBroadcastReceiver: apply carrier action idx: 8
07-02 17:05:27.497  5550  5550 D CarrierActionUtils: onDisableDefaultURLHandler
07-02 17:05:27.497   658  1761 W ScanResultUtil: Empty or null ScanResult list
07-02 17:05:27.497   658  1761 E WifiService: Attempt to retrieve passpoint with invalid scanResult List
07-02 17:05:27.498   658   986 W ScanResultUtil: Empty or null ScanResult list
07-02 17:05:27.498   658   986 W WifiService: Attempt to retrieve OsuProviders with invalid scanResult List
07-02 17:05:27.501  1015  1015 I BluetoothMetricsLogger: drainBufferedCounters().
07-02 17:05:27.502  1208  1625 I NearbySharing: Broadcasting NearbySharing state change.
07-02 17:05:27.503   658   763 D BluetoothSystemServer: BluetoothManagerService: MESSAGE_BLUETOOTH_STATE_CHANGE: prevState=BLE_TURNING_OFF newState=OFF
07-02 17:05:27.503   658   763 D BluetoothSystemServer: BluetoothManagerService: bluetoothStateChangeHandler: Bluetooth is OFF send Service Down
07-02 17:05:27.503   658   763 D BluetoothSystemServer: BluetoothManagerService: Broadcasting sendBluetoothServiceDownCallback() to 9 receivers.
07-02 17:05:27.504   658   763 D BluetoothAdapter: onBluetoothServiceDown
07-02 17:05:27.504  3987  5207 D BluetoothAdapter: onBluetoothServiceDown
07-02 17:05:27.505  1649  1726 D BluetoothAdapter: onBluetoothServiceDown
07-02 17:05:27.504  3263  3301 D BluetoothAdapter: onBluetoothServiceDown
07-02 17:05:27.505   895  1124 D BluetoothAdapter: onBluetoothServiceDown
07-02 17:05:27.505  1042  1294 D BluetoothAdapter: onBluetoothServiceDown
07-02 17:05:27.505   658   763 D BluetoothSystemServer: BluetoothManagerService: unbindAndFinish(): mAdapter=[Binder=166255064, createdAt=07-02 16:57:37.465] isBinding=false
07-02 17:05:27.506   658   803 D ConnectivityService: Switching to new default network for: uid/pid:1000/658 activeRequest: null callbackRequest: 15 [NetworkRequest [ TRACK_DEFAULT id=15, [ Capabilities: INTERNET&NOT_RESTRICTED&TRUSTED&NOT_VPN&NOT_VCN_MANAGED&NOT_BANDWIDTH_CONSTRAINED Uid: 10140 RequestorUid: 1000 RequestorPkg: android UnderlyingNetworks: Null] ], NetworkRequest [ REQUEST id=16, [ Transports: SATELLITE Capabilities: INTERNET&TRUSTED&NOT_VPN&NOT_VCN_MANAGED Uid: 10140 UnderlyingNetworks: Null] ]] callback flags: 0 order: 40 isUidTracked: false declaredMethods: NONE using NetworkAgentInfo{network{52}  handle{226743996429}  ni{ IDLE} created=2026-07-02T11:27:34.833Z Score(Policies :  ; KeepConnected : 0)   lp{{LinkAddresses: [ ] DnsAddresses: [ ] Domains: null MTU: 0 Routes: [ ]}}  nc{[ Capabilities: NOT_RESTRICTED&TRUSTED&NOT_VPN&NOT_BANDWIDTH_CONSTRAINED UnderlyingNetworks: Null]}  factorySerialNumber=0}
07-02 17:05:27.509   658   803 D ConnectivityService: NetReassign [15 : null ? 52] [c 0] [a 1] [i 2]
07-02 17:05:27.511  1208  2269 D BluetoothAdapter: onBluetoothServiceDown
07-02 17:05:27.511  1361  1385 D BluetoothAdapter: onBluetoothServiceDown
07-02 17:05:27.520  1208  2523 I NearbyDiscovery: (REDACTED) FastPairHandler: Received action %s
07-02 17:05:27.521  1208  1208 I PersonalSafety: Settings changed. [CONTEXT service_id=310 ]
07-02 17:05:27.522  1208  1637 D BluetoothAdapter: isLeEnabled(): BLE_TURNING_OFF
07-02 17:05:27.524  1015  1015 I AdapterProperties: getBondedDevices: length=0
07-02 17:05:27.527   438   501 W resolv  : resolv_stats_set_addrs: Network 100 not found for PROTO_DOT
07-02 17:05:27.527  1015  1015 W BluetoothSdpJni: android/app/jni/com_android_bluetooth_sdp.cpp:495 cleanupNative: Cleaning up Bluetooth SDP Interface...
07-02 17:05:27.527  1015  1015 W BluetoothSdpJni: android/app/jni/com_android_bluetooth_sdp.cpp:501 cleanupNative: Cleaning up Bluetooth SDP object
07-02 17:05:27.527   438   501 W resolv  : resolv_stats_set_addrs: Network 100 not found for PROTO_DOH
07-02 17:05:27.532  1015  1177 I bt_stack_manager: system/btif/src/stack_manager.cc:426 event_clean_up_stack: is cleaning up the stack
07-02 17:05:27.532  1015  1177 I bt_btif_core: system/btif/src/btif_core.cc:245 btif_cleanup_bluetooth: entered
07-02 17:05:27.532  1015  1177 I bt_btif_queue: system/btif/src/btif_profile_queue.cc:216 btif_queue_release: 
07-02 17:05:27.532  1015  1197 I bluetooth: system/common/message_loop_thread.cc:198 Run: message loop finished for thread bt_jni_thread
07-02 17:05:27.533  1015  1177 I bt_btif_core: system/btif/src/btif_core.cc:253 btif_cleanup_bluetooth: finished
07-02 17:05:27.533  1015  1177 I bt_core_module: system/btcore/src/module.cc:126 module_clean_up: Cleaning up module "stack_config_module"
07-02 17:05:27.533  1015  1177 I bt_core_module: system/btcore/src/module.cc:130 module_clean_up: Cleanup of module "stack_config_module" completed
07-02 17:05:27.533  1015  1177 I bt_core_module: system/btcore/src/module.cc:126 module_clean_up: Cleaning up module "interop_module"
07-02 17:05:27.536  1042  1042 W HWUI    : Image decoding logging dropped!
07-02 17:05:27.537  1042  1042 I Telephony: TelecomAccountRegistry$AccountEntry: registerPstnPhoneAccount: Registering account=[[ ] PhoneAccount: ComponentInfo{com.android.phone/com.android.services.telephony.TelephonyConnectionService}, 1, UserHandle{0} Capabilities: CallProvider MultiUser PlaceEmerg SimSub  Audio Routes: BESW Schemes: tel voicemail  Extras: Bundle[{android.telecom.extra.SUPPORTS_VIDEO_CALLING_FALLBACK=true}] GroupId: *** SC Restrictions: [ ]] with Telecom. subId=1
07-02 17:05:27.538   658  1150 I Telecom : TelecomServiceImpl$1: registerPhoneAccount: account=[[ ] PhoneAccount: ComponentInfo{com.android.phone/com.android.services.telephony.TelephonyConnectionService}, 1, UserHandle{0} Capabilities: CallProvider MultiUser PlaceEmerg SimSub  Audio Routes: BESW Schemes: tel voicemail  Extras: Bundle[{android.telecom.extra.SUPPORTS_VIDEO_CALLING_FALLBACK=true}] GroupId: *** SC Restrictions: [ ]]: TSI.rPA(cap)@AKI
07-02 17:05:27.539   658  1150 I Telecom : PhoneAccountRegistrar: Modify account: [ComponentInfo{com.android.phone/com.android.services.telephony.TelephonyConnectionService}, 1, UserHandle{0}]: TSI.rPA(cap)@AKI
07-02 17:05:27.540   658  1150 I Telecom : CallsManager: handlePhoneAccountChanged: phoneAccount=[[X] PhoneAccount: ComponentInfo{com.android.phone/com.android.services.telephony.TelephonyConnectionService}, 1, UserHandle{0} Capabilities: CallProvider MultiUser PlaceEmerg SimSub  Audio Routes: BESW Schemes: tel voicemail  Extras: Bundle[{android.telecom.extra.SUPPORTS_VIDEO_CALLING_FALLBACK=true}] GroupId: *** SC Restrictions: [ ]]: TSI.rPA(cap)@AKI
07-02 17:05:27.542   658  1150 I Telecom : PhoneAccountRegistrar: getSimCallManager: SimCallManager for subId 1 queried, returning: null: TSI.rPA(cap)@AKI
07-02 17:05:27.542   658  1150 I Telecom : PhoneAccountRegistrar: Notifying telephony of voice service override change for 1 SIMs, hasService = false: TSI.rPA(cap)@AKI
07-02 17:05:27.546  1042  1042 I PhoneInterfaceManager: setVoiceServiceStateOverride: subId=1, phone=Handler (com.android.internal.telephony.GsmCdmaPhone) {34622b}, hasService=false, callingPackage=com.android.server.telecom
07-02 17:05:27.547  1649  1649 I NearbySharing: SharingTileService created.
07-02 17:05:27.548  1042  1042 D MultiSimSettingController: onSubscriptionsChanged
07-02 17:05:27.548  1042  1042 D MultiSimSettingController: isReadyToReevaluate: subInfoInitialized=true, carrierConfigsLoaded=true, satelliteEnabledOrBeingEnabled=false
07-02 17:05:27.549  1042  1042 D MultiSimSettingController: updateDefaults
07-02 17:05:27.549  1042  1042 D MultiSimSettingController: isReadyToReevaluate: subInfoInitialized=true, carrierConfigsLoaded=true, satelliteEnabledOrBeingEnabled=false
07-02 17:05:27.550  1042  1042 D MultiSimSettingController: updateDefaultValues: change: 0
07-02 17:05:27.550  1042  1042 D MultiSimSettingController: isReadyToReevaluate: subInfoInitialized=true, carrierConfigsLoaded=true, satelliteEnabledOrBeingEnabled=false
07-02 17:05:27.552  1042  1042 D CallNotifier: updatePhoneStateListeners: update CF notifications.
07-02 17:05:27.552  1042  1042 I NotificationMgr: updateCfi: subId= 1, visible=N
07-02 17:05:27.553  1208  2523 I NearbyDiscovery: (REDACTED) FastPairHandler: Received action %s
07-02 17:05:27.553  1042  1042 I NotificationMgr: updateMwi(): subId 1 update to false
07-02 17:05:27.557  1015  1177 I bt_core_module: system/btcore/src/module.cc:130 module_clean_up: Cleanup of module "interop_module" completed
07-02 17:05:27.558  1015  1177 I bt_core_module: system/btcore/src/module.cc:126 module_clean_up: Cleaning up module "btif_config_module"
07-02 17:05:27.558  1015  1177 I bt_core_module: system/btcore/src/module.cc:130 module_clean_up: Cleanup of module "btif_config_module" completed
07-02 17:05:27.558  1015  1177 I bt_core_module: system/btcore/src/module.cc:126 module_clean_up: Cleaning up module "device_iot_config_module"
07-02 17:05:27.558  1015  1177 I device_iot_config: system/device/src/device_iot_config_int.cc:165 device_iot_config_module_clean_up: 
07-02 17:05:27.558  1015  1177 I bt_core_module: system/btcore/src/module.cc:130 module_clean_up: Cleanup of module "device_iot_config_module" completed
07-02 17:05:27.558  1015  1177 I bt_stack_manager: system/btif/src/stack_manager.cc:437 event_clean_up_stack: Gd shim module disabled
07-02 17:05:27.558  1015  1177 I bt_core_module: system/btcore/src/module.cc:106 module_shut_down: Shutting down module "gd_shim_module"
07-02 17:05:27.561  1015  1177 I bluetooth: system/main/shim/acl.cc:1644 FinalShutdown: Unregistered and cleared any orphaned ACL connections
07-02 17:05:27.562  1208  1625 I NearbySharing: Bluetooth is disabled
07-02 17:05:27.562  1208  1625 I NearbySharing: Uwb feature is off.
07-02 17:05:27.564  1208  1625 I NearbySharing: Stopping scanning because Bluetooth is disabled.
07-02 17:05:27.564  1015  1185 I BtGdModule: system/gd/module.cc:124 StopAll: Stopping Handler of Module Distance Measurement Manager
07-02 17:05:27.564  1015  1185 I BtGdModule: system/gd/module.cc:127 StopAll: Stopping Module Distance Measurement Manager
07-02 17:05:27.564  1015  1185 I BtGdModule: system/gd/module.cc:124 StopAll: Stopping Handler of Module RangingHalAndroid
07-02 17:05:27.564  1015  1185 I BtGdModule: system/gd/module.cc:127 StopAll: Stopping Module RangingHalAndroid
07-02 17:05:27.564  1015  1185 I BtGdModule: system/gd/module.cc:124 StopAll: Stopping Handler of Module Le Scanning Manager
07-02 17:05:27.564  1015  1185 I BtGdModule: system/gd/module.cc:127 StopAll: Stopping Module Le Scanning Manager
07-02 17:05:27.564  1015  1185 I BtGdModule: system/gd/module.cc:124 StopAll: Stopping Handler of Module Microsoft Extension Manager
07-02 17:05:27.564  1015  1184 I bluetooth: system/gd/hci/le_address_manager.cc:289 unregister_client: Client unregistered
07-02 17:05:27.564  1015  1185 I BtGdModule: system/gd/module.cc:127 StopAll: Stopping Module Microsoft Extension Manager
07-02 17:05:27.564  1015  1185 I bluetooth: system/gd/hci/msft.cc:74 stop: MsftExtensionManager stop()
07-02 17:05:27.564  1015  1185 I BtGdModule: system/gd/module.cc:124 StopAll: Stopping Handler of Module Le Advertising Manager
07-02 17:05:27.564  1015  1185 I BtGdModule: system/gd/module.cc:127 StopAll: Stopping Module Le Advertising Manager
07-02 17:05:27.565  1208  1625 I NearbySharing: Stopping Fast Init advertisement because Bluetooth is off.
07-02 17:05:27.565  1208  1625 I NearbySharing: Stopping advertising because Bluetooth is disabled.
07-02 17:05:27.568  1015  1185 I BtGdModule: system/gd/module.cc:124 StopAll: Stopping Handler of Module Acl Manager
07-02 17:05:27.568  1015  1185 I BtGdModule: system/gd/module.cc:127 StopAll: Stopping Module Acl Manager
07-02 17:05:27.568  1015  1185 W bluetooth: system/gd/os/handler.cc:48 Post: Posting to a handler which has been cleared
07-02 17:05:27.568  1015  1185 W bluetooth: system/gd/os/handler.cc:48 Post: Posting to a handler which has been cleared
07-02 17:05:27.570  1208  1208 I MagicTether: (REDACTED) [TetherService] BluetoothStateChangeReceiver: %s
07-02 17:05:27.575  1042  1042 I Telephony: TelecomAccountRegistry: onSubscriptionsChanged - update accounts
07-02 17:05:27.575  1042  1042 I Telephony: PstnIncomingCallNotifier: Unregistering: [0]
07-02 17:05:27.575  1042  1042 D Telephony: Unregistering: Handler (com.android.internal.telephony.GsmCdmaPhone) {34622b}
07-02 17:05:27.576  1042  1042 I PhoneInterfaceManager: unregisterMmTelCapabilityCallback: 1 is inactive, ignoring unregister.
07-02 17:05:27.576  1042  1042 I PhoneInterfaceManager: unregisterImsRegistrationCallback: 1is inactive, ignoring unregister.
07-02 17:05:27.577  1208  1625 I NearbySharing: There is no account metadata, return default instance.
07-02 17:05:27.577  1208  1496 W NearbyMediums: [BLUETOOTH_RADIO] State was changed outside of our control. Updating the snapshot to match current radio state.
07-02 17:05:27.579  1042  1042 I Telephony: TelecomAccountRegistry: setupAccounts: Found 1 phones.  Attempting to register.
07-02 17:05:27.579  1042  1042 I Telephony: TelecomAccountRegistry: setupAccounts: Phone with subscription id 1
07-02 17:05:27.579  1015  1185 I BtGdModule: system/gd/module.cc:124 StopAll: Stopping Handler of Module RemoteNameRequestModule
07-02 17:05:27.579  1015  1185 I BtGdModule: system/gd/module.cc:127 StopAll: Stopping Module RemoteNameRequestModule
07-02 17:05:27.579  1015  1185 I bluetooth: system/gd/hci/remote_name_request.cc:50 Stop: Stopping RemoteNameRequestModule
07-02 17:05:27.579  1015  1185 I BtGdModule: system/gd/module.cc:124 StopAll: Stopping Handler of Module AclSchedulerModule
07-02 17:05:27.579  1015  1185 I BtGdModule: system/gd/module.cc:127 StopAll: Stopping Module AclSchedulerModule
07-02 17:05:27.579  1015  1185 I BtGdModule: system/gd/module.cc:124 StopAll: Stopping Handler of Module Controller
07-02 17:05:27.579  1015  1185 I BtGdModule: system/gd/module.cc:127 StopAll: Stopping Module Controller
07-02 17:05:27.579  1015  1185 I BtGdModule: system/gd/module.cc:124 StopAll: Stopping Handler of Module Hci Layer
07-02 17:05:27.579  1015  1185 I BtGdModule: system/gd/module.cc:127 StopAll: Stopping Module Hci Layer
07-02 17:05:27.579  1015  1185 I bluetooth: system/gd/hal/hci_hal_android.cc:72 ResetCallback: callbacks have been reset!
07-02 17:05:27.580  1015  1185 I BtGdModule: system/gd/module.cc:124 StopAll: Stopping Handler of Module HciHal
07-02 17:05:27.580  1015  1185 I BtGdModule: system/gd/module.cc:127 StopAll: Stopping Module HciHal
07-02 17:05:27.580  1208  1625 I NearbySharing: Fast Initiation Scanning has stopped
07-02 17:05:27.580  1208  1625 I NearbySharing: Stopping FastInitiation scanning because Bluetooth is disabled.
07-02 17:05:27.581  1208  1625 I NearbySharing: Dismissing HUN as there's no device nearby.
07-02 17:05:27.582  1042  1042 V SimultaneousCallingTracker: Device is not simultaneous calling capable
07-02 17:05:27.583   464   464 I android.hardware.bluetooth.service.default: Close
07-02 17:05:27.584  1361  1796 I acds    : (REDACTED) isGrpcDeviceIntent: %s
07-02 17:05:27.585  1042  1042 D Telephony: isEmergencyPreferredAccount: subId=1, activeData=1
07-02 17:05:27.586  1042  1042 D Telephony: isEmergencyPreferredAccount: Device does not require preference.
07-02 17:05:27.587  1042  1042 I Telephony: isRttCurrentlySupported -- regular acct, hasVoiceAvailability: false
07-02 17:05:27.587  1042  1042 I Telephony:  isRttSupported: false
07-02 17:05:27.587  1042  1042 I Telephony:  alwaysAllowWhileRoaming: false
07-02 17:05:27.587  1042  1042 I Telephony:  isRoaming: false
07-02 17:05:27.587  1042  1042 I Telephony:  isOnWfc: false
07-02 17:05:27.594   464   464 E android.hardware.bluetooth.service.default: unable to open /dev/rfkill: Permission denied
07-02 17:05:27.594   464   464 E android.hardware.bluetooth.service.default: rfkill unavailable
07-02 17:05:27.596  1208  1208 I PersonalSafety: Settings changed. [CONTEXT service_id=310 ]
07-02 17:05:27.596  1404  1811 I BugleRcsEngine: Connected state: [2], networkType: [null] [CONTEXT thread_id=56 ]
07-02 17:05:27.597  1404  2317 I BugleRcsEngine: handleMessage processing message:[NOTIFY_UPTIME_IGNORE_STATE_CHANGED] with [non-null]:RcsEngineImpl reference [CONTEXT log_prefix="RcsEngineImpl[DUAL_REG]:[2a6dc33a-87aa]>Handler" thread_id=62 ]
07-02 17:05:27.597   464  1193 I BpBinder: onLastStrongRef automatically unlinking death recipients: android.hardware.bluetooth.IBluetoothHciCallbacks
07-02 17:05:27.598  1015  1185 I BtGdModule: system/gd/module.cc:124 StopAll: Stopping Handler of Module SnoopLogger
07-02 17:05:27.598  1015  1185 I BtGdModule: system/gd/module.cc:127 StopAll: Stopping Module SnoopLogger
07-02 17:05:27.598  1015  1185 I bluetooth: system/gd/hal/snoop_logger.cc:614 DisableFilters: persist.bluetooth.snooplogfilter.profiles.rfcomm.enabled, false
07-02 17:05:27.598  1015  1185 I bluetooth: system/gd/hal/snoop_logger.cc:614 DisableFilters: persist.bluetooth.snooplogfilter.profiles.a2dp.enabled, false
07-02 17:05:27.598  1015  1185 I bluetooth: system/gd/hal/snoop_logger.cc:614 DisableFilters: persist.bluetooth.snooplogfilter.headers.enabled, false
07-02 17:05:27.598  1015  1185 I bluetooth: system/gd/hal/snoop_logger.cc:618 DisableFilters: persist.bluetooth.snooplogfilter.profiles.map, disabled
07-02 17:05:27.598  1015  1185 I bluetooth: system/gd/hal/snoop_logger.cc:618 DisableFilters: persist.bluetooth.snooplogfilter.profiles.pbap, disabled
07-02 17:05:27.598  1208  1625 I NearbySharing: Broadcasting NearbySharing state change.
07-02 17:05:27.598  1015  1185 I bluetooth: system/gd/hal/snoop_logger.cc:345 delete_btsnoop_files: Deleting logs if they exist
07-02 17:05:27.599  1208  1625 I NearbySharing: There is no account metadata, return default instance.
07-02 17:05:27.602  1015  1185 I bluetooth: system/gd/hal/snoop_logger.cc:351 delete_btsnoop_files: Main log file does not exist at "/data/misc/bluetooth/logs/btsnooz_hci.log"
07-02 17:05:27.602  1015  1185 I bluetooth: system/gd/hal/snoop_logger.cc:359 delete_btsnoop_files: Last log file does not exist at "/data/misc/bluetooth/logs/btsnooz_hci.log"
07-02 17:05:27.602  1015  1185 I BtGdModule: system/gd/module.cc:124 StopAll: Stopping Handler of Module LinkClocker
07-02 17:05:27.602   441   441 D Zygote  : Forked child process 5594
07-02 17:05:27.602  1015  1185 I BtGdModule: system/gd/module.cc:127 StopAll: Stopping Module LinkClocker
07-02 17:05:27.602  1015  1185 I BtGdModule: system/gd/module.cc:124 StopAll: Stopping Handler of Module Low Power Processor Offload Manager
07-02 17:05:27.602  1015  1185 I BtGdModule: system/gd/module.cc:127 StopAll: Stopping Module Low Power Processor Offload Manager
07-02 17:05:27.602  1015  1185 I bluetooth: system/gd/lpp/lpp_offload_manager.cc:43 stop: 
07-02 17:05:27.602  1015  1185 I BtGdModule: system/gd/module.cc:124 StopAll: Stopping Handler of Module SocketHalAndroid
07-02 17:05:27.602  1015  1185 I BtGdModule: system/gd/module.cc:127 StopAll: Stopping Module SocketHalAndroid
07-02 17:05:27.603  1015  1185 I BluetoothCounterMetrics: system/gd/metrics/counter_metrics.cc:91 DrainBufferedCounters: Draining buffered counters
07-02 17:05:27.603   658   689 I ActivityManager: Start proc 5594:com.google.android.dialer/u0a138 for broadcast {com.google.android.dialer/com.android.dialer.voicemail.notification.receivers.MwiNotificationReceiver_Receiver}
07-02 17:05:27.603  1015  1185 I BluetoothCounterMetrics: system/gd/metrics/counter_metrics.cc:46 Stop: Counter metrics canceled
07-02 17:05:27.605  1015  1177 I BtGdWakelockNative: system/gd/os/android/wakelock_native.cc:103 CleanUp: Cleaning up native wake locks
07-02 17:05:27.605  1015  1177 I BtGdWakelockNative: system/gd/os/android/wakelock_native.cc:110 CleanUp: Unlink death recipient
07-02 17:05:27.606  1208  2523 I NearbyDiscovery: (REDACTED) FastPairHandler: Received action %s
07-02 17:05:27.606  1208  1625 W NearbyMediums: [WIFI_RADIO] State was changed outside of our control. Updating the snapshot to match current radio state.
07-02 17:05:27.607  1208  2229 W Settings: Setting airplane_mode_on has moved from android.provider.Settings.System to android.provider.Settings.Global, returning read-only value.
07-02 17:05:27.607  1208  1208 I PersonalSafety: Settings changed. [CONTEXT service_id=310 ]
07-02 17:05:27.609  1208  2523 I NearbyDiscovery: (REDACTED) FastPairHandler: Received action %s
07-02 17:05:27.609  1208  1208 I PersonalSafety: Settings changed. [CONTEXT service_id=310 ]
07-02 17:05:27.610  1208  1625 D BluetoothAdapter: isLeEnabled(): BLE_TURNING_OFF
07-02 17:05:27.611  1208  1625 D BluetoothAdapter: isLeEnabled(): BLE_TURNING_OFF
07-02 17:05:27.612  1015  1177 I bt_gd_shim: system/main/shim/stack.cc:199 Stop: Successfully shut down Gd stack
07-02 17:05:27.612  1015  1177 I bt_core_module: system/btcore/src/module.cc:110 module_shut_down: Shutdown of module "gd_shim_module" completed
07-02 17:05:27.612  1015  1177 I bt_core_module: system/btcore/src/module.cc:126 module_clean_up: Cleaning up module "osi_module"
07-02 17:05:27.612  1015  1183 I bt_osi_alarm: system/osi/src/alarm.cc:663 callback_dispatch: Callback thread exited
07-02 17:05:27.612  1015  1183 W bt_osi_thread: system/osi/src/thread.cc:253 run_thread: thread id 1183, thread name alarm_dispatcher exited
07-02 17:05:27.613  1015  1182 W bt_osi_thread: system/osi/src/thread.cc:253 run_thread: thread id 1182, thread name alarm_default_ca exited
07-02 17:05:27.613  1015  1177 I bt_core_module: system/btcore/src/module.cc:130 module_clean_up: Cleanup of module "osi_module" completed
07-02 17:05:27.613  1015  1179 I bluetooth: system/common/message_loop_thread.cc:198 Run: message loop finished for thread bt_main_thread
07-02 17:05:27.614  1015  1177 I bt_stack_manager: system/btif/src/stack_manager.cc:445 event_clean_up_stack: finished
07-02 17:05:27.614  1015  1177 I bluetooth: system/common/message_loop_thread.cc:198 Run: message loop finished for thread bt_stack_manager_thread
07-02 17:05:27.615  1015  1015 I BluetoothServiceJni: android/app/jni/com_android_bluetooth_btservice_AdapterService.cpp:1086 cleanupNative: return from cleanup
07-02 17:05:27.616  5594  5594 I .android.dialer: Using CollectorTypeCMC GC.
07-02 17:05:27.617  5594  5594 W .android.dialer: Unexpected CPU variant for x86: x86_64.
07-02 17:05:27.617  5594  5594 W .android.dialer: Known variants: atom, sandybridge, silvermont, goldmont, goldmont-plus, goldmont-without-sha-xsaves, tremont, kabylake, alderlake, default
07-02 17:05:27.622  1015  1015 I BluetoothAdapterService: killBluetoothProcess: Calling System.exit
07-02 17:05:27.624  1208  2523 I NearbyDiscovery: (REDACTED) FastPairHandler: Received action %s
07-02 17:05:27.624  1015  1015 I droid.bluetooth: System.exit called, status: 0
07-02 17:05:27.624  1015  1015 I AndroidRuntime: VM exiting with result code 0, cleanup skipped.
07-02 17:05:27.625  1208  2523 I NearbyDiscovery: (REDACTED) OffloadFastPairScanner: eventType=%s, isInternalReq=%s, isOffloadScanning=%s, isOffloadScanningAllowed=%s
07-02 17:05:27.625  1208  2523 I NearbyDiscovery: (REDACTED) FastPairScanner: isScreenOn=%s, isLocationEnabled=%s, disableLocationRequirement=%s, isDiscoveryScanningEnabled=%s, during24GhzWifiWarmingUpPeriod=%s
07-02 17:05:27.625  1208  2523 D BluetoothAdapter: isLeEnabled(): BLE_TURNING_OFF
07-02 17:05:27.625  1208  2523 I NearbyDiscovery: (REDACTED) FastPairScanner: eventType=%s, intReq=%s, scanning=%s, scanAllowed=%s, bleEnabled=%s, lockScanRate=%s, startScanningByLowPowerMode=%s
07-02 17:05:27.629  1208  2258 I NearbySharing: A new client has bound to the NearbySharingService ClientBridge for calling package com.google.android.gms and PID 1649
07-02 17:05:27.630  1208  5295 I NearbySharing: There is no account metadata, return default instance.
07-02 17:05:27.633  1208  1414 W GLSUser : [DeviceKeyStore] Cannot load key: Device key file not found.
07-02 17:05:27.637   658  1615 I ActivityManager: Process com.google.android.bluetooth (pid 1015) has died: cch+5 CEM 
07-02 17:05:27.637   658  1630 I BluetoothSystemServer: BluetoothManagerService: Successfully received Bluetooth death
07-02 17:05:27.639   658   763 D BluetoothSystemServer: BluetoothManagerService: Force sleep 100 ms for propagating Bluetooth app death
07-02 17:05:27.640   441   441 I Zygote  : Process 1015 exited cleanly (0)
07-02 17:05:27.643   658   691 I libprocessgroup: Removed cgroup /sys/fs/cgroup/system/uid_1002/pid_1015
07-02 17:05:27.645  1042  1042 I Telephony: TelecomAccountRegistry$AccountEntry: registerPstnPhoneAccount: Registering account=[[ ] PhoneAccount: ComponentInfo{com.android.phone/com.android.services.telephony.TelephonyConnectionService}, 1, UserHandle{0} Capabilities: CallProvider MultiUser PlaceEmerg SimSub  Audio Routes: BESW Schemes: tel voicemail  Extras: Bundle[{android.telecom.extra.SUPPORTS_VIDEO_CALLING_FALLBACK=true}] GroupId: *** SC Restrictions: [ ]] with Telecom. subId=1
07-02 17:05:27.647   658  1150 I Telecom : TelecomServiceImpl$1: registerPhoneAccount: account=[[ ] PhoneAccount: ComponentInfo{com.android.phone/com.android.services.telephony.TelephonyConnectionService}, 1, UserHandle{0} Capabilities: CallProvider MultiUser PlaceEmerg SimSub  Audio Routes: BESW Schemes: tel voicemail  Extras: Bundle[{android.telecom.extra.SUPPORTS_VIDEO_CALLING_FALLBACK=true}] GroupId: *** SC Restrictions: [ ]]: TSI.rPA(cap)@AKU
07-02 17:05:27.649   658  1150 I Telecom : PhoneAccountRegistrar: Modify account: [ComponentInfo{com.android.phone/com.android.services.telephony.TelephonyConnectionService}, 1, UserHandle{0}]: TSI.rPA(cap)@AKU
07-02 17:05:27.650   658  1150 I Telecom : CallsManager: handlePhoneAccountChanged: phoneAccount=[[X] PhoneAccount: ComponentInfo{com.android.phone/com.android.services.telephony.TelephonyConnectionService}, 1, UserHandle{0} Capabilities: CallProvider MultiUser PlaceEmerg SimSub  Audio Routes: BESW Schemes: tel voicemail  Extras: Bundle[{android.telecom.extra.SUPPORTS_VIDEO_CALLING_FALLBACK=true}] GroupId: *** SC Restrictions: [ ]]: TSI.rPA(cap)@AKU
07-02 17:05:27.653   658  1150 I Telecom : PhoneAccountRegistrar: getSimCallManager: SimCallManager for subId 1 queried, returning: null: TSI.rPA(cap)@AKU
07-02 17:05:27.654   658  1150 I Telecom : PhoneAccountRegistrar: Notifying telephony of voice service override change for 1 SIMs, hasService = false: TSI.rPA(cap)@AKU
07-02 17:05:27.654  1042  1042 I PhoneInterfaceManager: setVoiceServiceStateOverride: subId=1, phone=Handler (com.android.internal.telephony.GsmCdmaPhone) {34622b}, hasService=false, callingPackage=com.android.server.telecom
07-02 17:05:27.654  1042  1042 I Telephony: TelecomAccountRegistry$AccountEntry: Registered phoneAccount: [[ ] PhoneAccount: ComponentInfo{com.android.phone/com.android.services.telephony.TelephonyConnectionService}, 1, UserHandle{0} Capabilities: CallProvider MultiUser PlaceEmerg SimSub  Audio Routes: BESW Schemes: tel voicemail  Extras: Bundle[{android.telecom.extra.SUPPORTS_VIDEO_CALLING_FALLBACK=true}] GroupId: *** SC Restrictions: [ ]] with handle: ComponentInfo{com.android.phone/com.android.services.telephony.TelephonyConnectionService}, 1, UserHandle{0}
07-02 17:05:27.654  1042  1042 I Telephony: PstnIncomingCallNotifier: Registering: [0]
07-02 17:05:27.654  1042  1042 D Telephony: Registering: Handler (com.android.internal.telephony.GsmCdmaPhone) {34622b}
07-02 17:05:27.654  1042  1042 W Telephony: registerMmTelCapabilityCallback: registration failed, no ImsService available. Exception: code: 1
07-02 17:05:27.655  1042  1042 W Telephony: registerImsRegistrationCallback: registration failed, no ImsService available. Exception: code: 1
07-02 17:05:27.655  1042  1042 D Telephony: Finished registering mSimultaneousCallingTrackerListener for phoneId = 0; subId = 1
07-02 17:05:27.669  1208  1637 I NearbySharing: There is no account metadata, return default instance.
07-02 17:05:27.671  1208  4860 I MagicTether: [TetherService] starting runnable [CONTEXT service_id=276 ]
07-02 17:05:27.672  1208  4860 I MagicTether: [TetherService] Bluetooth is disabled, stopping service. [CONTEXT service_id=276 ]
07-02 17:05:27.678  5594  5594 I berberis: Initialized Berberis (aarch64), version 0.2.3
07-02 17:05:27.688  4067  4091 I exza    : Validating WorkManager process
07-02 17:05:27.689  4067  4084 I exza    : (REDACTED) Processes: %s, %s, %s, %s
07-02 17:05:27.693  1042  1042 I ImsExternalCallTracker: handleVideoCapabilitiesChanged : isVideoCapable = false
07-02 17:05:27.693  1042  1042 D ImsExternalCallTracker: refreshCallPullState
07-02 17:05:27.693  1042  1042 I Telephony: handleVideoCapabilitesChanged. Video capability - false
07-02 17:05:27.695   658   883 D ActivityManager: sync unfroze 2345 com.google.android.apps.messaging for 7
07-02 17:05:27.704   658   851 D BackgroundInstallControlService: Package event received: 0
07-02 17:05:27.716  1042  1042 D Telephony: isEmergencyPreferredAccount: subId=1, activeData=1
07-02 17:05:27.717  1042  1042 D Telephony: isEmergencyPreferredAccount: Device does not require preference.
07-02 17:05:27.717  1042  1042 W Telephony: registerMmTelCapabilityCallback: registration failed, no ImsService available. Exception: code: 1
07-02 17:05:27.718  1042  1042 I Telephony: isRttCurrentlySupported -- regular acct, hasVoiceAvailability: false
07-02 17:05:27.718  1042  1042 I Telephony:  isRttSupported: false
07-02 17:05:27.718  1042  1042 I Telephony:  alwaysAllowWhileRoaming: false
07-02 17:05:27.718  1042  1042 I Telephony:  isRoaming: false
07-02 17:05:27.718  1042  1042 I Telephony:  isOnWfc: false
07-02 17:05:27.740   658   763 D BluetoothSystemServer: BluetoothManagerService: broadcastIntentStateChange: action=BLE_STATE_CHANGED prevState=BLE_TURNING_OFF newState=OFF
07-02 17:05:27.742  4067  4091 D WM-PackageManagerHelper: Skipping component enablement for androidx.work.impl.background.systemjob.SystemJobService
07-02 17:05:27.742  4067  4091 D WM-Schedulers: Created SystemJobScheduler and enabled SystemJobService
07-02 17:05:27.749   658   851 D BackgroundInstallControlService: Package event received: 0
07-02 17:05:27.751  2345  2589 D WM-WorkConstraintsTrack: NetworkRequestConstraintController onLost callback
07-02 17:05:27.752  4067  4084 D WM-ForceStopRunnable: Is default app process = false
07-02 17:05:27.760   658   658 D BluetoothAdapter: isLeEnabled(): OFF
07-02 17:05:27.774  1042  1042 I Telephony: TelecomAccountRegistry$AccountEntry: registerPstnPhoneAccount: Registering account=[[ ] PhoneAccount: ComponentInfo{com.android.phone/com.android.services.telephony.TelephonyConnectionService}, 1, UserHandle{0} Capabilities: CallProvider MultiUser PlaceEmerg SimSub  Audio Routes: BESW Schemes: tel voicemail  Extras: Bundle[{android.telecom.extra.SUPPORTS_VIDEO_CALLING_FALLBACK=true}] GroupId: *** SC Restrictions: [ ]] with Telecom. subId=1
07-02 17:05:27.777   658  1762 I Telecom : TelecomServiceImpl$1: registerPhoneAccount: account=[[ ] PhoneAccount: ComponentInfo{com.android.phone/com.android.services.telephony.TelephonyConnectionService}, 1, UserHandle{0} Capabilities: CallProvider MultiUser PlaceEmerg SimSub  Audio Routes: BESW Schemes: tel voicemail  Extras: Bundle[{android.telecom.extra.SUPPORTS_VIDEO_CALLING_FALLBACK=true}] GroupId: *** SC Restrictions: [ ]]: TSI.rPA(cap)@AKg
07-02 17:05:27.778  1208  1208 I NearbyPresence: (REDACTED) %s: BLE OFF
07-02 17:05:27.781  1208  1208 I MagicTether: (REDACTED) [TetherService] BluetoothStateChangeReceiver: %s
07-02 17:05:27.784  1208  5295 I NearbyPresence: (REDACTED) %s verified [!=] new request %s does not equal to the old request %s
07-02 17:05:27.785  1208  5295 I NearbyPresence: (REDACTED) %s verified [==] new request %s equals to the old request
07-02 17:05:27.786   658  1762 I Telecom : PhoneAccountRegistrar: Modify account: [ComponentInfo{com.android.phone/com.android.services.telephony.TelephonyConnectionService}, 1, UserHandle{0}]: TSI.rPA(cap)@AKg
07-02 17:05:27.789   658  1762 I Telecom : CallsManager: handlePhoneAccountChanged: phoneAccount=[[X] PhoneAccount: ComponentInfo{com.android.phone/com.android.services.telephony.TelephonyConnectionService}, 1, UserHandle{0} Capabilities: CallProvider MultiUser PlaceEmerg SimSub  Audio Routes: BESW Schemes: tel voicemail  Extras: Bundle[{android.telecom.extra.SUPPORTS_VIDEO_CALLING_FALLBACK=true}] GroupId: *** SC Restrictions: [ ]]: TSI.rPA(cap)@AKg
07-02 17:05:27.789  1208  1625 W NearbyMediums: [BLUETOOTH_RADIO] State was changed outside of our control. Updating the snapshot to match current radio state.
07-02 17:05:27.790  1208  1496 I NearbySharing: Bluetooth is disabled
07-02 17:05:27.790  1208  1496 I NearbySharing: Uwb feature is off.
07-02 17:05:27.790  1208  1496 I NearbySharing: Stopping scanning because Bluetooth is disabled.
07-02 17:05:27.791  1208  1208 I PersonalSafety: Settings changed. [CONTEXT service_id=310 ]
07-02 17:05:27.791  1208  1208 I PersonalSafety: Ble setting turned off, destroy scanners [CONTEXT service_id=310 ]
07-02 17:05:27.793  1208  1496 I NearbySharing: Stopping Fast Init advertisement because Bluetooth is off.
07-02 17:05:27.793  1208  1496 I NearbySharing: Stopping advertising because Bluetooth is disabled.
07-02 17:05:27.793   658  1762 I Telecom : PhoneAccountRegistrar: getSimCallManager: SimCallManager for subId 1 queried, returning: null: TSI.rPA(cap)@AKg
07-02 17:05:27.794   658  1762 I Telecom : PhoneAccountRegistrar: Notifying telephony of voice service override change for 1 SIMs, hasService = false: TSI.rPA(cap)@AKg
07-02 17:05:27.796  1208  1496 I NearbySharing: There is no account metadata, return default instance.
07-02 17:05:27.797  1042  1042 I PhoneInterfaceManager: setVoiceServiceStateOverride: subId=1, phone=Handler (com.android.internal.telephony.GsmCdmaPhone) {34622b}, hasService=false, callingPackage=com.android.server.telecom
07-02 17:05:27.803  1042  1042 V SimultaneousCallingTracker: Received EVENT 101
07-02 17:05:27.804  1042  1042 D SimultaneousCallingTracker: Ignoring updatePhoneMapAndSimultaneousCallSupportMap since device is not DSDA capable.
07-02 17:05:27.814  1208  1496 I NearbySharing: Fast Initiation Scanning has stopped
07-02 17:05:27.814  1208  1496 I NearbySharing: Stopping FastInitiation scanning because Bluetooth is disabled.
07-02 17:05:27.819  1208  1496 I NearbySharing: Dismissing HUN as there's no device nearby.
07-02 17:05:27.833  5594  5594 D nativeloader: Load libframework-connectivity-tiramisu-jni.so using APEX ns com_android_tethering for caller /apex/com.android.tethering/javalib/framework-connectivity-t.jar: ok
07-02 17:05:27.869  1208  1496 I NearbySharing: Broadcasting NearbySharing state change.
07-02 17:05:27.887   524   552 I adbd    : jdwp connection from 5594
07-02 17:05:27.896  1208  1496 I NearbySharing: There is no account metadata, return default instance.
07-02 17:05:27.902  1208  2523 I NearbyDiscovery: (REDACTED) FastPairHandler: Received action %s
07-02 17:05:27.904  1208  1208 I MagicTether: [TetherService] Stopping Instant Hotspot feature. [CONTEXT service_id=276 ]
07-02 17:05:27.904  1208  1208 I MagicTether: (REDACTED) [HostTetherRole] enableProximityAuth: %s
07-02 17:05:27.914  2345  5604 I BugleDataModel: Scheduling country code detector action, because a subscription changed its state.
07-02 17:05:27.925  2345  2438 I ForwardSyncCache: reclaimMemory: Clearing caches
07-02 17:05:27.933  2345  2438 I BugleSpam: HadesBitmapStore: Purged 0 images during memory reclamation
07-02 17:05:27.938  5594  5594 D nativeloader: InitLlndkLibrariesProduct: libEGL.so:libGLESv1_CM.so:libGLESv2.so:libGLESv3.so:libRS.so:libandroid_net.so:libapexsupport.so:libavf.so:libbinder_ndk.so:libc.so:libcgrouprc.so:libclang_rt.asan-x86_64-android.so:libcom.android.tethering.connectivity_native.so:libdl.so:libft2.so:liblog.so:libm.so:libmediandk.so:libnativewindow.so:libneuralnetworks.so:libselinux.so:libsync.so:libvendorsupport.so:libvndksupport.so:libvulkan.so
07-02 17:05:27.938  5594  5594 D nativeloader: Configuring product-clns-7 for unbundled product apk /product/framework/com.google.android.dialer.support.jar. target_sdk_version=36, uses_libraries=ALL, library_path=/data/app/~~Va55MjUDFriBUPSAOo0EBw==/com.google.android.dialer-_rqT70m0LeZh_mZHju8UzQ==/lib/arm64:/data/app/~~Va55MjUDFriBUPSAOo0EBw==/com.google.android.dialer-_rqT70m0LeZh_mZHju8UzQ==/base.apk!/lib/arm64-v8a:/product/lib64:/system/product/lib64, permitted_path=/data:/mnt/expand:/data/user/0/com.google.android.dialer:/product/lib64:/system/product/lib64
07-02 17:05:27.950   658   851 D BackgroundInstallControlService: Package event received: 0
07-02 17:05:27.955  5594  5594 D nativeloader: InitVndkspLibrariesProduct: VNDK is deprecated with product
07-02 17:05:27.955  5594  5594 D ApplicationLoaders: Returning zygote-cached class loader: /system_ext/framework/androidx.window.extensions.jar
07-02 17:05:27.956  5594  5594 D ApplicationLoaders: Returning zygote-cached class loader: /system_ext/framework/androidx.window.sidecar.jar
07-02 17:05:27.956  5594  5594 D ApplicationLoaders: Returning zygote-cached class loader: /system/framework/org.apache.http.legacy.jar
07-02 17:05:27.966  1208  1208 I MagicTether: [TetherService] Stopping Nearby component. [CONTEXT service_id=276 ]
07-02 17:05:27.966  1208  1208 I MagicTether: [LaunchUtils] No accounts found for enabling Instant Wifi. [CONTEXT service_id=276 ]
07-02 17:05:27.967  1208  1208 I MagicTether: [HostTetherRole] Nearby host role already stopped [CONTEXT service_id=276 ]
07-02 17:05:27.969  1404  2317 I BugleRcsEngine: No RCS Configuration was found in Bugle for simID: redacted-pii:sim_id[chars:20,last3:897] [CONTEXT log_prefix="ProvisioningEngineDataRetriever" thread_id=62 ]
07-02 17:05:27.969   895   895 D GlobalActionsDialogLite: Service changed before actions created
07-02 17:05:27.969   895   895 D GlobalActionsDialogLite: Service changed before actions created
07-02 17:05:27.969  1208  1208 I MagicTether: [LaunchUtils] No accounts found for enabling Instant Wifi. [CONTEXT service_id=276 ]
07-02 17:05:27.970  1208  1208 I MagicTether: [TetherService] Stopping Nearby client role [CONTEXT service_id=276 ]
07-02 17:05:27.971  1208  1208 I MagicTether: [ClientTetherRole] Client role already stopped [CONTEXT service_id=276 ]
07-02 17:05:27.974  1208  2523 I NearbyDiscovery: (REDACTED) FastPairHandler: Received action %s
07-02 17:05:27.976   658   883 W ContextImpl: Calling a method in the system process without a qualified user: android.app.ContextImpl.sendBroadcastMultiplePermissions:1321 android.content.Context.sendBroadcastMultiplePermissions:2576 com.android.server.TelephonyRegistry.broadcastServiceStateChanged:4160 com.android.server.TelephonyRegistry.notifyServiceStateForPhoneId:1848 com.android.internal.telephony.ITelephonyRegistry$Stub.onTransact:613 
07-02 17:05:27.993  4067  4084 D WM-SystemJobScheduler: Cancelling work ID 65dcaddb-9087-4821-acdd-bf8c9c61877e, Job ID 190
07-02 17:05:27.993   658   883 W ContextImpl: Calling a method in the system process without a qualified user: android.app.ContextImpl.sendBroadcastMultiplePermissions:1354 com.android.server.TelephonyRegistry.broadcastServiceStateChanged:4165 com.android.server.TelephonyRegistry.notifyServiceStateForPhoneId:1848 com.android.internal.telephony.ITelephonyRegistry$Stub.onTransact:613 android.os.Binder.execTransactInternal:1414 
07-02 17:05:27.993  2345  5628 I RcsProvisioningFlow: Scheduling 3 using PWQ with updateTrigger: 2, scheduledAt: 2026-07-02T11:35:27.919Z, initialDelaySeconds: 0.
07-02 17:05:27.994  2345  2438 I BugleRestore: reclaimMemory: Clearing persistent caches
07-02 17:05:27.994  2345  5604 I BugleDataModel: Scheduling self participants refresh action, because a subscription changed its state.
07-02 17:05:27.997  1208  1458 I GoogleSignatureVerifier: package info is not set correctly
07-02 17:05:28.001  2345  2438 W Bugle   : TextClassifierLibManagerImpl: Reclaiming memory at level: 40
07-02 17:05:28.013  2345  5607 I .apps.messaging: AssetManager2(0x7a1b9a4e23f8) locale list changing from [] to [en-US]
07-02 17:05:28.015  2345  2438 I ForwardSyncCache: reclaimMemory: Clearing caches
07-02 17:05:28.015  2345  2438 I BugleSpam: HadesBitmapStore: Purged 0 images during memory reclamation
07-02 17:05:28.015  2345  2438 I BugleRestore: reclaimMemory: Clearing persistent caches
07-02 17:05:28.015  2345  2438 W Bugle   : TextClassifierLibManagerImpl: Reclaiming memory at level: 40
07-02 17:05:28.017  2345  2438 I ForwardSyncCache: reclaimMemory: Clearing caches
07-02 17:05:28.017  2345  2438 I BugleSpam: HadesBitmapStore: Purged 0 images during memory reclamation
07-02 17:05:28.018  2345  2438 I BugleRestore: reclaimMemory: Clearing persistent caches
07-02 17:05:28.018  2345  2438 W Bugle   : TextClassifierLibManagerImpl: Reclaiming memory at level: 40
07-02 17:05:28.018  2345  2438 I ForwardSyncCache: reclaimMemory: Clearing caches
07-02 17:05:28.018  2345  2438 I BugleSpam: HadesBitmapStore: Purged 0 images during memory reclamation
07-02 17:05:28.018  2345  2438 I BugleRestore: reclaimMemory: Clearing persistent caches
07-02 17:05:28.019  2345  2438 W Bugle   : TextClassifierLibManagerImpl: Reclaiming memory at level: 40
07-02 17:05:28.019  2345  2438 I ForwardSyncCache: reclaimMemory: Clearing caches
07-02 17:05:28.019  2345  2438 I BugleSpam: HadesBitmapStore: Purged 0 images during memory reclamation
07-02 17:05:28.019  2345  2438 I BugleRestore: reclaimMemory: Clearing persistent caches
07-02 17:05:28.020  2345  2438 W Bugle   : TextClassifierLibManagerImpl: Reclaiming memory at level: 40
07-02 17:05:28.020  2345  2438 I ForwardSyncCache: reclaimMemory: Clearing caches
07-02 17:05:28.020  2345  2438 I BugleSpam: HadesBitmapStore: Purged 0 images during memory reclamation
07-02 17:05:28.021  2345  2438 I BugleRestore: reclaimMemory: Clearing persistent caches
07-02 17:05:28.021  2345  2438 W Bugle   : TextClassifierLibManagerImpl: Reclaiming memory at level: 40
07-02 17:05:28.021  2345  5607 W Bugle   : BuglePhoneNumberUtils: canonicalizeMccMnc: invalid mccmnc. mcc: null, mnc: null
07-02 17:05:28.023  2345  2431 I BugleSpam: SBP: No network country code for subId 1
07-02 17:05:28.023  2345  2593 I BugleSpam: SBP: No network country code for subId 1
07-02 17:05:28.040   658   883 W ContextImpl: Calling a method in the system process without a qualified user: android.app.ContextImpl.sendBroadcastMultiplePermissions:1354 com.android.server.TelephonyRegistry.broadcastServiceStateChanged:4174 com.android.server.TelephonyRegistry.notifyServiceStateForPhoneId:1848 com.android.internal.telephony.ITelephonyRegistry$Stub.onTransact:613 android.os.Binder.execTransactInternal:1414 
07-02 17:05:28.052   658   883 W ContextImpl: Calling a method in the system process without a qualified user: android.app.ContextImpl.sendBroadcastMultiplePermissions:1354 com.android.server.TelephonyRegistry.broadcastServiceStateChanged:4180 com.android.server.TelephonyRegistry.notifyServiceStateForPhoneId:1848 com.android.internal.telephony.ITelephonyRegistry$Stub.onTransact:613 android.os.Binder.execTransactInternal:1414 
07-02 17:05:28.053  5594  5594 D nativeloader: Configuring clns-8 for other apk /data/app/~~Va55MjUDFriBUPSAOo0EBw==/com.google.android.dialer-_rqT70m0LeZh_mZHju8UzQ==/base.apk. target_sdk_version=36, uses_libraries=, library_path=/data/app/~~Va55MjUDFriBUPSAOo0EBw==/com.google.android.dialer-_rqT70m0LeZh_mZHju8UzQ==/lib/arm64:/data/app/~~Va55MjUDFriBUPSAOo0EBw==/com.google.android.dialer-_rqT70m0LeZh_mZHju8UzQ==/base.apk!/lib/arm64-v8a, permitted_path=/data:/mnt/expand:/data/user/0/com.google.android.dialer
07-02 17:05:28.055  1304  1500 I SP      : Sync for handwriting_recognition succeeded in 730 ms: no changes
07-02 17:05:28.062  1304  1500 I SP      : GC for 'handwriting_recognition' (10) with ttl of 0 ms took 4 ms (1/3/0)
07-02 17:05:28.066  1304  5630 I HandwritingOnlineSuperpacks: HandwritingOnlineSuperpacks.syncInternal():187 syncInternal(): syncing packs
07-02 17:05:28.066  1304  1500 I SuperpacksManagerImpl: SuperpacksManagerImpl$19.onSyncSuccess():947 handwriting_recognition.sync() succeeded
07-02 17:05:28.091  1304  5631 I HandwritingOnlineSuperpacks: HandwritingOnlineSuperpacks$2.onSyncSuccess():225 syncInternal(): complete {old=[en_us_20251103_compact_fst_zip, pack_mapping_v1_lstm_20260206, qrnn_en-US_reco_20251103_fst_20251103_recospec_zip, scribe_latin_20250829tfreco_recospec_zip, scribe_latin_20250829tfreco_tflite_zip, transformer_latin_conf_tflite_20251103_zip, transformer_latin_seg_tflite_20251103_zip, transformer_latin_tflite_20251103_zip], new=[en_us_20251103_compact_fst_zip, pack_mapping_v1_lstm_20260206, qrnn_en-US_reco_20251103_fst_20251103_recospec_zip, scribe_latin_20250829tfreco_recospec_zip, scribe_latin_20250829tfreco_tflite_zip, transformer_latin_conf_tflite_20251103_zip, transformer_latin_seg_tflite_20251103_zip, transformer_latin_tflite_20251103_zip], metadata=false, last batch=true}
07-02 17:05:28.095   658   752 I RoleService: Granting default roles...
07-02 17:05:28.099  1208  5633 I ProximityAuth: [PhoneHubService] Bluetooth state has changed. Calling startService.
07-02 17:05:28.116  1208  5598 I Nearby  : (REDACTED) is blocked device type %s, isAuto=%s, isIot=%s, isLatchsky=%s, isChinaWearable=%s, isTv=%s, isWearable=%s (supportWearOs=%s), isChromeOsDevice=%s (supportChromeOs=%s)
07-02 17:05:28.118   658   681 I system_server: AssetManager2(0x7a1b9a56ead8) locale list changing from [] to [en-US]
07-02 17:05:28.124  2345  2593 I BugleConnectivity: isOnSatellite(1): false [CONTEXT ratelimit_period="1 SECONDS" ]
07-02 17:05:28.127  1208  1915 I MagicTether: [TetherService] starting runnable [CONTEXT service_id=276 ]
07-02 17:05:28.128  1208  1915 I MagicTether: [TetherService] Bluetooth is disabled, stopping service. [CONTEXT service_id=276 ]
07-02 17:05:28.130  2345  2593 I BugleConnectivity: 1 is not on satellite and no other subscriptions are on satellite [CONTEXT ratelimit_period="1 SECONDS" ]
07-02 17:05:28.147  1304  5635 E HandwritingSuperpacksUtil: HandwritingSuperpacksUtil.getPackMappingPackName():42 No pack mapping pack found in []
07-02 17:05:28.147  1304  5635 I HandwritingSuperpacks: HandwritingSuperpacks.reloadCache():229 updatePackMappingsCache(): pack mapping pack unavailable [OFFLINE]
07-02 17:05:28.153   658  1694 D FileUtils: Rounded bytes from 2066776064 to 4000000000
07-02 17:05:28.161   658  3755 W SignedPackage: Package doesn't have required signing certificate: com.google.android.retaildemo
07-02 17:05:28.161   658  3755 E RoleControllerServiceImpl: Default/fallback role holder package doesn't qualify for the role, package: com.google.android.gms.supervision, role: android.app.role.SYSTEM_SUPERVISION
07-02 17:05:28.166   658  3755 W SignedPackage: Package doesn't have required signing certificate: com.google.android.apps.work.clouddpc
