07-02 17:05:13.712  1351  5525 D PickerNotificationSender: Sending a notification for merged album media update Videos
07-02 17:05:13.712  1351  5525 D PickerNotificationSender: Sending a notification for album media update Videos
07-02 17:05:13.713  1351  5525 I PickerSyncController: Paged sync successful. QueryArgs: Bundle[{android.provider.extra.PAGE_TOKEN=1782992112000|73, android.provider.extra.SYNC_GENERATION=212, android.provider.extra.PAGE_SIZE=1000}] Total Rows: 1
07-02 17:05:13.714  1351  5525 I PickerSyncController: Executing SyncRemove. isLocal: true. authority: com.android.providers.media.photopicker
07-02 17:05:13.714  1351  5525 D PickerSyncLockManager: Trying to acquire lock com.android.providers.media.photopicker.sync.CloseableReentrantLock@3ef3848[Unlocked]. Lock Name = CLOUD_PROVIDER_LOCK. Threads that may be waiting to acquire this lock = [] with timeout.
07-02 17:05:13.714  1351  5525 D CloseableReentrantLock: Successfully acquired lock com.android.providers.media.photopicker.sync.CloseableReentrantLock@3ef3848[Locked by thread pool-4-thread-2]. Lock Name = CLOUD_PROVIDER_LOCK. Threads that may be waiting to acquire this lock = []
07-02 17:05:13.714  1351  5525 D CloseableReentrantLock: Successfully released lock com.android.providers.media.photopicker.sync.CloseableReentrantLock@3ef3848[Unlocked]. Lock Name = CLOUD_PROVIDER_LOCK. Threads that may be waiting to acquire this lock = []
07-02 17:05:13.717  1351  5525 D PickerSyncLockManager: Trying to acquire lock com.android.providers.media.photopicker.sync.CloseableReentrantLock@3ef3848[Unlocked]. Lock Name = CLOUD_PROVIDER_LOCK. Threads that may be waiting to acquire this lock = [] with timeout.
07-02 17:05:13.717  1351  5525 D CloseableReentrantLock: Successfully acquired lock com.android.providers.media.photopicker.sync.CloseableReentrantLock@3ef3848[Locked by thread pool-4-thread-2]. Lock Name = CLOUD_PROVIDER_LOCK. Threads that may be waiting to acquire this lock = []
07-02 17:05:13.717  1351  5525 D PickerSyncController: Clearing next page token for key: local_provider:media_remove:resume
07-02 17:05:13.717  1351  5525 D CloseableReentrantLock: Successfully released lock com.android.providers.media.photopicker.sync.CloseableReentrantLock@3ef3848[Unlocked]. Lock Name = CLOUD_PROVIDER_LOCK. Threads that may be waiting to acquire this lock = []
07-02 17:05:13.717  1351  5525 D PickerNotificationSender: Sending a notification for media update
07-02 17:05:13.718  1351  5525 D PickerNotificationSender: Sending a notification for merged album media update Favorites
07-02 17:05:13.718  1351  5525 D PickerNotificationSender: Sending a notification for album media update Favorites
07-02 17:05:13.719  1351  5525 D PickerNotificationSender: Sending a notification for merged album media update Videos
07-02 17:05:13.719  1351  5525 D PickerNotificationSender: Sending a notification for album media update Videos
07-02 17:05:13.720  1351  5525 I PickerSyncController: Paged sync successful. QueryArgs: Bundle[{android.provider.extra.PAGE_TOKEN=1782992112000|73, android.provider.extra.SYNC_GENERATION=212, android.provider.extra.PAGE_SIZE=1000}] Total Rows: 0
07-02 17:05:13.721  1351  5525 I PickerSyncTracker: Marked sync future complete for work id: 0b6e4f92-4153-4768-8f62-9959ac6e4172. Future map: {}
07-02 17:05:13.721  1351  5525 I PSyncWorker: Completed picker proactive sync complete from local provider.
07-02 17:05:13.722  1351  1584 I WM-WorkerWrapper: Worker result SUCCESS for Work [ id=0b6e4f92-4153-4768-8f62-9959ac6e4172, tags={ com.android.providers.media.photopicker.sync.ProactiveSyncWorker } ]
07-02 17:05:13.724  1351  1351 D WM-Processor: Processor 0b6e4f92-4153-4768-8f62-9959ac6e4172 executed; reschedule = false
07-02 17:05:13.724  1351  1351 D WM-GreedyScheduler: Stopping tracking for WorkGenerationalId(workSpecId=0b6e4f92-4153-4768-8f62-9959ac6e4172, generation=0)
07-02 17:05:13.724  1351  1351 D WM-SystemJobService: 0b6e4f92-4153-4768-8f62-9959ac6e4172 executed on JobScheduler
07-02 17:05:13.727  1351  1584 D WM-GreedyScheduler: Cancelling work ID 0b6e4f92-4153-4768-8f62-9959ac6e4172
07-02 17:05:13.729  1351  1584 D WM-GreedyScheduler: Ignoring {WorkSpec: 5378af23-d85b-434a-b39e-d97251a16a51}. Requires device idle.
07-02 17:05:13.729  1351  1584 D WM-GreedyScheduler: Ignoring {WorkSpec: 94f9cf6c-224e-454a-adfa-74a76b62f182}. Requires device idle.
07-02 17:05:13.729  1351  1584 D WM-GreedyScheduler: Ignoring {WorkSpec: fb6c6621-00f1-45eb-be3c-f4956ec09ba6}. Requires device idle.
07-02 17:05:13.729  1351  1584 D WM-BrdcstRcvrCnstrntTrc: BatteryNotLowTracker: unregistering receiver
07-02 17:05:18.373   222  5459 I keystore2: system/security/keystore2/watchdog/src/lib.rs:377 - Watchdog thread idle -> terminating. Have a great day.
07-02 17:05:18.388   658   728 W IPCThreadState: Sending oneway calls to frozen process.
07-02 17:05:22.187   658   740 D OomAdjuster: Not killing cached processes
07-02 17:05:22.215   658   740 D ActivityManager: sync unfroze 3409 com.google.android.apps.photos for 6
07-02 17:05:22.246  3409  3482 W JobInfo : Requested important-while-foreground flag for job555000047 is ignored and takes no effect
07-02 17:05:22.249   658  1615 W ProcessStats: Tracking association SourceState{df1c7f3 system/1000 ImpBg #2286} whose proc state 6 is better than process ProcessState{d94a969 com.google.android.apps.photos/10165 pkg=com.google.android.apps.photos} proc state 15 (5 skipped)
07-02 17:05:22.265   658  1615 D ConnectivityService: requestNetwork for uid/pid:10165/3409 activeRequest: null callbackRequest: 198 [NetworkRequest [ REQUEST id=199, [ Capabilities: INTERNET&NOT_RESTRICTED&TRUSTED&NOT_VCN_MANAGED&NOT_BANDWIDTH_CONSTRAINED Uid: 10165 RequestorUid: 10165 RequestorPkg: com.google.android.apps.photos UnderlyingNetworks: Null] ]] callback flags: 0 order: 2147483647 isUidTracked: false declaredMethods: AVAIL|LOST|NC|BLK
07-02 17:05:22.267   658   795 D WifiNetworkFactory: got request NetworkRequest [ REQUEST id=199, [ Capabilities: INTERNET&NOT_RESTRICTED&TRUSTED&NOT_VCN_MANAGED&NOT_BANDWIDTH_CONSTRAINED Uid: 10165 RequestorUid: 10165 RequestorPkg: com.google.android.apps.photos UnderlyingNetworks: Null] ]
07-02 17:05:22.267   658   803 D ConnectivityService: NetReassign [199 : null ? 100] [c 0] [a 0] [i 1]
07-02 17:05:22.268   658   795 D UntrustedWifiNetworkFactory: got request NetworkRequest [ REQUEST id=199, [ Capabilities: INTERNET&NOT_RESTRICTED&TRUSTED&NOT_VCN_MANAGED&NOT_BANDWIDTH_CONSTRAINED Uid: 10165 RequestorUid: 10165 RequestorPkg: com.google.android.apps.photos UnderlyingNetworks: Null] ]
07-02 17:05:22.268   658   795 D OemPaidWifiNetworkFactory: got request NetworkRequest [ REQUEST id=199, [ Capabilities: INTERNET&NOT_RESTRICTED&TRUSTED&NOT_VCN_MANAGED&NOT_BANDWIDTH_CONSTRAINED Uid: 10165 RequestorUid: 10165 RequestorPkg: com.google.android.apps.photos UnderlyingNetworks: Null] ]
07-02 17:05:22.269   658   795 D MultiInternetWifiNetworkFactory: got request NetworkRequest [ REQUEST id=199, [ Capabilities: INTERNET&NOT_RESTRICTED&TRUSTED&NOT_VCN_MANAGED&NOT_BANDWIDTH_CONSTRAINED Uid: 10165 RequestorUid: 10165 RequestorPkg: com.google.android.apps.photos UnderlyingNetworks: Null] ]
07-02 17:05:22.285   658  1615 W JobScheduler: Job didn't exist in JobStore: e830644 #u0a165/1034 com.google.android.apps.photos/com.google.android.libraries.social.mediamonitor.MediaMonitorJobSchedulerService
07-02 17:05:22.290   658  1615 W UriGrantsManagerService: No permission grants found for com.google.android.apps.photos
07-02 17:05:22.290   658  1615 W UriGrantsManagerService: No permission grants found for com.google.android.apps.photos
07-02 17:05:22.471   658  1761 W JobInfo : Job 'com.google.android.apps.photos/com.google.android.libraries.social.async.BackgroundTaskJobService#1043' has a deadline with no functional constraints. The deadline won't improve job execution latency. Consider removing the deadline.
07-02 17:05:22.502   658   728 W UriGrantsManagerService: No permission grants found for com.google.android.apps.photos
07-02 17:05:22.503   658   728 W UriGrantsManagerService: No permission grants found for com.google.android.apps.photos
07-02 17:05:22.519  3409  5529 I XmpUtil : XMP parse: only JPEG file is supported
07-02 17:05:22.575   658  1107 W UriGrantsManagerService: No permission grants found for com.google.android.apps.photos
07-02 17:05:22.575   658  1107 W UriGrantsManagerService: No permission grants found for com.google.android.apps.photos
07-02 17:05:22.690   658   803 D InetDiagMessage: Destroyed 0 sockets, proto=IPPROTO_TCP, family=AF_INET, states=14
07-02 17:05:22.690   658   803 D InetDiagMessage: Destroyed 0 sockets, proto=IPPROTO_TCP, family=AF_INET6, states=14
07-02 17:05:22.691   658   803 D InetDiagMessage: Destroyed live tcp sockets for uids={10204} in 1ms
07-02 17:05:22.691   658   803 D InetDiagMessage: Destroyed 0 sockets, proto=IPPROTO_TCP, family=AF_INET, states=14
07-02 17:05:22.691   658   803 D InetDiagMessage: Destroyed 0 sockets, proto=IPPROTO_TCP, family=AF_INET6, states=14
07-02 17:05:22.691   658   803 D InetDiagMessage: Destroyed live tcp sockets for uids={20204} in 1ms
07-02 17:05:26.786   658   884 I UwbServiceImpl: Airplane mode change detected
07-02 17:05:26.786  1006  1006 D GsmCellBroadcastHandler: Airplane mode on.
07-02 17:05:26.788  1006  1006 D CellBroadcastHandler: Airplane mode on.
07-02 17:05:26.788   895   895 D SystemEventDataSource: onReceive: intentAction
07-02 17:05:26.791   658   884 D UwbServiceCore: setEnabled: falsecallingUid: 1000
07-02 17:05:26.792   658   884 I UwbServiceCore: Deinitialization start ...
07-02 17:05:26.794   895   895 D AvalancheProvider: broadcastReceiver: ignore airplane mode on
07-02 17:05:26.795   658   884 D UwbSessionManager: deinitAllSession()
07-02 17:05:26.797   895   967 E ServiceManager: error in isDeclared
07-02 17:05:26.797   895   967 E ServiceManager: java.lang.SecurityException: SELinux denied for service.
07-02 17:05:26.797   895   967 E ServiceManager: 	at android.os.Parcel.createExceptionOrNull(Parcel.java:3262)
07-02 17:05:26.797   895   967 E ServiceManager: 	at android.os.Parcel.createException(Parcel.java:3246)
07-02 17:05:26.797   895   967 E ServiceManager: 	at android.os.Parcel.readException(Parcel.java:3229)
07-02 17:05:26.797   895   967 E ServiceManager: 	at android.os.Parcel.readException(Parcel.java:3171)
07-02 17:05:26.797   895   967 E ServiceManager: 	at android.os.IServiceManager$Stub$Proxy.isDeclared(IServiceManager.java:656)
07-02 17:05:26.797   895   967 E ServiceManager: 	at android.os.ServiceManagerProxy.isDeclared(ServiceManagerNative.java:104)
07-02 17:05:26.797   895   967 E ServiceManager: 	at android.os.ServiceManager.isDeclared(ServiceManager.java:297)
07-02 17:05:26.797   895   967 E ServiceManager: 	at android.os.ServiceManager.waitForDeclaredService(ServiceManager.java:353)
07-02 17:05:26.797   895   967 E ServiceManager: 	at com.google.android.systemui.googlebattery.GoogleBatteryManager.initHalInterface(go/retraceme 7c11a09c836be3a930aeab493db1d6c9836e830c6bc645cd861adf7bca4e4468:16)
07-02 17:05:26.797   895   967 E ServiceManager: 	at com.google.android.systemui.power.batteryevent.repository.SystemEventDataSource$processIntent$2.invokeSuspend(go/retraceme 7c11a09c836be3a930aeab493db1d6c9836e830c6bc645cd861adf7bca4e4468:138)
07-02 17:05:26.797   895   967 E ServiceManager: 	at kotlin.coroutines.jvm.internal.BaseContinuationImpl.resumeWith(go/retraceme 7c11a09c836be3a930aeab493db1d6c9836e830c6bc645cd861adf7bca4e4468:8)
07-02 17:05:26.797   895   967 E ServiceManager: 	at kotlinx.coroutines.DispatchedTask.run(go/retraceme 7c11a09c836be3a930aeab493db1d6c9836e830c6bc645cd861adf7bca4e4468:109)
07-02 17:05:26.797   895   967 E ServiceManager: 	at java.util.concurrent.Executors$RunnableAdapter.call(Executors.java:524)
07-02 17:05:26.797   895   967 E ServiceManager: 	at java.util.concurrent.FutureTask.run(FutureTask.java:317)
07-02 17:05:26.797   895   967 E ServiceManager: 	at java.util.concurrent.ScheduledThreadPoolExecutor$ScheduledFutureTask.run(ScheduledThreadPoolExecutor.java:348)
07-02 17:05:26.797   895   967 E ServiceManager: 	at java.util.concurrent.ThreadPoolExecutor.runWorker(ThreadPoolExecutor.java:1156)
07-02 17:05:26.797   895   967 E ServiceManager: 	at java.util.concurrent.ThreadPoolExecutor$Worker.run(ThreadPoolExecutor.java:651)
07-02 17:05:26.797   895   967 E ServiceManager: 	at java.lang.Thread.run(Thread.java:1119)
07-02 17:05:26.798   895   967 D SystemEventDataSource: updatedEventData: SystemEventData(intentAction=android.intent.action.AIRPLANE_MODE, plugged=EventData(value=0), batteryScale=EventData(value=100), batteryLevel=EventData(value=100), chargingStatus=EventData(value=0), maxChargingCurrent=EventData(value=0), maxChargingVoltage=EventData(value=0), batteryStatus=EventData(value=4), halEventData=HalEventData(dockDefendStatus=EventData(value=0), tempDefendEventData=EventData(value=false), dwellDefendEventData=EventData(value=false)), settingsEventData=SettingsEventData(dockDefenderBypass=EventData(value=0), chargingLimitSettings=EventData(value=0), dndState=EventData(value=false), airplaneState=EventData(value=true)), frameworkApiEventData=FrameworkApiEventData(batterySaverState=EventData(value=false), extremeBatterySaverState=EventData(value=false)))
07-02 17:05:26.799   895   967 D ChargingLimitEventModule: validate()=false, chargingStatus=0
07-02 17:05:26.800   895   967 D DwellDefendBatteryModule: validate: false -> false
07-02 17:05:26.800   895   967 D TempDefendBatteryModule: validate: false -> false
07-02 17:05:26.800   895   967 D BatteryEventService: collect BatteryEvents: BatteryEvents(eventTypes=[NOT_CHARGING, AIRPLANE_ON], batteryLevel=100, pluggedType=0)
07-02 17:05:26.801   895   967 D BatteryEventService: notifyForBatteryEventsUpdate: BatteryEvents(eventTypes=[NOT_CHARGING, AIRPLANE_ON], batteryLevel=100, pluggedType=0)
07-02 17:05:26.801   895   967 D BatteryEventService: AIDL callback listeners count: 1
07-02 17:05:26.803   895   967 D BatteryEventService: aidlCallback: NOTIFICATION, events: []
07-02 17:05:26.803   895   967 D BatteryEventClient: [PowerNotificationWarningsGoogleImpl] onBatteryEventChanged: [], batteryLevel: 100
07-02 17:05:26.803   895   967 D PowerNotificationWarningsGoogleImpl: [onBatteryEventUpdate] []
07-02 17:05:26.803   895   967 D BatteryDefenderNotification: onNonDefenderEvent: charged: true
07-02 17:05:26.804   895   967 D DwellTempDefenderNotification: swipeNotificationByUser, postNotificationVisible:false->false
07-02 17:05:26.805   895   967 D BatteryEventService: notify AIDL callback to null, cost: 3 ms
07-02 17:05:26.805   895   967 I BatteryEventService: notify all AIDL callbacks, cost: 4 ms
07-02 17:05:26.805   895   967 D BatteryEventService: BatteryEventsListener (broadcast) count: 0
07-02 17:05:26.805   895   967 I BatteryEventService: notify all broadcast intent, cost: 0 ms
07-02 17:05:26.806  1042  1042 I PhoneGlobals: handleAirplaneModeChange: isAirplaneNewlyOn=true
07-02 17:05:26.809   658  1615 I Telecom : TelecomServiceImpl$1: isInEmergencyCall: false: TSI.iIEC@AJs
07-02 17:05:26.809   658   795 D WifiController: Airplane mode toggled
07-02 17:05:26.810   658   795 D WifiController: Wifi disabled on APM, disable wifi
07-02 17:05:26.811  1042  1042 I PhoneGlobals: Turning radio off - airplane
07-02 17:05:26.813   658   795 D WifiActiveModeWarden: Shutting down all mode managers
07-02 17:05:26.814   658   884 D uwb     : uwb_uci_jni_rust::uci_jni_android_new: Java_com_android_server_uwb_jni_NativeUwbManager_nativeDoDeinitialize: enter
07-02 17:05:26.822   658   795 D WifiClientModeManager[20711:wlan0]:  currentstate: ConnectModeState
07-02 17:05:26.826   895  1054 I WifiPickerTracker: Scanning stopped
07-02 17:05:26.830   658  1328 D uwb     : uwb_core::uci::uci_manager: Received cmd: CloseHal { force: true }
07-02 17:05:26.830   658  1328 D uwb     : uwb_core::uci::uci_manager: Force closing the UCI HAL
07-02 17:05:26.833   658   763 I BluetoothSystemServer: AirplaneModeListener: Legacy Mode: no override, turns OFF
07-02 17:05:26.840   525   525 D android.hardware.uwb: uwb_default_hal::uwb_chip: close
07-02 17:05:26.843   658   763 I BluetoothSystemServer: AirplaneModeListener: Trigger callback. previousMode=false, isOn=true, isOnOverrode=true, isMediaConnected=false
07-02 17:05:26.843  1042  1042 D SessionMetricsStats: setInitializationResult(11)
07-02 17:05:26.844  1042  1042 D SessionMetricsStats: setSatelliteTechnology(0)
07-02 17:05:26.844   658   763 D BluetoothSystemServer: BluetoothManagerService: delayModeChangedIfNeeded(onAirplaneModeChanged): state=ON Airplane.isOnOverrode=true Airplane.isOn=true isSatelliteModeOn()=false delayed=0ms
07-02 17:05:26.844   658   763 D BluetoothSystemServer: BluetoothManagerService: isBluetoothPersistedStateOn: 1
07-02 17:05:26.844   658   763 I BluetoothSystemServer: BluetoothServerProxy: setBluetoothPersistedState(2)
07-02 17:05:26.844  1042  1042 D SessionMetricsStats: setIsDemoMode(false)
07-02 17:05:26.844  1042  1042 D SessionMetricsStats: setCarrierId(-1)
07-02 17:05:26.844  1042  1042 D SessionMetricsStats: setIsNtnOnlyCarrier(false)
07-02 17:05:26.845   525   525 I BpBinder: onLastStrongRef automatically unlinking death recipients: android.hardware.uwb.IUwbClientCallback
07-02 17:05:26.846   658   795 D WifiClientModeManager[20711:wlan0]: IMS not registered over IWLAN for subId: 1
07-02 17:05:26.846   658   795 D WifiClientModeManager[20711:wlan0]: The target role change info null
07-02 17:05:26.846   658   795 D WifiClientModeManager[20711:wlan0]: Continue to stop wifi
07-02 17:05:26.846   658  1328 I BpBinder: onLastStrongRef automatically unlinking death recipients: android.hardware.uwb.IUwbChip
07-02 17:05:26.847   658   763 D BluetoothSystemServer: BluetoothManagerService: handleAirplaneModeChanged(true): mEnableExternal=true isPersistStateOn=true currentState=ON
07-02 17:05:26.848  1042  1042 D SessionMetricsStats: reportSessionMetrics: SessionParams(, satelliteServiceInitializationResult=11, TerminationResult=0, InitializationProcessingTimeMillis=0, TerminationProcessingTimeMillis=0, SessionDurationSec=0, CountOfOutgoingDatagramSuccess=0, CountOfOutgoingDatagramFailed=0, CountOfIncomingDatagramSuccess=0, CountOfIncomingDatagramFailed=0, IsDemoMode=false, MaxNtnSignalStrengthLevel=0, CarrierId=-1, CountOfSatelliteNotificationDisplayed0, CountOfAutoExitDueToScreenOff0, CountOfAutoExitDueToTnNetwork0, IsEmergency=false, IsNtnOnlyCarrier=false, MaxInactivityDurationSec=0)
07-02 17:05:26.849   525   530 D android.hardware.uwb: uwb_default_hal::uwb_chip:  <-- [64, 0, 0, 1, 0]
07-02 17:05:26.849   658   884 D uwb     : uwb_uci_jni_rust::uci_jni_android_new: Java_com_android_server_uwb_jni_NativeUwbManager_nativeDispatcherDestroy: enter
07-02 17:05:26.849   658  1327 D uwb     : uwb_core::uci::uci_manager: UciManager is about to drop.
07-02 17:05:26.850   658  1327 D uwb     : uwb_core::uci::pcapng_uci_logger_factory: UCI log: LogWriterActor dropping.
07-02 17:05:26.851   658  1332 D uwb     : uwb_core::uci::uci_manager_sync: NotificationDriver dropping.
07-02 17:05:26.852   658  1332 W uwb     : jni::wrapper::objects::global_ref: Dropping a GlobalRef in a detached thread. Fix your code if this message appears frequently (see the GlobalRef docs).
07-02 17:05:26.852   658  1332 W uwb     : jni::wrapper::objects::global_ref: Dropping a GlobalRef in a detached thread. Fix your code if this message appears frequently (see the GlobalRef docs).
07-02 17:05:26.852   658   763 D BluetoothSystemServer: ActiveLogs: 07-02 17:05:26.852 	Package [BluetoothSystemServer] requested to [Disable]. 	Reason is AIRPLANE_MODE
07-02 17:05:26.853   658   763 D BluetoothSystemServer: BluetoothManagerService: onToBleOn: Sending request
07-02 17:05:26.855   658   884 D uwb     : uwb_uci_jni_rust::uci_jni_android_new: The dispatcher is successfully destroyed.
07-02 17:05:26.855  1015  1015 I AdapterState: TURNING_OFF : entered 
07-02 17:05:26.856   658   884 I UwbServiceCore: Deinitialization success
07-02 17:05:26.856   658   884 I UwbServiceCore: updateDeviceState(): deviceState = OFF, current internal adapter state = 1
07-02 17:05:26.856   658   884 D UwbServiceCore: updateState(): state=0, chipId=default
07-02 17:05:26.856   658   884 D UwbServiceCore: chipIdToStateMap = {default=0}
07-02 17:05:26.856   658   884 D UwbServiceCore: notifyAdapterState(): adapterState = 0, reason = 3
07-02 17:05:26.857   658  1615 D BluetoothSystemServer: BluetoothManagerService: IBluetoothCallback.onBluetoothStateChange: prevState=ON newState=TURNING_OFF
07-02 17:05:26.857   658   763 D BluetoothSystemServer: BluetoothManagerService: broadcastIntentStateChange: action=BLE_STATE_CHANGED prevState=ON newState=TURNING_OFF
07-02 17:05:26.858   658   763 D BluetoothSystemServer: BluetoothManagerService: broadcastIntentStateChange: action=STATE_CHANGED prevState=ON newState=TURNING_OFF
07-02 17:05:26.862  1015  1179 I bt_btif_dm: system/btif/src/btif_dm.cc:2395 btif_dm_cancel_discovery: Cancel search
07-02 17:05:26.862   658   763 D BluetoothSystemServer: BluetoothManagerService: No support for AutoOn feature: Not creating a timer
07-02 17:05:26.862   658   763 D BluetoothSystemServer: BluetoothManagerService: MESSAGE_BLUETOOTH_STATE_CHANGE: prevState=ON newState=TURNING_OFF
07-02 17:05:26.863   658   763 D BluetoothSystemServer: BluetoothManagerService: bluetoothStateChangeHandler: Already in state TURNING_OFF
07-02 17:05:26.865   658   795 D WifiClientModeManager[20711:wlan0]: ConnectModeState.exit(): Stopping ClientModeImpl
07-02 17:05:26.869   525   530 D android.hardware.uwb: uwb_default_hal::uwb_chip:  <-- [96, 1, 0, 1, 1]
07-02 17:05:26.869   658   688 D ActivityManager: sync unfroze 3745 com.android.keychain for 10
07-02 17:05:26.869  1015  1179 I bt_bta_sd: system/bta/dm/bta_dm_device_search.cc:780 bta_dm_search_sm_execute: state:BTA_DM_SEARCH_IDLE, event:BTA_DM_API_SEARCH_CANCEL_EVT[0x1]
07-02 17:05:26.869  1015  1179 I bt_btif_core: system/btif/src/btif_core.cc:562 btif_set_scan_mode: set scan mode : 0
07-02 17:05:26.875   658   658 D BluetoothAdapter: isLeEnabled(): TURNING_OFF
07-02 17:05:26.880   895   895 D PowerNotificationWarningsGoogleImpl: onReceive: android.bluetooth.adapter.action.STATE_CHANGED
07-02 17:05:26.880   895   895 D IncompatibleChargerNotification: dispatchIntent: android.bluetooth.adapter.action.STATE_CHANGED
07-02 17:05:26.882   658   688 V GrammaticalInflectionUtils: AttributionSource: android.content.AttributionSource@824082f6 does not have READ_SYSTEM_GRAMMATICAL_GENDER permission.
07-02 17:05:26.887   658   658 D BluetoothAdapter: isLeEnabled(): TURNING_OFF
07-02 17:05:26.888   658  1615 W ContextImpl: Calling a method in the system process without a qualified user: android.app.ContextImpl.sendBroadcastMultiplePermissions:1354 android.content.Context.sendBroadcastMultiplePermissions:2522 android.content.Context.sendBroadcastMultiplePermissions:2510 com.android.server.TelephonyRegistry.broadcastDataConnectionStateChanged:4379 com.android.server.TelephonyRegistry.notifyDataConnectionForSubscriber:2321 
07-02 17:05:26.891  1015  1015 I A2dpService: Cleanup A2dp Service
07-02 17:05:26.894   441   441 D Zygote  : Forked child process 5550
07-02 17:05:26.895  1015  1015 I bluetooth-a2dp: system/btif/src/btif_av.cc:3668 btif_av_source_cleanup: 
07-02 17:05:26.895  1015  1179 I bluetooth-a2dp: system/btif/src/btif_av.cc:1162 Cleanup: 
07-02 17:05:26.897  1015  1015 I AvrcpTargetService: Cleanup AVRCP Target Service
07-02 17:05:26.898  1015  1015 I PlayerSettingsManager: getPlayerRepeatMode: no active player
07-02 17:05:26.898  1015  1015 I PlayerSettingsManager: getPlayerShuffleMode: no active player
07-02 17:05:26.898  1015  1015 I PlayerSettingsManager: updateRemoteDevice: STATE_REPEAT_OFF, STATE_SHUFFLE_OFF
07-02 17:05:26.898  1015  1179 I bluetooth-a2dp: system/btif/src/btif_av.cc:516 SetActivePeer: peer=00:00:00:00:00:00 active_peer=00:00:00:00:00:00
07-02 17:05:26.899   658   689 I ActivityManager: Start proc 5550:com.android.carrierdefaultapp/u0a116 for broadcast {com.android.carrierdefaultapp/com.android.carrierdefaultapp.CarrierDefaultBroadcastReceiver}
07-02 17:05:26.899  1015  1197 I bt_btif_queue: system/btif/src/btif_profile_queue.cc:130 queue_int_cleanup: UUID=110A
07-02 17:05:26.902  1015  1179 I bluetooth-a2dp: system/btif/src/btif_a2dp_source.cc:610 btif_a2dp_source_cleanup: state=STATE_OFF
07-02 17:05:26.902  1015  1179 I bluetooth-a2dp: system/btif/src/btif_a2dp_source.cc:573 btif_a2dp_source_shutdown: state=STATE_OFF
07-02 17:05:26.905   658   728 I WifiService: setWifiEnabled package=com.android.shell uid=2000 enable=false isPrivileged=true
07-02 17:05:26.905  1015  1015 I bluetooth: system/btif/avrcp/avrcp_service.cc:582 SendPlayerSettingsChanged: {attribute=PlayerAttribute::REPEAT : value=PlayerRepeatValue::OFF}, {attribute=PlayerAttribute::SHUFFLE : value=PlayerShuffleValue::OFF}
07-02 17:05:26.907  1015  1236 I bluetooth: system/common/message_loop_thread.cc:198 Run: message loop finished for thread bt_a2dp_source_worker_thread
07-02 17:05:26.909   463   873 I android.hardware.wifi-service: Adding interface handle for wlan0
07-02 17:05:26.911   463   873 W android.hardware.wifi-service: No active wlan interfaces in use! Using default
07-02 17:05:26.915   658  1694 W ContextImpl: Calling a method in the system process without a qualified user: android.app.ContextImpl.sendBroadcastMultiplePermissions:1354 android.content.Context.sendBroadcastMultiplePermissions:2522 android.content.Context.sendBroadcastMultiplePermissions:2510 com.android.server.TelephonyRegistry.broadcastDataConnectionStateChanged:4379 com.android.server.TelephonyRegistry.notifyDataConnectionForSubscriber:2321 
07-02 17:05:26.916  1015  1179 I bluetooth-a2dp: system/btif/src/btif_av.cc:3798 btif_av_source_execute_service: enable=false
07-02 17:05:26.917  1015  1015 I HeadsetService: Cleanup Headset Service
07-02 17:05:26.918  1015  1015 I BluetoothHeadsetServiceJni: android/app/jni/com_android_bluetooth_hfp.cpp:522 cleanupNative: Cleaning up Bluetooth Handsfree Interface
07-02 17:05:26.918  1015  1179 I bt_btif_storage: system/btif/src/btif_storage.cc:643 btif_storage_get_adapter_property: Service_mask=0x62500040
07-02 17:05:26.918  1015  1179 I bluetooth-a2dp: system/btif/src/btif_av.cc:1336 CleanupAllPeers: 
07-02 17:05:26.918  1015  1179 I bluetooth: system/btif/avrcp/avrcp_service.cc:459 Cleanup: AVRCP Target Service stopped
07-02 17:05:26.918  1015  1179 I bluetooth: system/profile/avrcp/avrcp_sdp_records.cc:86 RemoveRecord: Categories after removing the request_id 1 : 0x0 for service uuid 0x110c
07-02 17:05:26.918  1015  1179 I bluetooth: system/profile/avrcp/avrcp_sdp_records.cc:99 RemoveRecord: Removing the record for service uuid 0x110c
07-02 17:05:26.918  1015  1179 I bt_bta_dm: system/bta/dm/bta_dm_act.cc:1546 bta_dm_eir_update_uuid: EIR Removing UUID=0x110C from extended inquiry response
07-02 17:05:26.919  1015  1179 I bt_bta_dm: system/bta/dm/bta_dm_act.cc:1273 bta_dm_set_eir: Generating extended inquiry response packet EIR
07-02 17:05:26.919   658   803 D ConnectivityService: [101 CELLULAR] EVENT_NETWORK_INFO_CHANGED, going from CONNECTED to DISCONNECTED
07-02 17:05:26.920   658   803 D ConnectivityService: [101 CELLULAR] disconnected, was satisfying 12
07-02 17:05:26.922  1015  1015 I bt_btif_hf: system/btif/src/btif_hf.cc:1603 ExecuteService: service starts to: Shutdown
07-02 17:05:26.922  1015  1015 I bt_btif_storage: system/btif/src/btif_storage.cc:643 btif_storage_get_adapter_property: Service_mask=0x62500000
07-02 17:05:26.922  1015  1015 I BluetoothHeadsetServiceJni: android/app/jni/com_android_bluetooth_hfp.cpp:528 cleanupNative: Cleaning up Bluetooth Handsfree callback object
07-02 17:05:26.924  1015  1197 I bt_btif_queue: system/btif/src/btif_profile_queue.cc:130 queue_int_cleanup: UUID=111F
07-02 17:05:26.925  1015  1179 I bluetooth: system/profile/avrcp/avrcp_sdp_records.cc:86 RemoveRecord: Categories after removing the request_id 1 : 0x0 for service uuid 0x110e
07-02 17:05:26.925  1015  1179 I bluetooth: system/profile/avrcp/avrcp_sdp_records.cc:99 RemoveRecord: Removing the record for service uuid 0x110e
07-02 17:05:26.925  1015  1179 I bt_bta_dm: system/bta/dm/bta_dm_act.cc:1546 bta_dm_eir_update_uuid: EIR Removing UUID=0x110E from extended inquiry response
07-02 17:05:26.925  1015  1179 I bt_bta_dm: system/bta/dm/bta_dm_act.cc:1273 bta_dm_set_eir: Generating extended inquiry response packet EIR
07-02 17:05:26.925  1208  1625 I NearbyMediums: WifiNetwork setTelephonyIsDataConnected:false
07-02 17:05:26.930  1015  1179 I bluetooth-a2dp: system/bta/av/bta_av_aact.cc:854 bta_av_cleanup: peer 00:00:00:00:00:00
07-02 17:05:26.930  1015  1179 I bluetooth-a2dp: system/bta/av/bta_av_main.cc:372 SetAvdtpVersion: AVDTP version for 00:00:00:00:00:00 set to 0x0
07-02 17:05:26.933  1015  1179 I bluetooth-a2dp: system/bta/av/bta_av_aact.cc:854 bta_av_cleanup: peer 00:00:00:00:00:00
07-02 17:05:26.933  1015  1179 I bluetooth-a2dp: system/bta/av/bta_av_main.cc:372 SetAvdtpVersion: AVDTP version for 00:00:00:00:00:00 set to 0x0
07-02 17:05:26.933  1015  1179 I bluetooth-a2dp: system/bta/av/bta_av_aact.cc:854 bta_av_cleanup: peer 00:00:00:00:00:00
07-02 17:05:26.933  1015  1179 I bluetooth-a2dp: system/bta/av/bta_av_main.cc:372 SetAvdtpVersion: AVDTP version for 00:00:00:00:00:00 set to 0x0
07-02 17:05:26.933  1015  1179 I bluetooth-a2dp: system/bta/av/bta_av_aact.cc:854 bta_av_cleanup: peer 00:00:00:00:00:00
07-02 17:05:26.933  1015  1179 I bluetooth-a2dp: system/bta/av/bta_av_main.cc:372 SetAvdtpVersion: AVDTP version for 00:00:00:00:00:00 set to 0x0
07-02 17:05:26.933  1015  1179 I bluetooth-a2dp: system/bta/av/bta_av_aact.cc:854 bta_av_cleanup: peer 00:00:00:00:00:00
07-02 17:05:26.933  1015  1179 I bluetooth-a2dp: system/bta/av/bta_av_main.cc:372 SetAvdtpVersion: AVDTP version for 00:00:00:00:00:00 set to 0x0
07-02 17:05:26.933  1015  1179 I bluetooth-a2dp: system/bta/av/bta_av_aact.cc:854 bta_av_cleanup: peer 00:00:00:00:00:00
07-02 17:05:26.934  1015  1179 I bluetooth-a2dp: system/bta/av/bta_av_main.cc:372 SetAvdtpVersion: AVDTP version for 00:00:00:00:00:00 set to 0x0
07-02 17:05:26.934  1015  1179 I bt_bta_dm: system/bta/dm/bta_dm_act.cc:1546 bta_dm_eir_update_uuid: EIR Removing UUID=0x110A from extended inquiry response
07-02 17:05:26.934  1015  1179 I bt_bta_dm: system/bta/dm/bta_dm_act.cc:1273 bta_dm_set_eir: Generating extended inquiry response packet EIR
07-02 17:05:26.937  1015  1179 W bluetooth: system/profile/avrcp/avrcp_sdp_records.cc:77 RemoveRecord: Trying to remove request id: 0 that doesn't exist
07-02 17:05:26.941  1015  1179 I bt_port_api: system/stack/rfcomm/port_api.cc:353 RFCOMM_RemoveServer: handle=2
07-02 17:05:26.944  1015  1179 I bt_port_api: system/stack/rfcomm/port_api.cc:353 RFCOMM_RemoveServer: handle=3
07-02 17:05:26.944  1015  1179 I bt_bta_dm: system/bta/dm/bta_dm_act.cc:1546 bta_dm_eir_update_uuid: EIR Removing UUID=0x1112 from extended inquiry response
07-02 17:05:26.944  1015  1179 I bt_bta_dm: system/bta/dm/bta_dm_act.cc:1273 bta_dm_set_eir: Generating extended inquiry response packet EIR
07-02 17:05:26.944  1015  1179 I bt_bta_dm: system/bta/dm/bta_dm_act.cc:1546 bta_dm_eir_update_uuid: EIR Removing UUID=0x111F from extended inquiry response
07-02 17:05:26.944  1015  1179 I bt_bta_dm: system/bta/dm/bta_dm_act.cc:1273 bta_dm_set_eir: Generating extended inquiry response packet EIR
07-02 17:05:26.944  1015  1179 I bt_port_api: system/stack/rfcomm/port_api.cc:353 RFCOMM_RemoveServer: handle=4
07-02 17:05:26.945  1015  1179 I bt_port_api: system/stack/rfcomm/port_api.cc:353 RFCOMM_RemoveServer: handle=5
07-02 17:05:26.945  1015  1179 I bt_bta_dm: system/bta/dm/bta_dm_act.cc:1546 bta_dm_eir_update_uuid: EIR Removing UUID=0x1112 from extended inquiry response
07-02 17:05:26.945  1015  1179 I bt_bta_dm: system/bta/dm/bta_dm_act.cc:1273 bta_dm_set_eir: Generating extended inquiry response packet EIR
07-02 17:05:26.945  1015  1179 I bt_bta_dm: system/bta/dm/bta_dm_act.cc:1546 bta_dm_eir_update_uuid: EIR Removing UUID=0x111F from extended inquiry response
07-02 17:05:26.945  1015  1179 I bt_bta_dm: system/bta/dm/bta_dm_act.cc:1273 bta_dm_set_eir: Generating extended inquiry response packet EIR
07-02 17:05:26.945  1015  1179 I bt_port_api: system/stack/rfcomm/port_api.cc:353 RFCOMM_RemoveServer: handle=6
07-02 17:05:26.945  1015  1179 I bt_port_api: system/stack/rfcomm/port_api.cc:353 RFCOMM_RemoveServer: handle=7
07-02 17:05:26.945  1015  1179 I bt_bta_dm: system/bta/dm/bta_dm_act.cc:1546 bta_dm_eir_update_uuid: EIR Removing UUID=0x1112 from extended inquiry response
07-02 17:05:26.945  1015  1179 I bt_bta_dm: system/bta/dm/bta_dm_act.cc:1273 bta_dm_set_eir: Generating extended inquiry response packet EIR
07-02 17:05:26.945  1015  1179 I bt_bta_dm: system/bta/dm/bta_dm_act.cc:1546 bta_dm_eir_update_uuid: EIR Removing UUID=0x111F from extended inquiry response
07-02 17:05:26.946  1015  1179 I bt_bta_dm: system/bta/dm/bta_dm_act.cc:1273 bta_dm_set_eir: Generating extended inquiry response packet EIR
07-02 17:05:26.946  1015  1179 I bt_port_api: system/stack/rfcomm/port_api.cc:353 RFCOMM_RemoveServer: handle=8
07-02 17:05:26.944  5550  5550 I rrierdefaultapp: Using CollectorTypeCMC GC.
07-02 17:05:26.946  1015  1179 I bt_port_api: system/stack/rfcomm/port_api.cc:353 RFCOMM_RemoveServer: handle=9
07-02 17:05:26.946  1015  1179 I bt_bta_dm: system/bta/dm/bta_dm_act.cc:1546 bta_dm_eir_update_uuid: EIR Removing UUID=0x1112 from extended inquiry response
07-02 17:05:26.946  1015  1179 I bt_bta_dm: system/bta/dm/bta_dm_act.cc:1273 bta_dm_set_eir: Generating extended inquiry response packet EIR
07-02 17:05:26.947  5550  5550 W rrierdefaultapp: Unexpected CPU variant for x86: x86_64.
07-02 17:05:26.947  5550  5550 W rrierdefaultapp: Known variants: atom, sandybridge, silvermont, goldmont, goldmont-plus, goldmont-without-sha-xsaves, tremont, kabylake, alderlake, default
07-02 17:05:26.948  1015  1179 I bt_bta_dm: system/bta/dm/bta_dm_act.cc:1546 bta_dm_eir_update_uuid: EIR Removing UUID=0x111F from extended inquiry response
07-02 17:05:26.948  1015  1179 I bt_bta_dm: system/bta/dm/bta_dm_act.cc:1273 bta_dm_set_eir: Generating extended inquiry response packet EIR
07-02 17:05:26.948  1015  1179 I bt_port_api: system/stack/rfcomm/port_api.cc:353 RFCOMM_RemoveServer: handle=10
07-02 17:05:26.948  1015  1179 I bt_port_api: system/stack/rfcomm/port_api.cc:353 RFCOMM_RemoveServer: handle=11
07-02 17:05:26.948  1015  1179 I bt_bta_dm: system/bta/dm/bta_dm_act.cc:1546 bta_dm_eir_update_uuid: EIR Removing UUID=0x1112 from extended inquiry response
07-02 17:05:26.948  1015  1179 I bt_bta_dm: system/bta/dm/bta_dm_act.cc:1273 bta_dm_set_eir: Generating extended inquiry response packet EIR
07-02 17:05:26.948  1015  1179 I bt_bta_dm: system/bta/dm/bta_dm_act.cc:1546 bta_dm_eir_update_uuid: EIR Removing UUID=0x111F from extended inquiry response
07-02 17:05:26.948  1015  1179 I bt_bta_dm: system/bta/dm/bta_dm_act.cc:1273 bta_dm_set_eir: Generating extended inquiry response packet EIR
07-02 17:05:26.949  1015  1179 I bt_port_api: system/stack/rfcomm/port_api.cc:353 RFCOMM_RemoveServer: handle=12
07-02 17:05:26.949  1015  1179 I bt_port_api: system/stack/rfcomm/port_api.cc:353 RFCOMM_RemoveServer: handle=13
07-02 17:05:26.949  1015  1197 I bt_btif_hf: system/btif/src/btif_hf.cc:334 btif_hf_upstreams_evt: AG enable/disable event 30
07-02 17:05:26.951  5550  5550 E rrierdefaultapp: Not starting debugger since process cannot load the jdwp agent.
07-02 17:05:26.954   880   880 I wpa_supplicant: p2p-dev-wlan0: CTRL-EVENT-DSCP-POLICY clear_all
07-02 17:05:26.954   880   880 I wpa_supplicant: Deinit sm=0x783c7c81e1d0
07-02 17:05:26.959  5550  5550 D nativeloader: Load libframework-connectivity-tiramisu-jni.so using APEX ns com_android_tethering for caller /apex/com.android.tethering/javalib/framework-connectivity-t.jar: ok
07-02 17:05:26.963   880   880 I wpa_supplicant: p2p-dev-wlan0: CTRL-EVENT-DSCP-POLICY clear_all
07-02 17:05:26.963  1015  1015 I HeadsetPhoneState: stopListenForPhoneState(), no listener indicates nothing is listening
07-02 17:05:26.966   880   880 I wpa_supplicant: nl80211: deinit ifname=p2p-dev-wlan0 disabled_11b_rates=0
07-02 17:05:26.965   658   728 W IPCThreadState: Sending oneway calls to frozen process.
07-02 17:05:26.979  1015  1015 I HearingAidService: Cleanup HearingAid Service
07-02 17:05:26.982  1015  1179 I bluetooth: system/bta/hearing_aid/hearing_aid_audio_source.cc:399 Stop: Hearing Aid Source Close
07-02 17:05:26.984  1015  1015 I HidDeviceService: Cleanup HidDevice Service
07-02 17:05:26.985  1015  1179 I BTAudioHearingAidAIDL: system/audio_hal_interface/aidl/hearing_aid_software_encoding_aidl.cc:236 end_session: 
07-02 17:05:26.986  1015  1179 I BTAudioClientAIDL: system/audio_hal_interface/aidl/client_interface_aidl.cc:429 EndSession: session ended already
07-02 17:05:26.986  1015  1179 I bluetooth: system/bta/hearing_aid/hearing_aid_audio_source.cc:149 stop_audio_ticks: stopped
07-02 17:05:26.986  1015  1179 I BTAudioHearingAidAIDL: system/audio_hal_interface/aidl/hearing_aid_software_encoding_aidl.cc:204 cleanup: 
07-02 17:05:26.986  1015  1179 I BTAudioHearingAidAIDL: system/audio_hal_interface/aidl/hearing_aid_software_encoding_aidl.cc:236 end_session: 
07-02 17:05:26.986  1015  1179 I BTAudioClientAIDL: system/audio_hal_interface/aidl/client_interface_aidl.cc:429 EndSession: session ended already
07-02 17:05:26.986  1015  1197 E BluetoothAdapterService: Repeated wake lock release; aborting release: bluetooth_timer
07-02 17:05:26.988  1015  1015 I BluetoothHidDeviceServiceJni: android/app/jni/com_android_bluetooth_hid_device.cpp:195 cleanupNative: Cleaning up interface
07-02 17:05:26.988  1015  1015 I bt_btif_storage: system/btif/src/btif_storage.cc:643 btif_storage_get_adapter_property: Service_mask=0x22500000
07-02 17:05:26.988  1015  1015 I BluetoothHidDeviceServiceJni: android/app/jni/com_android_bluetooth_hid_device.cpp:201 cleanupNative: Cleaning up callback object
07-02 17:05:26.989  1015  1179 I bt_bta_sys_main: system/bta/sys/bta_sys_main.cc:80 bta_sys_event: Ignoring receipt of unregistered event id:BTA_ID_HD[20]
07-02 17:05:26.995  1015  1179 I gatt_api: system/stack/gatt/gatt_api.cc:1337 GATT_Deregister: gatt_if=45
07-02 17:05:26.996  1015  1179 I bluetooth-asha: system/bta/hearing_aid/hearing_aid.cc:2029 hearingaid_gattc_callback: 
07-02 17:05:26.996  1015  1015 I HidHostService: Cleanup HidHost Service
07-02 17:05:26.996  1015  1015 W BluetoothHidHostServiceJni: android/app/jni/com_android_bluetooth_hid_host.cpp:257 cleanupNative: Cleaning up Bluetooth HID Interface...
07-02 17:05:26.996  1015  1015 I bt_btif_storage: system/btif/src/btif_storage.cc:643 btif_storage_get_adapter_property: Service_mask=0x22400000
07-02 17:05:26.996  1015  1015 W BluetoothHidHostServiceJni: android/app/jni/com_android_bluetooth_hid_host.cpp:263 cleanupNative: Cleaning up Bluetooth GID callback object
07-02 17:05:26.997  1015  1179 I gatt_api: system/stack/gatt/gatt_api.cc:1337 GATT_Deregister: gatt_if=46
07-02 17:05:26.997   658  1697 W IPCThreadState: Sending oneway calls to frozen process.
07-02 17:05:26.999   895   895 D GlobalActionsDialogLite: Service changed before actions created
07-02 17:05:26.999   895   895 D GlobalActionsDialogLite: Service changed before actions created
07-02 17:05:27.000   658  1697 W ContextImpl: Calling a method in the system process without a qualified user: android.app.ContextImpl.sendBroadcastMultiplePermissions:1321 android.content.Context.sendBroadcastMultiplePermissions:2576 com.android.server.TelephonyRegistry.broadcastServiceStateChanged:4160 com.android.server.TelephonyRegistry.notifyServiceStateForPhoneId:1848 com.android.internal.telephony.ITelephonyRegistry$Stub.onTransact:613 
07-02 17:05:27.000  1015  1015 I BluetoothMapService: Cleanup BluetoothMap Service
07-02 17:05:27.002   658  1697 W ContextImpl: Calling a method in the system process without a qualified user: android.app.ContextImpl.sendBroadcastMultiplePermissions:1354 com.android.server.TelephonyRegistry.broadcastServiceStateChanged:4165 com.android.server.TelephonyRegistry.notifyServiceStateForPhoneId:1848 com.android.internal.telephony.ITelephonyRegistry$Stub.onTransact:613 android.os.Binder.execTransactInternal:1409 
07-02 17:05:27.004   658  1697 W ContextImpl: Calling a method in the system process without a qualified user: android.app.ContextImpl.sendBroadcastMultiplePermissions:1354 com.android.server.TelephonyRegistry.broadcastServiceStateChanged:4174 com.android.server.TelephonyRegistry.notifyServiceStateForPhoneId:1848 com.android.internal.telephony.ITelephonyRegistry$Stub.onTransact:613 android.os.Binder.execTransactInternal:1409 
07-02 17:05:27.006   658  1697 W ContextImpl: Calling a method in the system process without a qualified user: android.app.ContextImpl.sendBroadcastMultiplePermissions:1354 com.android.server.TelephonyRegistry.broadcastServiceStateChanged:4180 com.android.server.TelephonyRegistry.notifyServiceStateForPhoneId:1848 com.android.internal.telephony.ITelephonyRegistry$Stub.onTransact:613 android.os.Binder.execTransactInternal:1409 
07-02 17:05:27.008  1015  1252 I bt_btif_storage: system/btif/src/btif_storage.cc:643 btif_storage_get_adapter_property: Service_mask=0x20400000
07-02 17:05:27.012  1015  1229 I bt_btif_sock_rfcomm: system/btif/src/btif_sock_rfc.cc:542 cleanup_rfc_slot: disconnected from RFCOMM socket connections for device: 00:00:00:00:00:00, scn: 4, app_uid: 1002, slot_id: 1, socket_id: 0
07-02 17:05:27.012  1015  1229 I bluetooth: system/btif/src/btif_sock_l2cap.cc:254 btsock_l2cap_free_l: Disconnected L2CAP connection for device: 00:00:00:00:00:00, channel: 4097, app_uid: 1002, id: 1, is_le: false, socket_id: 0
07-02 17:05:27.012  1015  1229 I bluetooth: system/btif/src/btif_sock_l2cap.cc:284 btsock_l2cap_free_l: Application has already closed l2cap socket socket_id:1
07-02 17:05:27.012   658   803 W IPCThreadState: Sending oneway calls to frozen process.
07-02 17:05:27.015  1015  1179 I bt_port_api: system/stack/rfcomm/port_api.cc:353 RFCOMM_RemoveServer: handle=14
07-02 17:05:27.015  1015  1179 I bluetooth: system/btif/src/btif_sock_l2cap.cc:693 on_l2cap_close: Unable to find probably already closed l2cap socket with socket_id:1
07-02 17:05:27.022   658   688 D ActivityManager: sync unfroze 3537 com.google.android.cellbroadcastreceiver for 3
07-02 17:05:27.044  5550  5550 D nativeloader: Configuring clns-shared-7 for other apk /system/app/CarrierDefaultApp/CarrierDefaultApp.apk. target_sdk_version=36, uses_libraries=, library_path=/system/app/CarrierDefaultApp/lib/x86_64:/system/lib64:/system_ext/lib64, permitted_path=/data:/mnt/expand:/data/user/0/com.android.carrierdefaultapp:/system/app/CarrierDefaultApp:/system/lib64:/system_ext/lib64
07-02 17:05:27.045  1015  1015 I BluetoothMcpService: Cleanup Mcp Service
07-02 17:05:27.049  1006  1119 D IpClient/wlan0: interfaceLinkStateChanged: ifindex 16 down
07-02 17:05:27.050   658   893 D NetworkStatsObservers: Unregistering RequestInfo from pid/uid:658/1000(android) for DataUsageRequest [ requestId=3, networkTemplate=NetworkTemplate: matchRule=MOBILE, matchSubscriberIds=[310260...], matchWifiNetworkKeys=[], metered=YES, defaultNetwork=NO, thresholdInBytes=8947848 ] accessLevel:3
07-02 17:05:27.052  5550  5550 I rrierdefaultapp: AssetManager2(0x7a1b9a4d5bf8) locale list changing from [] to [en-US]
07-02 17:05:27.057   658   884 D UwbCountryCode: Telephony Country code changed to: 
07-02 17:05:27.057   658   884 D UwbCountryCode: Set telephony country code to: , last country code to: us for slotIdx: 0
07-02 17:05:27.057   658   884 D UwbCountryCode: Received empty telephony country code
07-02 17:05:27.057   658   884 I UwbCountryCode: Ignoring already set country code: US
07-02 17:05:27.057  5550  5550 V GraphicsEnvironment: Currently set values for:
07-02 17:05:27.057  5550  5550 V GraphicsEnvironment:   angle_gl_driver_selection_pkgs=[]
07-02 17:05:27.057  5550  5550 V GraphicsEnvironment:   angle_gl_driver_selection_values=[]
07-02 17:05:27.057  5550  5550 V GraphicsEnvironment: com.android.carrierdefaultapp is not listed in per-application setting
07-02 17:05:27.057  5550  5550 V GraphicsEnvironment: ANGLE allowlist from config: 
07-02 17:05:27.057  5550  5550 V GraphicsEnvironment: com.android.carrierdefaultapp is not listed in ANGLE allowlist or settings, returning default
07-02 17:05:27.057  5550  5550 V GraphicsEnvironment: Neither updatable production driver nor prerelease driver is supported.
07-02 17:05:27.057   880   880 I wpa_supplicant: nl80211: send_event_marker failed: Source based routing not supported
07-02 17:05:27.058   880   880 I wpa_supplicant: wlan0: CTRL-EVENT-DISCONNECTED bssid=00:13:10:85:fe:01 reason=3 locally_generated=1
07-02 17:05:27.060   658   976 W EmergencyAffordanceService: Ignore empty countryIso report when APM is on.
07-02 17:05:27.061   658  1619 D MediaSessionService: The MediaKeyEventSessionChangedListener (android.os.BinderProxy@37f8156) is removed by com.google.android.bluetooth
07-02 17:05:27.064   576   576 I wificond: Regulatory domain changed to country: 00 on wiphy_index: 1
07-02 17:05:27.064   576   576 I wificond: UpdateBandInfo
07-02 17:05:27.065   880   880 I wpa_supplicant: assoc key_mgmt 0x4 network key_mgmt 0x4
07-02 17:05:27.066   658  1619 D WifiNl80211Manager: OnRegDomainChanged 00
07-02 17:05:27.066   658  1619 D WifiNative: onCountryCodeChanged: 00
07-02 17:05:27.066   880   880 I wpa_supplicant: wlan0: CTRL-EVENT-DSCP-POLICY clear_all
07-02 17:05:27.068   658  1619 I WifiCountryCode: Receive onDriverCountryCodeChanged 00
07-02 17:05:27.070   658   658 V ThreadNetwork: [CountryCode] VERBOSE Set telephony country code to: , last country code to: us for slotIndex: 0
07-02 17:05:27.070   658   658 I ThreadNetwork: [CountryCode] Set country code: CountryCodeInfo{ mCountryCode: US, mSource: Wifi, mUpdatedTimestamp: 2026-07-02T11:27:40.399209Z}
07-02 17:05:27.073   576   576 I wificond: 2.4Ghz frequencies: 2412 2417 2422 2427 2432 2437 2442 2447 2452 2457 2462 2467 2472 2484
07-02 17:05:27.073   576   576 I wificond: 5Ghz non-DFS frequencies:
07-02 17:05:27.073   576   576 I wificond: 5Ghz DFS frequencies: 5180 5200 5220 5240 5260 5280 5300 5320 5500 5520 5540 5560 5580 5600 5620 5640 5660 5680 5700 5745 5765 5785 5805 5825
07-02 17:05:27.073   576   576 I wificond: 6Ghz frequencies:
07-02 17:05:27.073   576   576 I wificond: 60Ghz frequencies:
07-02 17:05:27.074   658  1615 W IPCThreadState: Sending oneway calls to frozen process.
07-02 17:05:27.075   895   895 D GlobalActionsDialogLite: Service changed before actions created
07-02 17:05:27.075   895   895 D GlobalActionsDialogLite: Service changed before actions created
07-02 17:05:27.076  3537  3537 D CellBroadcastReceiver: onReceive Intent { act=android.intent.action.SERVICE_STATE flg=0x1000010 xflg=0x4 cmp=com.google.android.cellbroadcastreceiver/com.android.cellbroadcastreceiver.CellBroadcastReceiver (has extras) }
07-02 17:05:27.075   658  1615 W ContextImpl: Calling a method in the system process without a qualified user: android.app.ContextImpl.sendBroadcastMultiplePermissions:1321 android.content.Context.sendBroadcastMultiplePermissions:2576 com.android.server.TelephonyRegistry.broadcastServiceStateChanged:4160 com.android.server.TelephonyRegistry.notifyServiceStateForPhoneId:1848 com.android.internal.telephony.ITelephonyRegistry$Stub.onTransact:613 
07-02 17:05:27.080   880   880 I BpBinder: onLastStrongRef automatically unlinking death recipients: android.hardware.wifi.supplicant.ISupplicantStaNetworkCallback
07-02 17:05:27.080   880   880 I wpa_supplicant: Deinit sm=0x783c7c81fa50
07-02 17:05:27.080   658   687 W IPCThreadState: Sending oneway calls to frozen process.
07-02 17:05:27.084  1015  1179 E gatt_api: system/stack/gatt/gatt_api.cc:363 is_active_service: Active Service Found: 00001849-0000-1000-8000-00805f9b34fb
07-02 17:05:27.084  1015  1179 I gatt_api: system/stack/gatt/gatt_api.cc:430 GATTS_StopService: service = 0x28
07-02 17:05:27.084  1015  1179 I bluetooth: system/stack/gatt/gatt_sr_hash.cc:126 gatts_calculate_database_hash: hash=847A41AC9E8CFB7486E624707B38E540
07-02 17:05:27.085   658  1615 W ContextImpl: Calling a method in the system process without a qualified user: android.app.ContextImpl.sendBroadcastMultiplePermissions:1354 com.android.server.TelephonyRegistry.broadcastServiceStateChanged:4165 com.android.server.TelephonyRegistry.notifyServiceStateForPhoneId:1848 com.android.internal.telephony.ITelephonyRegistry$Stub.onTransact:613 android.os.Binder.execTransactInternal:1409 
07-02 17:05:27.085  5550  5550 D CarrierDefaultBroadcastReceiver: onReceive intent: android.telephony.action.CARRIER_SIGNAL_RESET
07-02 17:05:27.085   658   851 D BackgroundInstallControlService: Package event received: 0
07-02 17:05:27.086  1015  1179 E bluetooth: system/bta/gatt/bta_gatts_main.cc:93 bta_gatts_hdl_event: can't delete service - no srvc_cb found
07-02 17:05:27.088   658  1615 W ContextImpl: Calling a method in the system process without a qualified user: android.app.ContextImpl.sendBroadcastMultiplePermissions:1354 com.android.server.TelephonyRegistry.broadcastServiceStateChanged:4174 com.android.server.TelephonyRegistry.notifyServiceStateForPhoneId:1848 com.android.internal.telephony.ITelephonyRegistry$Stub.onTransact:613 android.os.Binder.execTransactInternal:1409 
